W/Settings(21932): Setting android_id has moved from android.provider.Settings.System to android.provider.Settings.Secure, returning read-only value.

W/Settings(21932): Setting android_id has moved from android.provider.Settings.System to android.provider.Settings.Secure, returning read-only value.

W/Settings(21932): Setting android_id has moved from android.provider.Settings.System to android.provider.Settings.Secure, returning read-only value.

W/Settings(21932): Setting android_id has moved from android.provider.Settings.System to android.provider.Settings.Secure, returning read-only value.

W/Settings(21932): Setting android_id has moved from android.provider.Settings.System to android.provider.Settings.Secure, returning read-only value.

I/HwSystemManager( 3478): HoldService:preHoldShow start!

I/HwSystemManager( 3478): HoldService:The prePermissionType is: 1

E/JD_ZY   (21932): current network type: wifi

I/HwSystemManager( 3478): HoldService:preHoldShow start!

I/HwSystemManager( 3478): HoldService:The prePermissionType is: 1

E/JD_ZY   (21932): resume update service

W/Settings(21945): Setting android_id has moved from android.provider.Settings.System to android.provider.Settings.Secure, returning read-only value.

I/HwSystemManager( 3478): HoldService:preHoldShow start!

I/HwSystemManager( 3478): HoldService:The prePermissionType is: 1

W/Settings(21945): Setting android_id has moved from android.provider.Settings.System to android.provider.Settings.Secure, returning read-only value.

W/Settings(21945): Setting android_id has moved from android.provider.Settings.System to android.provider.Settings.Secure, returning read-only value.

I/HwSystemManager( 3478): HoldService:preHoldShow start!

W/Settings(21945): Setting android_id has moved from android.provider.Settings.System to android.provider.Settings.Secure, returning read-only value.

I/HwSystemManager( 3478): HoldService:The prePermissionType is: 1

W/Settings(21945): Setting android_id has moved from android.provider.Settings.System to android.provider.Settings.Secure, returning read-only value.

E/JD_ZY   (21945): current network type: wifi

E/JD_ZY   (21945): resume update service

I/HwSystemManager( 3478): HoldService:preHoldShow start!

I/HwSystemManager( 3478): HoldService:The prePermissionType is: 1

I/HwSystemManager( 3478): HoldService:preHoldShow start!

I/HwSystemManager( 3478): HoldService:The prePermissionType is: 1

I/HwSystemManager( 3478): HoldService:preHoldShow start!

I/HwSystemManager( 3478): HoldService:The prePermissionType is: 1

I/HwSystemManager( 3478): HoldService:preHoldShow start!

I/HwSystemManager( 3478): HoldService:The prePermissionType is: 1

I/HwSystemManager( 3478): HoldService:preHoldShow start!

I/HwSystemManager( 3478): HoldService:The prePermissionType is: 1

I/MobJaAgent(21932): Response from online config data result: {"appkey":"20095","isvalid":true,"sendlog":{"time":30,"send":"timesend"}}

I/HwSystemManager( 3478): HoldService:preHoldShow start!

I/HwSystemManager( 3478): HoldService:The prePermissionType is: 1

I/MobJaAgent(21945): Response from online config data result: {"appkey":"20095","isvalid":true,"sendlog":{"time":30,"send":"timesend"}}

I/HwSystemManager( 3478): HoldService:preHoldShow start!

I/HwSystemManager( 3478): HoldService:The prePermissionType is: 1

I/MobJaAgent(21932): Request to real time data result: 

I/MobJaAgent(21945): Request to real time data result: 

I/wpa_supplicant(15598): wlan0: HEART-BEAT-ACK: 575

E/Thermal-daemon( 2418): [flash_led] temp_new :33  temp_old :32

E/Thermal-daemon( 2418): [ap] temp_new :38  temp_old :37

E/Thermal-daemon( 2418): Report temperature: [ap] temp :38  report_threshold:1

E/Thermal-daemon( 2418): [ap] temp_new :37  temp_old :38

E/Thermal-daemon( 2418): Report temperature: [ap] temp :37  report_threshold:1

E/Thermal-daemon( 2418): [charger] temp_new :34  temp_old :33

I/wpa_supplicant(15598): wlan0: HEART-BEAT-ACK: 576

E/Thermal-daemon( 2418): [ap] temp_new :36  temp_old :37

E/Thermal-daemon( 2418): Report temperature: [ap] temp :36  report_threshold:1

E/Thermal-daemon( 2418): [flash_led] temp_new :32  temp_old :33

E/CommandListener( 2405): readDefRoute call readDefRoute

E/SecondaryTablController( 2405): isWifiDefaultRouteExisted /system/bin/ip route

E/CommandListener( 2405): readDefRoute Rsp ok

I/CloudGallaryService(16588): [CGCommonStatusReceiver[v1.1.8]]: CGCommonStatusReceiver,action-->android.intent.action.BATTERY_CHANGED

I/CloudGallaryService(16588): [ReceiverManager[v1.1.8]]: ReceiverManager,action-->android.intent.action.BATTERY_CHANGED

I/CloudGallaryService(16588): [IProcessor[v1.1.8]]: state is not change ，not call service!

I/CloudGallaryService(16588): [CGCommonStatusReceiver[v1.1.8]]: CGCommonStatusReceiver,action-->android.intent.action.BATTERY_CHANGED

I/CloudGallaryService(16588): [ReceiverManager[v1.1.8]]: ReceiverManager,action-->android.intent.action.BATTERY_CHANGED

I/CloudGallaryService(16588): [IProcessor[v1.1.8]]: state is not change ，not call service!

I/wpa_supplicant(15598): wlan0: HEART-BEAT-ACK: 577

E/Thermal-daemon( 2418): [ap] temp_new :35  temp_old :36

E/Thermal-daemon( 2418): Report temperature: [ap] temp :35  report_threshold:1

I/wpa_supplicant(15598): wlan0: HEART-BEAT-ACK: 578

I/K3V3CpuGovernorPolicy( 3266): close previously scene Hmp policy : 300 , 150

I/HwLauncher( 3310): PagedView snapToPage.getChildOffset(): 1440

I/HwLauncher( 3310): PagedView snapToPageWithVelocity.getRelativeChildOffset(): 720, 720

I/K3V3CpuGovernorPolicy( 3266): set scene Hmp policy : 300 , 150

E/Thermal-daemon( 2418): [pa_0] temp_new :33  temp_old :34

I/HwLauncher( 3310): ClockDynamicUpdater date changed!!!!!!

I/HwLauncher( 3310): DynamicIconData , getDrawableForDynamic begin, pkg = com.android.deskclock, picName = deskclock_bg

I/HwLauncher( 3310): DynamicIconData , getDrawableForDynamic end, pkg = com.android.deskclock, picName = deskclock_bg

I/HwLauncher( 3310): DynamicIconData , getDrawableForDynamic begin, pkg = com.android.deskclock, picName = deskclock_bg

I/HwLauncher( 3310): DynamicIconData , getDrawableForDynamic end, pkg = com.android.deskclock, picName = deskclock_bg

I/HwLauncher( 3310): Launcher.Utilities createIconBitmap sourceWidth = 120sourceHeight = 120

I/HwLauncher( 3310): ClockDynamicUpdater calender update folder at CalenderDynamicUpdater

I/HwLauncher( 3310): DynamicUpdater call updateFolder

I/HwLauncher( 3310): ClockDynamicUpdater Calender update and call updateFolder

I/HwLauncher( 3310): CalenderDynamicUpdater date changed!!!!!!

I/HwLauncher( 3310): CalenderDynamicUpdater Calender update and call updateFolder

I/CalendarProvider2(22036): Sending notification intent: Intent { act=android.intent.action.PROVIDER_CHANGED dat=content://com.android.calendar }

W/ContentResolver(22036): Failed to get type for: content://com.android.calendar (Unknown URL content://com.android.calendar)

I/CalendarSimpleUiPRovider(16477): onReceive[intent]Intent { act=android.intent.action.PROVIDER_CHANGED dat=content://com.android.calendar flg=0x10 cmp=com.android.calendar/.simpleui.CalendarSimpleUiPRovider }

I/CalendarSimpleUiPRovider(16477): onConfigurationChanged

I/CalendarSimpleUiPRovider(16477): initParams20150120T133001Asia/Shanghai(2,19,28800,0,1421731801)

I/CalendarSimpleUiPRovider(16477): loadEvent end update UI0

W/ResponseProcessCookies(12137): Invalid cookie header: "Set-Cookie: BAIDUID=E016B366FF495DA8BACB3BB29692D259:FG=1; max-age=31536000; expires=Wed, 20-Jan-16 05:30:00 GMT; domain=.baidu.com; path=/; version=1". Unable to parse expires attribute: Wed

W/ResponseProcessCookies(12137): Invalid cookie header: "Set-Cookie: BAIDUID=E016B366FF495DA8F4A565637D98B4AC:FG=1; expires=Wed, 20-Jan-16 05:30:00 GMT; max-age=31536000; path=/; domain=.baidu.com; version=1". Unable to parse expires attribute: Wed

W/ResponseProcessCookies(12137): Invalid cookie header: "Set-Cookie: BAIDUID=57DFCC17BC1097BE8C5AEF9522765B6C:FG=1; expires=Wed, 20-Jan-16 05:30:00 GMT; max-age=31536000; path=/; domain=.baidu.com; version=1". Unable to parse expires attribute: Wed

W/ResponseProcessCookies(12137): Invalid cookie header: "Set-Cookie: BAIDUID=E016B366FF495DA81CCD3240A8F3DADE:FG=1; max-age=31536000; expires=Wed, 20-Jan-16 05:30:00 GMT; domain=.baidu.com; path=/; version=1". Unable to parse expires attribute: Wed

W/ResponseProcessCookies(12137): Invalid cookie header: "Set-Cookie: BAIDUID=E016B366FF495DA8586324E8BABB7D37:FG=1; expires=Wed, 20-Jan-16 05:30:00 GMT; max-age=31536000; path=/; domain=.baidu.com; version=1". Unable to parse expires attribute: Wed

W/ResponseProcessCookies(12137): Invalid cookie header: "Set-Cookie: BAIDUID=08C6CB3C481AD9970709FFD0BDD9911C:FG=1; expires=Wed, 20-Jan-16 05:30:00 GMT; max-age=31536000; path=/; domain=.baidu.com; version=1". Unable to parse expires attribute: Wed

E/Thermal-daemon( 2418): [pa_0] temp_new :34  temp_old :33

E/CommandListener( 2405): readDefRoute call readDefRoute

E/SecondaryTablController( 2405): isWifiDefaultRouteExisted /system/bin/ip route

E/CommandListener( 2405): readDefRoute Rsp ok

I/CloudGallaryService(16588): [CGCommonStatusReceiver[v1.1.8]]: CGCommonStatusReceiver,action-->android.intent.action.BATTERY_CHANGED

I/CloudGallaryService(16588): [ReceiverManager[v1.1.8]]: ReceiverManager,action-->android.intent.action.BATTERY_CHANGED

I/CloudGallaryService(16588): [IProcessor[v1.1.8]]: state is not change ，not call service!

I/wpa_supplicant(15598): wlan0: HEART-BEAT-ACK: 579

E/Thermal-daemon( 2418): [pa_0] temp_new :33  temp_old :34

E/Thermal-daemon( 2418): [charger] temp_new :33  temp_old :34

I/wpa_supplicant(15598): wlan0: HEART-BEAT-ACK: 580

E/android_hardware_fm.cpp(22085): register_android_hardware_fm_fmradio

E/FM_HAL  (22085): [FM_HAL], fm_dynamic_lib is libbcmfm_if

E/FM_HAL  (22085): [FM_HAL], libname is libbcmfm_if

E/fm_if.c (22085): find the id:libbcmfm_if and begins to open the devices

E/android_hardware_fm.cpp(22085): register_android_hardware_fm_fmradio, ret is 0

E/        (22085): ProtocolErrorLog wangkang test!!

E/android_hardware_fm.cpp(22104): register_android_hardware_fm_fmradio

E/FM_HAL  (22104): [FM_HAL], fm_dynamic_lib is libbcmfm_if

E/FM_HAL  (22104): [FM_HAL], libname is libbcmfm_if

E/fm_if.c (22104): find the id:libbcmfm_if and begins to open the devices

E/android_hardware_fm.cpp(22104): register_android_hardware_fm_fmradio, ret is 0

E/        (22104): ProtocolErrorLog wangkang test!!

E/android_hardware_fm.cpp(22128): register_android_hardware_fm_fmradio

E/FM_HAL  (22128): [FM_HAL], fm_dynamic_lib is libbcmfm_if

E/FM_HAL  (22128): [FM_HAL], libname is libbcmfm_if

E/fm_if.c (22128): find the id:libbcmfm_if and begins to open the devices

E/android_hardware_fm.cpp(22128): register_android_hardware_fm_fmradio, ret is 0

E/        (22128): ProtocolErrorLog wangkang test!!

I/PackageManager( 2929): Running dexopt on: air.com.zzf.brush

I/HwLauncher( 3310): Model  onReceive intent=Intent { act=android.intent.action.PACKAGE_ADDED dat=package:air.com.zzf.brush flg=0x4000010 (has extras) }

I/HwLauncher( 3310): Model isStk =false replacing = false package = air.com.zzf.brush

I/HwLauncher( 3310): MutilSelectedIconsonPreHandleUpdatedTask : mIsInMutilSelectMode = false task = 1 packages = [air.com.zzf.brush]

I/HwLauncher( 3310): SimpleLauncherModeaction= android.intent.action.PACKAGE_ADDEDpackageName = air.com.zzf.brush

W/HwLauncher( 3310): SimpleLauncherMode onReceive : It's normal Launcher now, do not handle add packages

I/HwLauncher( 3310): Model mAllAppsList.addPackage air.com.zzf.brush

I/HwSystemManager( 3478): HsmPackageManager:Receive intent:Intent { act=android.intent.action.PACKAGE_ADDED dat=package:air.com.zzf.brush flg=0x4000010 (has extras) }

I/HwSystemManager( 3478): HsmPackageManager:replacing:false

I/HwSystemManager( 3478): HsmPackageManager:pkgName:air.com.zzf.brush

I/ApplicationsProvider( 8355): sendGCMsg()

I/HwSystemManager( 3478): HsmPackageManager:doAppInstalled, installed: air.com.zzf.brush

I/HwLauncher( 3310): Launcher.IconCache, cacheLocked begin Utilities.createIconBitmap entry.title = brush

I/HwLauncher( 3310): Launcher.IconCache, getDrawableForDensity begin, iconId = 2130837505

I/PushLog2551( 6166): [main-1]support ctrlsocket.(android/PushServiceTools.java:63)

I/InputReader( 2929): Reconfiguring input devices.  changes=0x00000010

I/HwLauncher( 3310): Launcher.IconCache, getDrawableForDensity end,iconId = 2130837505

I/HwLauncher( 3310): Launcher.Utilities createIconBitmap sourceWidth = 180sourceHeight = 180

W/ResourceType( 7696): getEntry failing because entryIndex 1976 is beyond type entryCount 1010

W/ResourceType( 7696): Failure getting entry for 0x7f0207b8 (t=1 e=1976) in package 0 (error -2147483647)

W/ResourceType( 7696): getEntry failing because entryIndex 1975 is beyond type entryCount 1010

W/ResourceType( 7696): Failure getting entry for 0x7f0207b7 (t=1 e=1975) in package 0 (error -2147483647)

I/AccountTypeManager( 7696): Adding account type = com.android.contacts.model.account.ExternalAccountType@42e9e670 in the cache

I/AccountTypeManager( 7696): Adding account type = com.android.contacts.model.account.ExchangeAccountType@42ee3bb0 in the cache

I/SimFactoryManager( 7696): Get SIM state from SIM factory manager: 7,For slotId:1

I/AccountTypeManager( 7696): Adding account type = com.android.contacts.model.account.ExternalAccountType@432c66f0 in the cache

I/HwLauncher( 3310): Launcher.IconCache, cacheLocked end Utilities.createIconBitmap entry.title = brush

I/HwLauncher( 3310): Workspace addAppToDesktop itemInfo=ShortcutInfo(title=brush) success=true isInstalled=true checkPage=2 mCoordinates=2,4 view=null

I/SimFactoryManager( 7696): Get SIM state from SIM factory manager: 5,For slotId:0

I/AccountTypeManager( 7696): Adding account type = com.android.contacts.hap.sim.advanced.AdvancedSimAccountType@42d0f1b8 in the cache

I/AccountTypeManager( 7696): Adding account type = com.android.contacts.model.account.ExternalAccountType@430e04d0 in the cache

I/AccountTypeManager( 7696): Loaded meta-data for 5 account types, 4 accounts in 84ms(wall) 33ms(cpu)

I/ECS     (22160): logger{21399} b.run() thread begin

I/ECS     (22160): main{1} e.a() all = DEBUG

I/ECS     (22160): main{1} a.a() 

I/ECS     (22160): ============================================================================

I/ECS     (22160): ====                     version 3.4.71-00[20131118]                    ====

I/ECS     (22160): ====       MIP(Mobile Interface Protocol) with MTK(Mini Tool Kit)       ====

I/ECS     (22160): ====        Copyright (c) 2011-2013 Huawei Technologies Co., Ltd.       ====

I/ECS     (22160): ============================================================================

I/provider->DbProvider(22160): provider->DbProvider:onCreate()

E/cutils  ( 2403): Failed to mkdirat(/storage/sdcard1/Android): Read-only file system

W/ContextImpl(22160): Failed to ensure directory: /storage/sdcard1/Android/data/com.huawei.gamebox/files

E/mutiCardFactory(22160): pool-2-thread-1{21406} a.b(null:-1) <<< ERROR >>> FeatureOption.MTK_GEMINI_SUPPORTjava.lang.ClassNotFoundException: com.mediatek.common.featureoption.FeatureOption

W/AESUtil (22160): key len is more than 16, cut out

W/AESUtil (22160): key len is more than 16, cut out

W/AESUtil (22160): key len is more than 16, cut out

I/PeopleContactsSync(21575): CP2 sync disabled

W/AESUtil (21545): key len is more than 16, cut out

E/mutiCardFactory(21545): Thread-21353{21353} a.b(null:-1) <<< ERROR >>> FeatureOption.MTK_GEMINI_SUPPORTjava.lang.ClassNotFoundException: com.mediatek.common.featureoption.FeatureOption

W/AESUtil (21545): key len is more than 16, cut out

W/AESUtil (21545): key len is more than 16, cut out

W/AESUtil (21545): key len is more than 16, cut out

I/PushLogAC2543( 3277): [main-1]action is android.intent.action.PACKAGE_ADDED(pushagent/null:-1)

I/PushLogAC2543( 3277): [main-1]run push selfshow(pushagent/null:-1)

I/HwSystemManager( 3478): NotificationManagerReceiver:onReceive action = android.intent.action.PACKAGE_ADDED

I/PushLogAC2543( 3277): [Thread-55-55]framework push exist, use framework push first(pushagent/null:-1)

I/HwSystemManager( 3478): HsmIntentService:destroyed. this:com.huawei.systemmanager.util.content.HsmIntentService_bg@43262180

I/HwSystemManager( 3478): MainService:on startCommand,flags:0,startId:250

I/HwSystemManager( 3478): LocalService:Received start id 155: Intent { cmp=com.huawei.systemmanager/com.huawei.permission.HoldService }

I/HwSystemManager( 3478): BgPowerManagerService:onStartCommand

I/HwSystemManager(22229): HsmStat_info:feature enable:true

I/HwSystemManager(22229): ProcPolicy:this proc is:com.huawei.systemmanager

I/HwSystemManager(22229): BootStartManager:In ConsistancyCheckerTask

I/HwSystemManager(22229): check push opration, match idx:-1

I/YhdsEngine(22229): [EngineIntentService] Received: com.huawei.dianxinos.optimizer.engine.action.APP_START

I/HwSystemManager(22229): OptimizeReceiver:OptimizeReceiver received action:android.intent.action.PACKAGE_ADDED

I/DbHelper(21545): DbHelper:insert()

I/DbHelper(22160): DbHelper:insert()

I/YhdsEngine(22229): [AlarmEventMgr] event scheduled: com.dianxinos.optimizer.action.ALARM_EVENT_THUMBNAIL_CLEAN

I/YhdsEngine(22229): [AlarmEventMgr] event scheduled: com.dianxinos.optimizer.action.ALARM_EVENT_ANTISPAM_PROFILES_UPDATE

I/YhdsEngine(22229): [AlarmEventMgr] event scheduled: com.dianxinos.optimizer.action.ALARM_EVENT_ANTISPAM_KEYWORDS_UPDATE

I/YhdsEngine(22229): [AlarmEventMgr] event scheduled: com.dianxinos.optimizer.action.ALARM_EVENT_ANTISPAM_PHONELABEL_UPDATE

I/CloudGallaryService(16588): [CGCommonStatusReceiver[v1.1.8]]: CGCommonStatusReceiver,action-->android.intent.action.BATTERY_CHANGED

I/CloudGallaryService(16588): [ReceiverManager[v1.1.8]]: ReceiverManager,action-->android.intent.action.BATTERY_CHANGED

I/CloudGallaryService(16588): [IProcessor[v1.1.8]]: state is not change ，not call service!

I/HwSystemManager(22229): HsmPackageManager:init locale:zh_CN

I/HwSystemManager(22229): DBHelper: DBHelper Create Database!  : SQLiteDatabase: /data/data/com.huawei.systemmanager/databases/permission.db

I/HwSystemManager(22229): HsmPackageManager:get all installed packages, flag:8192, size:164

E/HwSystemManager(22229): PermissionDBAdapter:appcationsList size:164

I/YhdsEngine(22229): [EngineIntentService] Received: com.dianxinos.optimizer.action.ALARM_EVENT_ANTISPAM_PROFILES_UPDATE

I/YhdsEngine(22229): [EngineIntentService] Received: com.dianxinos.optimizer.action.ALARM_EVENT_ANTISPAM_KEYWORDS_UPDATE

I/YhdsEngine(22229): [EngineIntentService] Received: com.dianxinos.optimizer.action.ALARM_EVENT_ANTISPAM_PHONELABEL_UPDATE

E/HwSystemManager( 3478): AppCleanUpService:msg is 0

I/HwSystemManager(22229): SavingSettingUtil:setAlarm and high_level_standard is 10 msg_send_interval is 240 count_frequency is 60 dangerous_level_standard is 25 dangerous_current_level is 30 min_interval_time is 3 average_current_fg is 350 count_frequency_fg is 5 app_show_level is 1

I/HwSystemManager( 3478): MainService:on startCommand,flags:0,startId:251

I/HwSystemManager(22229): BootStartManager:batchAddOperation !

I/YhdsEngine(22229): [EngineIntentService] Received: com.dianxinos.optimizer.engine.action.PKG_CHANGE

I/HwSystemManager(22229): DX-Optimizer:[PackageChangeReceiver] Received: android.intent.action.PACKAGE_ADDED, data: package:air.com.zzf.brush, replacing: false

I/HwSystemManager(22229): BootStartManager:batchDeleteOperation !

I/HwSystemManager(22229): BootStartManager:batchDeleteOperation !

I/HwSystemManager(22229): BootStartManager:batchDeleteOperation !

I/HwSystemManager(22229): DX-Optimizer:[CommonIntentService] Received: com.dianxinos.optimizer.action.PKG_CHANGE

W/HwSystemManager(22229): AddViewAppManager:Current installed app not apply system_alert_window or applicationInfo null!

E/StoreApplication(22311): Unknow ProcName:com.huawei.gamebox:pushservice

E/StoreApplication(22311): Unknow ProcName:com.huawei.gamebox:pushservice

I/PushLogSC2543(22311): [main-1]action is android.intent.action.PACKAGE_ADDED(gamebox/null:-1)

I/PushLogSC2543(22311): [main-1]run push selfshow(gamebox/null:-1)

I/HwSystemManager(22229): netAppDBHelper: DBHelper Create Database!  : SQLiteDatabase: /data/data/com.huawei.systemmanager/databases/net_permission.db

E/mutiCardFactory(22311): [Thread-21415-21415]FeatureOption.MTK_GEMINI_SUPPORTjava.lang.ClassNotFoundException: com.mediatek.common.featureoption.FeatureOption(gamebox/null:-1)

I/mutiCardFactory(22311): [Thread-21415-21415]isMtkGeminiSupport false(gamebox/null:-1)

I/mutiCardFactory(22311): [Thread-21415-21415]isHwGeminiSupport1 true(gamebox/null:-1)

W/System.err( 2929): java.lang.SecurityException: WifiService: Neither user 10038 nor current process has android.permission.CHANGE_WIFI_STATE.

W/System.err( 2929): 	at android.app.ContextImpl.enforce(ContextImpl.java:1775)

W/System.err( 2929): 	at android.app.ContextImpl.enforceCallingOrSelfPermission(ContextImpl.java:1804)

W/System.err( 2929): 	at com.android.server.wifi.WifiService.enforceChangePermission(WifiService.java:639)

W/System.err( 2929): 	at com.android.server.wifi.WifiService.getWifiServiceMessenger(WifiService.java:1288)

W/System.err( 2929): 	at android.net.wifi.IWifiManager$Stub.onTransact(IWifiManager.java:423)

W/System.err( 2929): 	at huawei.com.android.server.wifi.HwWifiService.onTransact(HwWifiService.java:58)

W/System.err( 2929): 	at android.os.Binder.execTransact(Binder.java:404)

W/System.err( 2929): 	at dalvik.system.NativeStart.run(Native Method)

I/PushLogSC2543(22311): [Thread-21415-21415]framework push exist, use framework push first(gamebox/null:-1)

I/dalvikvm(22330): Enabling JNI app bug workarounds for target SDK version 8...

I/HwSystemManager(22229): HsmPackageManager:get all installed packages, flag:8192, size:164

E/HwSystemManager(22229): PermissionDBAdapter:appcationsList size:164

I/MapStatic(22330): init class

I/MapStatic(22330): class loaded

I/HwSystemManager(22229): HsmIntentService:destroyed. this:com.huawei.systemmanager.util.content.HsmIntentService_ui@42ba4c10

I/System.out(22330): time used @LocationInstrument init Cost:11.803125 ms

I/HwSystemManager( 3478): HoldService:preHoldShow start!

I/HwSystemManager( 3478): HoldService:The prePermissionType is: 1

E/android_hardware_fm.cpp(22349): register_android_hardware_fm_fmradio

E/FM_HAL  (22349): [FM_HAL], fm_dynamic_lib is libbcmfm_if

E/FM_HAL  (22349): [FM_HAL], libname is libbcmfm_if

E/fm_if.c (22349): find the id:libbcmfm_if and begins to open the devices

E/android_hardware_fm.cpp(22349): register_android_hardware_fm_fmradio, ret is 0

E/        (22349): ProtocolErrorLog wangkang test!!

I/HwLauncher( 3310): Launcher onPause()

W/HwLauncher( 3310): Launcher.MotionManager failed to stop TYPE_SHAKE_CHANGE_WALLPAPER

W/HwLauncher( 3310): Launcher.MotionManager failed to stop TYPE_SHAKE_START_PRIVACY

I/FileUtil(22374): [main-1]Can not find the file config.properities(hwid/FileUtil.java:481)

E/FansLog (22374): ConfigHelper.init: ConfigHelperFail to load config because of an io exception: java.io.FileNotFoundException: config.properties

I/HwSystemManager( 3478): HoldService:preHoldShow start!

I/HwSystemManager( 3478): HoldService:The prePermissionType is: 1

I/HwSystemManager( 3478): HoldService:preHoldShow start!

I/HwSystemManager( 3478): HoldService:The prePermissionType is: 1

I/HwLauncher( 3310): Launcher onStop()

E/HwLauncher( 3310): Launcher dialog dismiss failed : java.lang.IllegalArgumentException: no dialog with id 1 was ever shown via Activity#showDialog

I/HwLauncher( 3310): Launcher dynamicIconsUnregister

I/HwLauncher( 3310): DynamicUpdater unregisterReceiver

I/dalvikvm-heap(22330): Grow heap (frag case) to 15.991MB for 308080-byte allocation

I/PhoneStatusBar( 3052): hw_status_bar_operators = true, setSystemUIVisibily(SHOW_OPERATOR = false)

I/HwLauncher( 3310): DynamicIcon onPause  isvisible = true   mAttachedToWindow:true    mWindowVisible:truecom.android.deskclock

I/HwLauncher( 3310): DynamicUpdater unregisterReceiver

I/HwLauncher( 3310): DynamicIcon onPause  isvisible = true   mAttachedToWindow:true    mWindowVisible:truecom.android.calendar

I/HwLauncher( 3310): DynamicUpdater unregisterReceiver

I/HwLauncher( 3310): DynamicIcon onPause  isvisible = true   mAttachedToWindow:true    mWindowVisible:truecom.huawei.android.totemweather

I/HwLauncher( 3310): DynamicIcon onVisibilityChanged 4 - com.android.deskclock

I/HwLauncher( 3310): DynamicIcon onVisibilityChanged 4 - com.android.calendar

I/HwLauncher( 3310): DynamicIcon onVisibilityChanged 4 - com.huawei.android.totemweather

I/StartupTime1(22390): :1421731837452

I/HwSystemManager( 3478): HoldService:preHoldShow start!

I/HwSystemManager( 3478): HoldService:The prePermissionType is: 1

I/HwLauncher( 3310): DynamicIcon onWindowVisibilityChanged 8 - com.android.deskclock

I/HwLauncher( 3310): DynamicIcon onWindowVisibilityChanged 8 - com.android.calendar

I/HwLauncher( 3310): DynamicIcon onWindowVisibilityChanged 8 - com.huawei.android.totemweather

I/CommonApplication(22417): CommonApplication.onCreate

I/PushLogSC2545(22417): [main-1]action is android.intent.action.PACKAGE_ADDED(remoteassistant/null:-1)

I/PushLogSC2545(22417): [main-1]run push selfshow(remoteassistant/null:-1)

E/mutiCardFactory(22417): [Thread-21427-21427]FeatureOption.MTK_GEMINI_SUPPORTjava.lang.ClassNotFoundException: com.mediatek.common.featureoption.FeatureOption(remoteassistant/null:-1)

I/mutiCardFactory(22417): [Thread-21427-21427]isMtkGeminiSupport false(remoteassistant/null:-1)

I/mutiCardFactory(22417): [Thread-21427-21427]isHwGeminiSupport1 true(remoteassistant/null:-1)

I/HwSystemManager( 3478): HoldService:preHoldShow start!

I/HwSystemManager( 3478): HoldService:The prePermissionType is: 1

I/PushLogSC2545(22417): [Thread-21427-21427]framework push exist, use framework push first(remoteassistant/null:-1)

E/StoreApplication(22437): Unknow ProcName:com.huawei.appmarket:pushservice

E/StoreApplication(22437): Unknow ProcName:com.huawei.appmarket:pushservice

I/PushLogSC2543(22437): [main-1]action is android.intent.action.PACKAGE_ADDED(appmarket/null:-1)

I/CpuGovernorPolicy( 3266): cpu draw 

I/PushLogSC2543(22437): [main-1]run push selfshow(appmarket/null:-1)

E/mutiCardFactory(22437): [Thread-21430-21430]FeatureOption.MTK_GEMINI_SUPPORTjava.lang.ClassNotFoundException: com.mediatek.common.featureoption.FeatureOption(appmarket/null:-1)

I/mutiCardFactory(22437): [Thread-21430-21430]isMtkGeminiSupport false(appmarket/null:-1)

I/mutiCardFactory(22437): [Thread-21430-21430]isHwGeminiSupport1 true(appmarket/null:-1)

W/System.err( 2929): java.lang.SecurityException: WifiService: Neither user 10008 nor current process has android.permission.CHANGE_WIFI_STATE.

W/System.err( 2929): 	at android.app.ContextImpl.enforce(ContextImpl.java:1775)

W/System.err( 2929): 	at android.app.ContextImpl.enforceCallingOrSelfPermission(ContextImpl.java:1804)

W/System.err( 2929): 	at com.android.server.wifi.WifiService.enforceChangePermission(WifiService.java:639)

W/System.err( 2929): 	at com.android.server.wifi.WifiService.getWifiServiceMessenger(WifiService.java:1288)

W/System.err( 2929): 	at android.net.wifi.IWifiManager$Stub.onTransact(IWifiManager.java:423)

W/System.err( 2929): 	at huawei.com.android.server.wifi.HwWifiService.onTransact(HwWifiService.java:58)

W/System.err( 2929): 	at android.os.Binder.execTransact(Binder.java:404)

W/System.err( 2929): 	at dalvik.system.NativeStart.run(Native Method)

I/PushLogSC2543(22437): [Thread-21430-21430]framework push exist, use framework push first(appmarket/null:-1)

I/PushLogSC2539(22473): [main-1]action is android.intent.action.PACKAGE_ADDED(ds/null:-1)

I/PushLogSC2539(22473): [main-1]run push selfshow(ds/null:-1)

E/JavaBinder( 2929): !!! FAILED BINDER TRANSACTION !!!

E/mutiCardFactory(22473): [Thread-21435-21435]FeatureOption.MTK_GEMINI_SUPPORTjava.lang.ClassNotFoundException: com.mediatek.common.featureoption.FeatureOption(ds/null:-1)

I/mutiCardFactory(22473): [Thread-21435-21435]isMtkGeminiSupport false(ds/null:-1)

I/mutiCardFactory(22473): [Thread-21435-21435]isHwGeminiSupport1 true(ds/null:-1)

I/PushLogSC2539(22473): [Thread-21435-21435]framework push exist, use framework push first(ds/null:-1)

W/System.err(22330): java.lang.ClassNotFoundException: com.taobao.statistic.TBS$Ext

W/System.err(22330): 	at java.lang.Class.classForName(Native Method)

I/dalvikvm(22496): Enabling JNI app bug workarounds for target SDK version 8...

W/System.err(22330): 	at java.lang.Class.forName(Class.java:251)

W/System.err(22330): 	at java.lang.Class.forName(Class.java:216)

W/System.err(22330): 	at com.taobao.securityjni.usertrack.TBSecurityUsertrackProxy.UserTrackUpload(Unknown Source)

W/System.err(22330): 	at com.taobao.securityjni.impl.CImplStaticData.getAppKeyByte(Native Method)

W/System.err(22330): 	at com.taobao.securityjni.impl.CImplStaticData.getAppKey(Unknown Source)

W/System.err(22330): 	at com.taobao.securityjni.StaticDataStore.getAppKey(Unknown Source)

W/System.err(22330): 	at com.taobao.securityjni.StaticDataStore.getAppKey(Unknown Source)

W/System.err(22330): 	at java.lang.reflect.Method.invokeNative(Native Method)

W/System.err(22330): 	at java.lang.reflect.Method.invoke(Method.java:515)

W/System.err(22330): 	at com.taobao.dp.a.c.a(Unknown Source)

W/System.err(22330): 	at com.taobao.dp.client.a.init(Unknown Source)

W/System.err(22330): 	at com.taobao.dp.DeviceSecuritySDK.init(Unknown Source)

W/System.err(22330): 	at com.taobao.dp.client.a.init(Unknown Source)

W/System.err(22330): 	at com.taobao.dp.DeviceSecuritySDK.init(Unknown Source)

W/System.err(22330): 	at com.autonavi.minimap.Activator$1.run(Activator.java:196)

W/System.err(22330): 	at java.lang.Thread.run(Thread.java:841)

W/System.err(22330): Caused by: java.lang.NoClassDefFoundError: com/taobao/statistic/TBS$Ext

W/System.err(22330): 	... 17 more

W/System.err(22330): Caused by: java.lang.ClassNotFoundException: Didn't find class "com.taobao.statistic.TBS$Ext" on path: DexPathList[[zip file "/data/app/com.autonavi.minimap-2.apk"],nativeLibraryDirectories=[/data/app-lib/com.autonavi.minimap-2, /vendor/lib, /system/lib, /data/datalib]]

W/System.err(22330): 	at dalvik.system.BaseDexClassLoader.findClass(BaseDexClassLoader.java:56)

W/System.err(22330): 	at java.lang.ClassLoader.loadClass(ClassLoader.java:497)

W/System.err(22330): 	at java.lang.ClassLoader.loadClass(ClassLoader.java:457)

W/System.err(22330): 	... 17 more

I/HwSystemManager( 3478): HoldService:preHoldShow start!

I/HwSystemManager( 3478): HoldService:The prePermissionType is: 1

I/HwSystemManager( 3478): HoldService:preHoldShow start!

I/HwSystemManager( 3478): HoldService:The prePermissionType is: 1

W/System.err( 2929): java.lang.SecurityException: Need BLUETOOTH permission: Neither user 10098 nor current process has android.permission.BLUETOOTH.

W/System.err( 2929): 	at android.app.ContextImpl.enforce(ContextImpl.java:1775)

W/System.err( 2929): 	at android.app.ContextImpl.enforceCallingOrSelfPermission(ContextImpl.java:1804)

W/System.err( 2929): 	at com.android.server.BluetoothManagerService.getAddress(BluetoothManagerService.java:627)

W/System.err( 2929): 	at android.bluetooth.IBluetoothManager$Stub.onTransact(IBluetoothManager.java:156)

W/System.err( 2929): 	at android.os.Binder.execTransact(Binder.java:404)

W/System.err( 2929): 	at dalvik.system.NativeStart.run(Native Method)

I/HwSystemManager(22229): PermissionDBAdapter:preInstalledAppsPermissionEmendation no need emendation!

I/HwSystemManager(22229): PermissionDBAdapter:checkDBErrorBecauseofHOTA packageNameDBList size 43

I/HwSystemManager(22229): PermissionDBAdapter:checkDBErrorBecauseofHOTA nameList is0

E/DexLoad (22496): [E]Success

E/DexLoad (22496): [E]Success

I/HwSystemManager( 3478): HoldService:preHoldShow start!

I/HwSystemManager( 3478): HoldService:The prePermissionType is: 1

I/HwSystemManager( 3478): HoldService:preHoldShow start!

I/HwSystemManager( 3478): HoldService:The prePermissionType is: 1

I/HwSystemManager( 3478): HoldService:preHoldShow start!

I/HwSystemManager( 3478): HoldService:The prePermissionType is: 1

I/HwSystemManager( 3478): HoldService:preHoldShow start!

I/HwSystemManager( 3478): HoldService:The prePermissionType is: 1

W/System.err( 2929): java.lang.SecurityException: Need BLUETOOTH permission: Neither user 10098 nor current process has android.permission.BLUETOOTH.

W/System.err( 2929): 	at android.app.ContextImpl.enforce(ContextImpl.java:1775)

W/System.err( 2929): 	at android.app.ContextImpl.enforceCallingOrSelfPermission(ContextImpl.java:1804)

W/System.err( 2929): 	at com.android.server.BluetoothManagerService.getAddress(BluetoothManagerService.java:627)

W/System.err( 2929): 	at android.bluetooth.IBluetoothManager$Stub.onTransact(IBluetoothManager.java:156)

W/System.err( 2929): 	at android.os.Binder.execTransact(Binder.java:404)

W/System.err( 2929): 	at dalvik.system.NativeStart.run(Native Method)

W/ResourceType(22496): getEntry failing because entryIndex 537 is beyond type entryCount 537

W/ResourceType(22496): Failure getting entry for 0x7f0b0219 (t=10 e=537) in package 0 (error -2147483647)

I/HwSystemManager( 3478): HoldService:preHoldShow start!

I/HwSystemManager( 3478): HoldService:The prePermissionType is: 1

I/HwSystemManager( 3478): HoldService:preHoldShow start!

I/HwSystemManager( 3478): HoldService:The prePermissionType is: 1

I/__BUILD_NO (22390): #15.0.0.302

I/HwSystemManager(22229): PermissionDBAdapter:preInstalledAppsPermissionEmendation no need emendation!

I/HwSystemManager(22229): PermissionDBAdapter:checkDBErrorBecauseofHOTA packageNameDBList size 43

I/HwSystemManager(22229): PermissionDBAdapter:checkDBErrorBecauseofHOTA nameList is0

I/NLP     ( 3193): result:[location successful], reason:[network location]

I/ActivityManager( 2929): Displayed air.com.zzf.brush/.AppEntry: +704ms

E/CommandListener( 2405): readDefRoute call readDefRoute

E/SecondaryTablController( 2405): isWifiDefaultRouteExisted /system/bin/ip route

I/lzftest (22513): native_fix done!

I/HwSystemManager(22229): HsmStat_info:service connect

I/K3V3CpuGovernorPolicy( 3266): close previously scene Hmp policy : 300 , 150

W/HwLauncher( 3310): BubbleTextView mAnimateRunnable.run()

W/HwLauncher( 3310): BubbleTextView BubbleTextView.run

E/CommandListener( 2405): readDefRoute Rsp ok

W/Settings(22513): Setting android_id has moved from android.provider.Settings.System to android.provider.Settings.Secure, returning read-only value.

W/Settings(22513): Setting android_id has moved from android.provider.Settings.System to android.provider.Settings.Secure, returning read-only value.

W/Settings(22513): Setting android_id has moved from android.provider.Settings.System to android.provider.Settings.Secure, returning read-only value.

W/Settings(22513): Setting android_id has moved from android.provider.Settings.System to android.provider.Settings.Secure, returning read-only value.

W/Settings(22513): Setting android_id has moved from android.provider.Settings.System to android.provider.Settings.Secure, returning read-only value.

I/K3V3CpuGovernorPolicy( 3266): set scene Hmp policy : 300 , 150

E/JD_ZY   (22513): current network type: wifi

E/JD_ZY   (22513): resume update service

I/MobJaAgent(22513): Response from online config data result: {"appkey":"20095","isvalid":true,"sendlog":{"time":30,"send":"timesend"}}

I/HwSystemManager( 3478): HoldService:preHoldShow start!

I/HwSystemManager( 3478): HoldService:The prePermissionType is: 1

I/wpa_supplicant(15598): wlan0: HEART-BEAT-ACK: 581

I/CloudGallaryService(16588): [CGCommonStatusReceiver[v1.1.8]]: CGCommonStatusReceiver,action-->android.intent.action.BATTERY_CHANGED

I/CloudGallaryService(16588): [ReceiverManager[v1.1.8]]: ReceiverManager,action-->android.intent.action.BATTERY_CHANGED

I/CloudGallaryService(16588): [IProcessor[v1.1.8]]: state is not change ，not call service!

I/MobJaAgent(22513): Request to real time data result: 

I/lzftest (22571): native_fix done!

I/lzftest (22584): native_fix done!

E/Thermal-daemon( 2418): [pa_0] temp_new :34  temp_old :33

E/Thermal-daemon( 2418): [charger] temp_new :34  temp_old :33

E/Thermal-daemon( 2418): [ap] temp_new :37  temp_old :35

E/Thermal-daemon( 2418): Report temperature: [ap] temp :37  report_threshold:1

I/ApplicationsProvider( 8355): System.gc()

W/Settings(22571): Setting android_id has moved from android.provider.Settings.System to android.provider.Settings.Secure, returning read-only value.

W/Settings(22571): Setting android_id has moved from android.provider.Settings.System to android.provider.Settings.Secure, returning read-only value.

W/Settings(22571): Setting android_id has moved from android.provider.Settings.System to android.provider.Settings.Secure, returning read-only value.

W/Settings(22571): Setting android_id has moved from android.provider.Settings.System to android.provider.Settings.Secure, returning read-only value.

W/Settings(22571): Setting android_id has moved from android.provider.Settings.System to android.provider.Settings.Secure, returning read-only value.

I/HwSystemManager( 3478): HoldService:preHoldShow start!

I/HwSystemManager( 3478): HoldService:The prePermissionType is: 1

E/JD_ZY   (22571): current network type: wifi

I/HwSystemManager( 3478): HoldService:preHoldShow start!

I/HwSystemManager( 3478): HoldService:The prePermissionType is: 1

E/JD_ZY   (22571): resume update service

I/HwSystemManager( 3478): HoldService:preHoldShow start!

I/HwSystemManager( 3478): HoldService:The prePermissionType is: 1

I/HwSystemManager( 3478): HoldService:preHoldShow start!

I/HwSystemManager( 3478): HoldService:The prePermissionType is: 1

W/Settings(22584): Setting android_id has moved from android.provider.Settings.System to android.provider.Settings.Secure, returning read-only value.

W/Settings(22584): Setting android_id has moved from android.provider.Settings.System to android.provider.Settings.Secure, returning read-only value.

W/Settings(22584): Setting android_id has moved from android.provider.Settings.System to android.provider.Settings.Secure, returning read-only value.

W/Settings(22584): Setting android_id has moved from android.provider.Settings.System to android.provider.Settings.Secure, returning read-only value.

W/Settings(22584): Setting android_id has moved from android.provider.Settings.System to android.provider.Settings.Secure, returning read-only value.

I/HwSystemManager( 3478): HoldService:preHoldShow start!

I/HwSystemManager( 3478): HoldService:The prePermissionType is: 1

I/HwSystemManager( 3478): HoldService:preHoldShow start!

I/HwSystemManager( 3478): HoldService:The prePermissionType is: 1

E/JD_ZY   (22584): current network type: wifi

E/JD_ZY   (22584): resume update service

I/HwSystemManager( 3478): HoldService:preHoldShow start!

I/HwSystemManager( 3478): HoldService:The prePermissionType is: 1

I/HwSystemManager( 3478): HoldService:preHoldShow start!

I/HwSystemManager( 3478): HoldService:The prePermissionType is: 1

I/HwSystemManager( 3478): HoldService:preHoldShow start!

I/HwSystemManager( 3478): HoldService:The prePermissionType is: 1

I/MobJaAgent(22571): Response from online config data result: {"appkey":"20095","isvalid":true,"sendlog":{"time":30,"send":"timesend"}}

I/HwSystemManager( 3478): HoldService:preHoldShow start!

I/HwSystemManager( 3478): HoldService:The prePermissionType is: 1

I/MobJaAgent(22584): Response from online config data result: {"appkey":"20095","isvalid":true,"sendlog":{"time":30,"send":"timesend"}}

I/HwSystemManager( 3478): HoldService:preHoldShow start!

I/HwSystemManager( 3478): HoldService:The prePermissionType is: 1

I/MobJaAgent(22571): Request to real time data result: 

I/MobJaAgent(22584): Request to real time data result: 

W/System.err(10252): javax.net.ssl.SSLException: Read error: ssl=0x779e09c0: I/O error during system call, Connection timed out

W/System.err(10252): 	at com.android.org.conscrypt.NativeCrypto.SSL_read(Native Method)

W/System.err(10252): 	at com.android.org.conscrypt.OpenSSLSocketImpl$SSLInputStream.read(OpenSSLSocketImpl.java:689)

W/System.err(10252): 	at java.io.InputStreamReader.read(InputStreamReader.java:233)

W/System.err(10252): 	at java.io.BufferedReader.read(BufferedReader.java:325)

W/System.err(10252): 	at org.kxml2.io.KXmlParser.fillBuffer(KXmlParser.java:1506)

W/System.err(10252): 	at org.kxml2.io.KXmlParser.peekType(KXmlParser.java:986)

W/System.err(10252): 	at org.kxml2.io.KXmlParser.next(KXmlParser.java:346)

W/System.err(10252): 	at org.kxml2.io.KXmlParser.next(KXmlParser.java:310)

W/System.err(10252): 	at org.jivesoftware.smack.PacketReader.parsePackets(PacketReader.java:326)

W/System.err(10252): 	at org.jivesoftware.smack.PacketReader.access$000(PacketReader.java:44)

W/System.err(10252): 	at org.jivesoftware.smack.PacketReader$1.run(PacketReader.java:71)

E/Thermal-daemon( 2418): [charger] temp_new :33  temp_old :34

E/Thermal-daemon( 2418): [ap] temp_new :38  temp_old :37

E/Thermal-daemon( 2418): Report temperature: [ap] temp :38  report_threshold:1

I/HwLauncher( 3310): BubbleTextView clearNewAppIndicateInDB

E/Thermal-daemon( 2418): [flash_led] temp_new :33  temp_old :32

I/wpa_supplicant(15598): wlan0: HEART-BEAT-ACK: 582

E/Thermal-daemon( 2418): [charger] temp_new :34  temp_old :33

E/Thermal-daemon( 2418): [ap] temp_new :37  temp_old :38

E/Thermal-daemon( 2418): Report temperature: [ap] temp :37  report_threshold:1

E/android_hardware_fm.cpp(22739): register_android_hardware_fm_fmradio

E/FM_HAL  (22739): [FM_HAL], fm_dynamic_lib is libbcmfm_if

E/FM_HAL  (22739): [FM_HAL], libname is libbcmfm_if

E/fm_if.c (22739): find the id:libbcmfm_if and begins to open the devices

E/android_hardware_fm.cpp(22739): register_android_hardware_fm_fmradio, ret is 0

E/        (22739): ProtocolErrorLog wangkang test!!

E/HwSystemManager( 3478): getSimCardType:/getSimCardInfo: imsi is null

E/HwSystemManager( 3478): getSimCardType:/getSimCardInfo: imsi is null

E/HwSystemManager( 3478): getSimCardType:/getSimCardInfo: imsi is null

I/CalendarProvider2(22778): Sending notification intent: Intent { act=android.intent.action.PROVIDER_CHANGED dat=content://com.android.calendar }

W/ContentResolver(22778): Failed to get type for: content://com.android.calendar (Unknown URL content://com.android.calendar)

I/CalendarSimpleUiPRovider(16477): onReceive[intent]Intent { act=android.intent.action.PROVIDER_CHANGED dat=content://com.android.calendar flg=0x10 cmp=com.android.calendar/.simpleui.CalendarSimpleUiPRovider }

I/CalendarSimpleUiPRovider(16477): onConfigurationChanged

I/CalendarSimpleUiPRovider(16477): initParams20150120T133101Asia/Shanghai(2,19,28800,0,1421731861)

I/CalendarSimpleUiPRovider(16477): loadEvent end update UI0

E/CommandListener( 2405): readDefRoute call readDefRoute

E/SecondaryTablController( 2405): isWifiDefaultRouteExisted /system/bin/ip route

I/wpa_supplicant(15598): wlan0: HEART-BEAT-ACK: 583

E/Thermal-daemon( 2418): [ap] temp_new :36  temp_old :37

E/Thermal-daemon( 2418): Report temperature: [ap] temp :36  report_threshold:1

E/CommandListener( 2405): readDefRoute Rsp ok

I/CloudGallaryService(16588): [CGCommonStatusReceiver[v1.1.8]]: CGCommonStatusReceiver,action-->android.intent.action.BATTERY_CHANGED

I/CloudGallaryService(16588): [ReceiverManager[v1.1.8]]: ReceiverManager,action-->android.intent.action.BATTERY_CHANGED

I/CloudGallaryService(16588): [IProcessor[v1.1.8]]: state is not change ，not call service!

E/HwSystemManager( 3478): SavingSettingUtil: doRecordsChargeInfo chargeTime =392256767 plugType = 2 chargeType =1

E/HwSystemManager( 3478): SavingSettingUtil: doRecordsChargeInfo lastCapacityRm =1806 capacityRm = 1810 mTimes = 154846 chargeBattery =4

E/HwSystemManager( 3478): SavingSettingUtil: doRecordsChargeInfo BATTERY_PLUGGED_USB chargeBattery =4

I/CloudGallaryService(16588): [CGCommonStatusReceiver[v1.1.8]]: CGCommonStatusReceiver,action-->android.intent.action.BATTERY_CHANGED

I/CloudGallaryService(16588): [ReceiverManager[v1.1.8]]: ReceiverManager,action-->android.intent.action.BATTERY_CHANGED

I/CloudGallaryService(16588): [IProcessor[v1.1.8]]: state is not change ，not call service!

I/HwSystemManager(22229): SavingSettingUtil:setAlarm and high_level_standard is 10 msg_send_interval is 240 count_frequency is 60 dangerous_level_standard is 25 dangerous_current_level is 30 min_interval_time is 3 average_current_fg is 350 count_frequency_fg is 5 app_show_level is 1

I/HwSystemManager(22229): HsmIntentService:destroyed. this:com.huawei.systemmanager.util.content.HsmIntentService_ui@42ec96b0

I/HwCust  (22548): Constructor found for class com.android.settings.deviceinfo.HwCustUsbReceiverImpl, args = [Ljava.lang.Object;@42b6b480

I/CloudGallaryService(16588): [CGCommonStatusReceiver[v1.1.8]]: CGCommonStatusReceiver,action-->android.intent.action.BATTERY_CHANGED

E/CA_ThreadPool( 3288): Remove Task zero is Permitted!![CodeProject/build/../Source/caplatform/native/src/common/ThreadPool.cpp, RemoveTask, 612]

E/HwSystemManager( 3478): SavingSettingUtil: doRecordsChargeInfo POWER_LEVEL_CONNECTED_USB_SET POWER_CHARGE_TIME =392414584 POWER_LEVEL_LAST_CAPACITY_RM = 1810 chargeType =0

I/CloudGallaryService(16588): [ReceiverManager[v1.1.8]]: ReceiverManager,action-->android.intent.action.BATTERY_CHANGED

I/CloudGallaryService(16588): [IProcessor[v1.1.8]]: state is not change ，not call service!

I/HwSystemManager(22229): SavingSettingUtil:setAlarm and high_level_standard is 10 msg_send_interval is 240 count_frequency is 60 dangerous_level_standard is 25 dangerous_current_level is 30 min_interval_time is 3 average_current_fg is 350 count_frequency_fg is 5 app_show_level is 1

I/HwSystemManager(22229): BootBroadcastReceiver:ACTION_POWER_CONNECTED Received !

I/HwSystemManager(22229): HsmIntentService:destroyed. this:com.huawei.systemmanager.util.content.HsmIntentService_ui@42e65c38

I/HWSERVICES(10008): hwnative_get_component  comes...

I/StagefrightMediaScannerEx(10008): StagefrightMediaScanner Constructor

I/HWSERVICES(10008): hwnative_get_component_mtpServer  comes...

I/HwMtpServerExJNI(10008): Finish to setup MtpServer

E/HwMtpServerExJNI(10008): void android_mtp_MtpServerEx_add_storage(JNIEnv*, jobject, jobject), line 138: descriptionStr = 内存设备

I/HWSERVICES(10008): hwnative_get_component_mtpStorage  comes...

I/CloudGallaryService(16588): [CGCommonStatusReceiver[v1.1.8]]: CGCommonStatusReceiver,action-->android.intent.action.BATTERY_CHANGED

I/CloudGallaryService(16588): [ReceiverManager[v1.1.8]]: ReceiverManager,action-->android.intent.action.BATTERY_CHANGED

I/CloudGallaryService(16588): [IProcessor[v1.1.8]]: state is not change ，not call service!

E/Thermal-daemon( 2418): [charger] temp_new :33  temp_old :34

E/Thermal-daemon( 2418): [flash_led] temp_new :32  temp_old :33

W/Settings( 2929): Setting device_provisioned has moved from android.provider.Settings.Secure to android.provider.Settings.Global.

E/HwSystemManager( 3478): getSimCardType:/getSimCardInfo: imsi is null

E/HwSystemManager( 3478): getSimCardType:/getSimCardInfo: imsi is null

I/wpa_supplicant(15598): wlan0: HEART-BEAT-ACK: 584

W/KeyguardViewMediator( 3025): verifyUnlock called when not externally disabled

I/HwCust  (22548): Constructor found for class com.android.settings.HwCustBaseSettingsImpl, args = [Ljava.lang.Object;@42baca08

W/dalvikvm(22548): method Lhuawei/com/android/internal/app/HwActionBarImpl;.animateToMode incorrectly overrides package-private method with same name in Lcom/android/internal/app/ActionBarImpl;

W/Settings(22548): Setting bugreport_in_power_menu has moved from android.provider.Settings.Secure to android.provider.Settings.Global.

I/BiometricManager(22548): UE supported types is null

I/CpuGovernorPolicy( 3266): gpu draw 

W/dalvikvm(22548): method Lcom/huawei/android/hwcontrol/HwEditor;.isInSelectionActionMode incorrectly overrides package-private method with same name in Landroid/widget/Editor;

E/textview(22548): initAddtionalStyle default

W/dalvikvm(22548): method Lhuawei/com/android/internal/view/menu/HwActionMenuViewEx;.drawDividersHorizontal incorrectly overrides package-private method with same name in Landroid/widget/LinearLayout;

I/ActivityManager( 2929): Displayed com.android.settings/.DevelopmentSettings: +566ms

I/BiometricManager(22548): UE supported types is null

I/K3V3CpuGovernorPolicy( 3266): close previously scene Hmp policy : 300 , 150

I/bluedroid( 1420): config_hci_snoop_log

I/bluedroid( 1420): config_hci_snoop_log

I/BTSNOOP-DISP( 1420): /data/hwzd_logs/bt already exist!

E/Thermal-daemon( 2418): [charger] temp_new :34  temp_old :33

E/Thermal-daemon( 2418): [ap] temp_new :35  temp_old :36

E/Thermal-daemon( 2418): Report temperature: [ap] temp :35  report_threshold:1

W/ResponseProcessCookies(12137): Invalid cookie header: "Set-Cookie: BAIDUID=52ADAB59863840BD21CD3A06DBD530BF:FG=1; max-age=31536000; expires=Wed, 20-Jan-16 05:31:34 GMT; domain=.baidu.com; path=/; version=1". Unable to parse expires attribute: Wed

W/ResponseProcessCookies(12137): Invalid cookie header: "Set-Cookie: BAIDUID=52ADAB59863840BD623F4647A0E40890:FG=1; expires=Wed, 20-Jan-16 05:31:34 GMT; max-age=31536000; path=/; domain=.baidu.com; version=1". Unable to parse expires attribute: Wed

W/ResponseProcessCookies(12137): Invalid cookie header: "Set-Cookie: BAIDUID=689DBA41864B6C27369FAC522D224C77:FG=1; expires=Wed, 20-Jan-16 05:31:34 GMT; max-age=31536000; path=/; domain=.baidu.com; version=1". Unable to parse expires attribute: Wed

