W/ResponseProcessCookies(12137): Invalid cookie header: "Set-Cookie: BAIDUID=52ADAB59863840BDC7B3D1F7FD5AB776:FG=1; max-age=31536000; expires=Wed, 20-Jan-16 05:31:34 GMT; domain=.baidu.com; path=/; version=1". Unable to parse expires attribute: Wed

W/ResponseProcessCookies(12137): Invalid cookie header: "Set-Cookie: BAIDUID=52ADAB59863840BDE79B53D4BFC096CB:FG=1; expires=Wed, 20-Jan-16 05:31:34 GMT; max-age=31536000; path=/; domain=.baidu.com; version=1". Unable to parse expires attribute: Wed

W/ResponseProcessCookies(12137): Invalid cookie header: "Set-Cookie: BAIDUID=E5E6EFA9E03892F019CD825F2DC8ED5D:FG=1; expires=Wed, 20-Jan-16 05:31:34 GMT; max-age=31536000; path=/; domain=.baidu.com; version=1". Unable to parse expires attribute: Wed

E/textview(22548): initAddtionalStyle default

I/wpa_supplicant(15598): wlan0: HEART-BEAT-ACK: 585

E/CommandListener( 2405): readDefRoute call readDefRoute

E/SecondaryTablController( 2405): isWifiDefaultRouteExisted /system/bin/ip route

E/CommandListener( 2405): readDefRoute Rsp ok

I/InputManager-JNI( 2929): Setting show touches feature to enabled.

I/InputReader( 2929): Reconfiguring input devices.  changes=0x00000008

I/InputManager-JNI( 2929): Setting show touches feature to disabled.

I/InputReader( 2929): Reconfiguring input devices.  changes=0x00000008

I/CloudGallaryService(16588): [CGCommonStatusReceiver[v1.1.8]]: CGCommonStatusReceiver,action-->android.intent.action.BATTERY_CHANGED

I/CloudGallaryService(16588): [ReceiverManager[v1.1.8]]: ReceiverManager,action-->android.intent.action.BATTERY_CHANGED

I/CloudGallaryService(16588): [IProcessor[v1.1.8]]: state is not change ，not call service!

E/Thermal-daemon( 2418): [pa_0] temp_new :33  temp_old :34

I/wpa_supplicant(15598): wlan0: HEART-BEAT-ACK: 586

E/Thermal-daemon( 2418): [ap] temp_new :34  temp_old :35

E/Thermal-daemon( 2418): Report temperature: [ap] temp :34  report_threshold:1

I/wpa_supplicant(15598): wlan0: HEART-BEAT-ACK: 587

E/CommandListener( 2405): readDefRoute call readDefRoute

E/SecondaryTablController( 2405): isWifiDefaultRouteExisted /system/bin/ip route

E/CommandListener( 2405): readDefRoute Rsp ok

I/CloudGallaryService(16588): [CGCommonStatusReceiver[v1.1.8]]: CGCommonStatusReceiver,action-->android.intent.action.BATTERY_CHANGED

I/CloudGallaryService(16588): [ReceiverManager[v1.1.8]]: ReceiverManager,action-->android.intent.action.BATTERY_CHANGED

I/CloudGallaryService(16588): [IProcessor[v1.1.8]]: state is not change ，not call service!

I/CloudGallaryService(16588): [CGCommonStatusReceiver[v1.1.8]]: CGCommonStatusReceiver,action-->android.intent.action.BATTERY_CHANGED

I/CloudGallaryService(16588): [ReceiverManager[v1.1.8]]: ReceiverManager,action-->android.intent.action.BATTERY_CHANGED

I/CloudGallaryService(16588): [IProcessor[v1.1.8]]: state is not change ，not call service!

I/PushLog2551( 6166): [ReceiverDispatcher-421]read to Send:DA(android/ConnectEntity.java:120)

I/wpa_supplicant(15598): wlan0: HEART-BEAT-ACK: 588

I/StatusBar.KeyButtonView( 3052): action=0, flags=0, when=136082991, repeatCount=0, mDownTime=136082991, mCode=3

I/StatusBar.KeyButtonView( 3052): action=1, flags=0, when=136083104, repeatCount=0, mDownTime=136082991, mCode=3

E/HwLauncher( 3310): Launcher dialog dismiss failed : java.lang.IllegalArgumentException: no dialog with id 1 was ever shown via Activity#showDialog

I/K3V3CpuGovernorPolicy( 3266): set scene Hmp policy : 300 , 150

I/HwLauncher( 3310): DynamicIcon onWindowVisibilityChanged 4 - com.android.deskclock

I/HwLauncher( 3310): DynamicIcon onWindowVisibilityChanged 4 - com.android.calendar

I/HwLauncher( 3310): DynamicIcon onWindowVisibilityChanged 4 - com.huawei.android.totemweather

I/HwLauncher( 3310): Launcher  onNewIntent mIsToUninstallApp = false

E/HwLauncher( 3310): Launcher dialog dismiss failed : java.lang.IllegalArgumentException: no dialog with id 1 was ever shown via Activity#showDialog

W/HwLauncher( 3310): Launcher null folder is animating process

I/HwLauncher( 3310): Launcher onStart()

I/HwLauncher( 3310): Launcher dynamicIconsRegister

I/HwLauncher( 3310): DynamicUpdater registerReceiver

I/HwLauncher( 3310): DynamicIconData , getDrawableForDynamic begin, pkg = com.android.deskclock, picName = deskclock_bg

I/HwLauncher( 3310): DynamicIconData , getDrawableForDynamic end, pkg = com.android.deskclock, picName = deskclock_bg

I/HwLauncher( 3310): DynamicIconData , getDrawableForDynamic begin, pkg = com.android.deskclock, picName = deskclock_bg

I/HwLauncher( 3310): DynamicIconData , getDrawableForDynamic end, pkg = com.android.deskclock, picName = deskclock_bg

I/HwLauncher( 3310): Launcher.Utilities createIconBitmap sourceWidth = 120sourceHeight = 120

I/HwLauncher( 3310): ClockDynamicUpdater calender update folder at CalenderDynamicUpdater

I/HwLauncher( 3310): DynamicUpdater call updateFolder

I/HwLauncher( 3310): DynamicUpdater call updateFolder

I/HwLauncher( 3310): DynamicIcon onResume  isvisible = false   mAttachedToWindow:true    mWindowVisible:falsecom.android.deskclock

I/HwLauncher( 3310): DynamicUpdater registerReceiver

I/HwLauncher( 3310): DynamicUpdater call updateFolder

I/HwLauncher( 3310): DynamicIcon onResume  isvisible = false   mAttachedToWindow:true    mWindowVisible:falsecom.android.calendar

I/HwLauncher( 3310): DynamicUpdater registerReceiver

I/HwLauncher( 3310): DynamicUpdater call updateFolder

I/HwLauncher( 3310): WeatherDynamicUpdaterpositiveUpdate at WeatherDynamicUpdater

I/HwLauncher( 3310): DynamicIcon onResume  isvisible = false   mAttachedToWindow:true    mWindowVisible:falsecom.huawei.android.totemweather

I/HwLauncher( 3310): Launcher onResume()

I/HwLauncher( 3310): Launcher doResumeWork()

W/MotionDetectionManager( 3310): startMotionAppsReco motionApps: 402 disabled

W/HwLauncher( 3310): Launcher.MotionManager failed to start TYPE_SHAKE_CHANGE_WALLPAPER

I/HwLauncher( 3310): Launcher.MotionManager startShakeMotion mIsShakeInHome=true

W/MotionDetectionManager( 3310): startMotionAppsReco motionApps: 404 disabled

W/HwLauncher( 3310): Launcher.MotionManager failed to start TYPE_SHAKE_START_PRIVACY

I/HwLauncher( 3310): Launcher changeNaviBarStatus

W/HwLauncher( 3310): Launcher  updateMarginLayoutParamsForView:the target view is null.

I/HwLauncher( 3310): Launcher  onResume mIsToUninstallApp = false

I/HwLauncher( 3310): DynamicIcon onVisibilityChanged 0 - com.android.deskclock

I/HwLauncher( 3310): DynamicIcon onVisibilityChanged 0 - com.android.calendar

I/HwLauncher( 3310): DynamicIcon onVisibilityChanged 0 - com.huawei.android.totemweather

I/HwLauncher( 3310): DynamicIcon onWindowVisibilityChanged 0 - com.android.deskclock

I/HwLauncher( 3310): DynamicIcon onWindowVisibilityChanged 0 - com.android.calendar

I/HwLauncher( 3310): DynamicIcon onWindowVisibilityChanged 0 - com.huawei.android.totemweather

I/PhoneStatusBar( 3052): hw_status_bar_operators = true, setSystemUIVisibily(SHOW_OPERATOR = false)

I/HwLauncher( 3310): WeatherDynamicUpdaterreceive action = com.huawei.android.action.launcher_weather_icon_change

I/HwLauncher( 3310): WeatherDynamicUpdaterreceiver data is int[] = [0, 0, 52, 0, 96, 0, 140, 0]


I/HwLauncher( 3310):  stringArray[] [haze, num1, num9, tempc]

I/PhoneStatusBar( 3052): hw_status_bar_operators = true, setSystemUIVisibily(SHOW_OPERATOR = false)

I/K3V3CpuGovernorPolicy( 3266): close previously scene Hmp policy : 300 , 150

W/ResourceType( 3310): No known package when getting name for resource number 0x9c020204

I/HwLauncher( 3310): Launcher  onLongClick v = com.huawei.android.launcher.BubbleTextView{42d29c28 VFED..CL ...P.... 352,816-528,1000 #9c020204} isLand = false mWorkspaceLoading = false mIsFolderOpening = false isWorkspaceLocked() = false mIsInstallingApp = false mDragLayer.isMoveViewAnimating() = false mDragLayer.isAnimateViewToDrop() = false mIsToUninstallApp = false

I/HwLauncher( 3310): EdgeTouchDetectorupdateScreenSize - mScreenSize rect 2 :Rect(50, 100 - 670, 1230)

W/ResourceType( 3310): No known package when getting name for resource number 0x9c020204

I/HwLauncher( 3310): Launcher  onLongClick allowLongPress = true mDragController.isDragging() = false itemUnderLongClick = com.huawei.android.launcher.BubbleTextView{42d29c28 VFED..CL ...P.... 352,816-528,1000 #9c020204}

I/HwLauncher( 3310): DropTarget onDragEnter: Drag contract violated: -2

I/HwLauncher( 3310): DropTarget onDragEnter: Drag contract violated: -4

I/HwLauncher( 3310): DropTarget onDragEnter: Drag contract violated: -4

I/HwLauncher( 3310): ShareDropTarget onDragStart 

I/HwLauncher( 3310): DropTarget onDragEnter: Drag contract violated: -1

I/HwLauncher( 3310): DropTarget onDragEnter: Drag contract violated: -1

I/HwLauncher( 3310): DropTarget onDragEnter: Drag contract violated: -1

I/HwLauncher( 3310): DropTarget onDragExit: Drag contract violated: -3

I/HwLauncher( 3310): CellLayout anim 0 update: 0.0, isStopped false

I/HwLauncher( 3310): DropTarget onDragEnter: Drag contract violated: -3

I/HwLauncher( 3310): CellLayout anim 0 update: 0.0, isStopped false

W/MotionDetectionManager( 3310): startMotionAppsReco motionApps: 601 disabled

W/HwLauncher( 3310): Launcher.MotionManager failed to start TYPE_TILT_LR_MOVE_WIDGETS

W/System.err( 3310): android.provider.Settings$SettingNotFoundException: gesture_active_control

W/System.err( 3310): 	at android.provider.Settings$System.getIntForUser(Settings.java:1256)

W/System.err( 3310): 	at android.provider.Settings$System.getInt(Settings.java:1246)

W/System.err( 3310): 	at com.huawei.android.launcher.Launcher.getSystemInt(Launcher.java:6217)

W/System.err( 3310): 	at com.huawei.android.launcher.Launcher.onLongClick(Launcher.java:5006)

W/System.err( 3310): 	at android.view.View.performLongClick(View.java:4482)

W/System.err( 3310): 	at android.widget.TextView.performLongClick(TextView.java:8481)

W/System.err( 3310): 	at android.view.View$CheckForLongPress.run(View.java:18459)

W/System.err( 3310): 	at android.os.Handler.handleCallback(Handler.java:733)

W/System.err( 3310): 	at android.os.Handler.dispatchMessage(Handler.java:95)

W/System.err( 3310): 	at android.os.Looper.loop(Looper.java:136)

W/System.err( 3310): 	at android.app.ActivityThread.main(ActivityThread.java:5314)

W/System.err( 3310): 	at java.lang.reflect.Method.invokeNative(Native Method)

W/System.err( 3310): 	at java.lang.reflect.Method.invoke(Method.java:515)

W/System.err( 3310): 	at com.android.internal.os.ZygoteInit$MethodAndArgsCaller.run(ZygoteInit.java:862)

W/System.err( 3310): 	at com.android.internal.os.ZygoteInit.main(ZygoteInit.java:678)

W/System.err( 3310): 	at dalvik.system.NativeStart.main(Native Method)

I/HwLauncher( 3310): DropTarget onDragExit: Drag contract violated: -4

I/HwLauncher( 3310): DropTarget onDragEnter: Drag contract violated: -3

I/HwLauncher( 3310): DropTarget onDragExit: Drag contract violated: -4

I/HwLauncher( 3310): CellLayout anim 2 update: 0.0, isStopped false

I/PhoneStatusBar( 3052): hw_status_bar_operators = true, setSystemUIVisibily(SHOW_OPERATOR = false)

I/HwLauncher( 3310): Workspace onDragEnd dockSize=4 DOCK_SIZE_DRAG_BEFORE=4 isReseat=true HOTSEAT_CELLCOUNTX=4

I/HwLauncher( 3310): Workspace debugHotseatInfo() dockSize=4dockItem=ShortcutInfo(title=拨号)  dockItem.cellX=0

I/HwLauncher( 3310): Workspace debugHotseatInfo() dockSize=4dockItem=ShortcutInfo(title=联系人)  dockItem.cellX=1

I/HwLauncher( 3310): Workspace debugHotseatInfo() dockSize=4dockItem=ShortcutInfo(title=信息)  dockItem.cellX=2

I/HwLauncher( 3310): Workspace debugHotseatInfo() dockSize=4dockItem=ShortcutInfo(title=浏览器)  dockItem.cellX=3

I/HwLauncher( 3310): Workspace debugHotseatInfo() dockSize=4 null Icon=4

W/HwLauncher( 3310): Launcher.MotionManager failed to stop TYPE_TILT_LR_MOVE_WIDGETS

I/HwLauncher( 3310): DropTarget onDragExit: Drag contract violated: -3

I/HwLauncher( 3310): DropTarget onDragExit: Drag contract violated: -4

I/HwLauncher( 3310): DropTarget onDragExit: Drag contract violated: -4

I/HwLauncher( 3310): ShareDropTarget onDragEnd 

I/HwLauncher( 3310): DropTarget onDragExit: Drag contract violated: -1

I/HwLauncher( 3310): DropTarget onDragExit: Drag contract violated: -1

I/HwLauncher( 3310): DropTarget onDragExit: Drag contract violated: -1

I/PhoneStatusBar( 3052): hw_status_bar_operators = true, setSystemUIVisibily(SHOW_OPERATOR = false)

I/HwLauncher( 3310): Launcher  uninstallApp mUninstallShortcutInfo.title = brush

I/HwLauncher( 3310): CellLayout mOccupied[j][i] = false (view != null) = false

W/HwLauncher( 3310): CellLayout reArrangeItemsAfterUninstallApp animators.size is 0.

I/ApplicationsProvider( 8355): sendGCMsg()

I/HwSystemManager( 3478): HsmPackageManager:Receive intent:Intent { act=android.intent.action.PACKAGE_REMOVED dat=package:air.com.zzf.brush flg=0x4000010 (has extras) }

I/HwLauncher( 3310): Model  onReceive intent=Intent { act=android.intent.action.PACKAGE_REMOVED dat=package:air.com.zzf.brush flg=0x4000010 (has extras) }

I/HwSystemManager( 3478): HsmPackageManager:replacing:false

I/HwSystemManager( 3478): HsmPackageManager:pkgName:air.com.zzf.brush

I/HwLauncher( 3310): Model isStk =false replacing = false package = air.com.zzf.brush

I/HwSystemManager( 3478): HsmPackageManager:doAppRemoved, remove:air.com.zzf.brush

I/HwLauncher( 3310): MutilSelectedIconsonPreHandleUpdatedTask : mIsInMutilSelectMode = false task = 3 packages = [air.com.zzf.brush]

I/HwLauncher( 3310): SimpleLauncherModeaction= android.intent.action.PACKAGE_REMOVEDpackageName = air.com.zzf.brush

I/HwLauncher( 3310): SimpleLauncherModemAllAppsList.removePackage air.com.zzf.brush

I/HwLauncher( 3310): SimpleAllAppsList   add packageName into uninstalledSDApps 

I/HwLauncher( 3310): SimpleLauncherModeuninstalledSDApps size > 0

W/HwLauncher( 3310): SimpleLauncherModeNobody to tell about the new app.  Launcher is probably loading.

I/HwLauncher( 3310): SimpleLauncherModeOP_REMOVE callback is null, delete simpleUI database record

I/HwLauncher( 3310): Model mAllAppsList.removePackage air.com.zzf.brush

I/PushLog2551( 6166): [main-1]support ctrlsocket.(android/PushServiceTools.java:63)

I/InputReader( 2929): Reconfiguring input devices.  changes=0x00000010

I/HwSystemManager(22229): HsmPackageManager:Receive intent:Intent { act=android.intent.action.PACKAGE_REMOVED dat=package:air.com.zzf.brush flg=0x4000010 (has extras) }

I/HwSystemManager(22229): HsmPackageManager:replacing:false

I/HwSystemManager(22229): HsmPackageManager:pkgName:air.com.zzf.brush

I/HwSystemManager(22229): HsmPackageManager:doAppRemoved, remove:air.com.zzf.brush

W/ResourceType( 7696): getEntry failing because entryIndex 1976 is beyond type entryCount 1010

W/ResourceType( 7696): Failure getting entry for 0x7f0207b8 (t=1 e=1976) in package 0 (error -2147483647)

W/ResourceType( 7696): getEntry failing because entryIndex 1975 is beyond type entryCount 1010

W/ResourceType( 7696): Failure getting entry for 0x7f0207b7 (t=1 e=1975) in package 0 (error -2147483647)

I/AccountTypeManager( 7696): Adding account type = com.android.contacts.model.account.ExternalAccountType@42cda7e8 in the cache

I/AccountTypeManager( 7696): Adding account type = com.android.contacts.model.account.ExchangeAccountType@431c58c8 in the cache

I/SimFactoryManager( 7696): Get SIM state from SIM factory manager: 7,For slotId:1

I/AccountTypeManager( 7696): Adding account type = com.android.contacts.model.account.ExternalAccountType@42e978a8 in the cache

I/SimFactoryManager( 7696): Get SIM state from SIM factory manager: 5,For slotId:0

I/AccountTypeManager( 7696): Adding account type = com.android.contacts.hap.sim.advanced.AdvancedSimAccountType@42d0f1b8 in the cache

I/ECS     (23008): logger{21456} b.run() thread begin

I/AccountTypeManager( 7696): Adding account type = com.android.contacts.model.account.ExternalAccountType@42eb7980 in the cache

I/ECS     (23008): main{1} e.a() all = DEBUG

I/ECS     (23008): main{1} a.a() 

I/ECS     (23008): ============================================================================

I/ECS     (23008): ====                     version 3.4.71-00[20131118]                    ====

I/ECS     (23008): ====       MIP(Mobile Interface Protocol) with MTK(Mini Tool Kit)       ====

I/ECS     (23008): ====        Copyright (c) 2011-2013 Huawei Technologies Co., Ltd.       ====

I/ECS     (23008): ============================================================================

I/AccountTypeManager( 7696): Loaded meta-data for 5 account types, 4 accounts in 216ms(wall) 31ms(cpu)

I/provider->DbProvider(23008): provider->DbProvider:onCreate()

I/HwLauncher( 3310): Launcher packageDeleted packageName = air.com.zzf.brush returnCode = 1

I/DbHelper(23008): DbHelper:delete()

E/cutils  ( 2403): Failed to mkdirat(/storage/sdcard1/Android): Read-only file system

W/ContextImpl(23008): Failed to ensure directory: /storage/sdcard1/Android/data/com.huawei.gamebox/files

E/cutils  ( 2403): Failed to mkdirat(/storage/sdcard1/Android): Read-only file system

W/ContextImpl(23008): Failed to ensure directory: /storage/sdcard1/Android/data/com.huawei.gamebox/files

E/SerializedObject(23008): read failed:/storage/emulated/0/Android/data/com.huawei.gamebox/files/Data/.AppCheckInfo

I/ECS     (23033): logger{21459} b.run() thread begin

I/ECS     (23033): main{1} e.a() all = DEBUG

I/ECS     (23033): main{1} a.a() 

I/ECS     (23033): ============================================================================

I/ECS     (23033): ====                     version 3.4.71-00[20131118]                    ====

I/ECS     (23033): ====       MIP(Mobile Interface Protocol) with MTK(Mini Tool Kit)       ====

I/ECS     (23033): ====        Copyright (c) 2011-2013 Huawei Technologies Co., Ltd.       ====

I/ECS     (23033): ============================================================================

I/provider->DbProvider(23033): provider->DbProvider:onCreate()

I/DbHelper(23033): DbHelper:delete()

E/cutils  ( 2403): Failed to mkdirat(/storage/sdcard1/Android): Read-only file system

W/ContextImpl(23033): Failed to ensure directory: /storage/sdcard1/Android/data/com.huawei.appmarket/files

E/cutils  ( 2403): Failed to mkdirat(/storage/sdcard1/Android): Read-only file system

W/ContextImpl(23033): Failed to ensure directory: /storage/sdcard1/Android/data/com.huawei.appmarket/files

I/MultiDex(23061): install

I/HwLauncher( 3310): UnreadContentObserver onChange()

I/HwLauncher( 3310): UnreadContentObserver onChange()

I/MultiDex(23061): MultiDexExtractor.load(/system/priv-app/GmsCore.apk, false)

I/MultiDex(23061): loading existing secondary dex files

I/MultiDex(23061): load found 1 secondary dex files

I/MultiDex(23061): install done

I/ProviderInstaller(23061): Insert disabled by gate 'gms:security:enable_conscrypt_in_gms_application'

I/GoogleHttpClient(23061): Falling back to old SSLCertificateSocketFactory

I/PushLogAC2543( 3277): [main-1]action is android.intent.action.PACKAGE_REMOVED(pushagent/null:-1)

I/HwSystemManager( 3478): NotificationManagerReceiver:onReceive action = android.intent.action.PACKAGE_REMOVED

I/PushLogAC2543( 3277): [Thread-55-55]framework push exist, use framework push first(pushagent/null:-1)

I/HwSystemManager(22229): OptimizeReceiver:OptimizeReceiver received action:android.intent.action.PACKAGE_REMOVED

I/HwSystemManager(22229): PowerGenieDbHelper:delete protect app:air.com.zzf.brush

I/HwSystemManager(22229): HsmPackageManager:get all installed packages, flag:8192, size:163

E/HwSystemManager(22229): PermissionDBAdapter:appcationsList size:163

I/HwSystemManager( 3478): OptimizeProvider:startup allow delete is executed for Uri:content://com.huawei.android.batteryspriteprovider/startupallowapps

I/HwSystemManager(22229): ComBroadcastReceiver:ComBroadcastReceiver action = android.intent.action.PACKAGE_REMOVED

E/HwSystemManager( 3478): AppCleanUpService:msg is 1

I/HwSystemManager(22229): SavingSettingUtil:setAlarm and high_level_standard is 10 msg_send_interval is 240 count_frequency is 60 dangerous_level_standard is 25 dangerous_current_level is 30 min_interval_time is 3 average_current_fg is 350 count_frequency_fg is 5 app_show_level is 1

I/HwSystemManager( 3478): HsmIntentService:destroyed. this:com.huawei.systemmanager.util.content.HsmIntentService_bg@434a2a18

I/YhdsEngine(22229): [EngineIntentService] Received: com.dianxinos.optimizer.engine.action.PKG_CHANGE

I/HwSystemManager(22229): DX-Optimizer:[PackageChangeReceiver] Received: android.intent.action.PACKAGE_REMOVED, data: package:air.com.zzf.brush, replacing: false

I/HwSystemManager(22229): DX-Optimizer:[CommonIntentService] Received: com.dianxinos.optimizer.action.PKG_CHANGE

I/TrashManager(22229): EngineManager not initialed, please EngineManager#init()

I/HwLauncher( 3310): NewHispaceUpdateObserver  newHispaceCount: 0 

W/HwLauncher( 3310): UnreadContentObserver newUnreadCount:0,oldUnreadCount:0

I/PeopleContactsSync(23061): CP2 sync disabled

I/Icing   (23061): Storage manager: low false usage 65.46KB avail 6.52GB capacity 9.74GB

I/HwSystemManager(22229): HsmIntentService:destroyed. this:com.huawei.systemmanager.util.content.HsmIntentService_ui@42e65c38

I/MultiDex(23149): VM with version 1.6.0 does not have multidex support

I/MultiDex(23149): install

I/MultiDex(23149): MultiDexExtractor.load(/data/app/com.sina.weibo-2.apk, false)

I/MultiDex(23149): loading existing secondary dex files

I/MultiDex(23149): load found 1 secondary dex files

I/MultiDex(23149): install done

I/System.out(23149): 1570

W/Icing   (23061): Error while loading LangUtil; unable to load Cld2DetectLanguage: undefined symbol: IcingExtCld2DetectLanguage

I/Icing   (23061): updateResources: need to parse gfv{com.google.android.gms}

I/Icing   (23061): Internal init done: storage state 0

W/SQLiteConnectionPool(23061): A SQLiteConnection object for database '/data/data/com.google.android.gms/databases/history_query.db' was leaked!  Please fix your application to end transactions in progress properly and to close the database when it is no longer needed.

W/SQLiteConnectionPool(23061): A SQLiteConnection object for database '/data/data/com.google.android.gms/databases/metrics.db' was leaked!  Please fix your application to end transactions in progress properly and to close the database when it is no longer needed.

W/SQLiteConnectionPool(23061): A SQLiteConnection object for database '/data/data/com.google.android.gms/databases/help_responses.db' was leaked!  Please fix your application to end transactions in progress properly and to close the database when it is no longer needed.

I/Icing   (23061): Post-init done

I/Icing   (23061): doRemovePackageData air.com.zzf.brush

I/MultiDex(23170): install

I/MultiDex(23170): MultiDexExtractor.load(/system/priv-app/GmsCore.apk, false)

I/MultiDex(23170): loading existing secondary dex files

I/MultiDex(23170): load found 1 secondary dex files

I/MultiDex(23170): install done

I/ProviderInstaller(23170): Insert disabled by gate 'gms:security:enable_conscrypt_in_gms_application'

I/HwSystemManager( 3478): HoldService:preHoldShow start!

I/HwSystemManager( 3478): HoldService:The prePermissionType is: 1

I/HwSystemManager( 3478): HoldService:preHoldShow start!

I/HwSystemManager( 3478): HoldService:The prePermissionType is: 1

I/System.out(23149): 1570

I/System.out(23149): 1570

I/System.out(23149): 1570

I/System.out(23149): 1570

I/System.out(23149): 1570

I/System.out(23149): 1570

W/ContextImpl(23149): Implicit intents with startService are not safe: Intent { act=sina.push.action.service.null (has extras) } android.content.ContextWrapper.startService:494 com.sina.push.PushManager.sendCommand:264 com.sina.push.PushManager.setPushLoggable:157 

I/RegistrationReceiver(12137): start for ACTION_PACKAGE_REMOVED，replacing：false ,packageName: air.com.zzf.brush

I/RegistrationReceiver(12137): replacing or not registered push client : air.com.zzf.brush

I/Utility (12137): --- isDisableService : false

I/PushService(12137): onDestroy

E/StoreApplication(23203): Unknow ProcName:com.huawei.gamebox:pushservice

E/StoreApplication(23203): Unknow ProcName:com.huawei.gamebox:pushservice

I/PushLogSC2543(23203): [main-1]action is android.intent.action.PACKAGE_REMOVED(gamebox/null:-1)

E/mutiCardFactory(23203): [Thread-21481-21481]FeatureOption.MTK_GEMINI_SUPPORTjava.lang.ClassNotFoundException: com.mediatek.common.featureoption.FeatureOption(gamebox/null:-1)

I/mutiCardFactory(23203): [Thread-21481-21481]isMtkGeminiSupport false(gamebox/null:-1)

I/mutiCardFactory(23203): [Thread-21481-21481]isHwGeminiSupport1 true(gamebox/null:-1)

W/System.err( 2929): java.lang.SecurityException: WifiService: Neither user 10038 nor current process has android.permission.CHANGE_WIFI_STATE.

W/System.err( 2929): 	at android.app.ContextImpl.enforce(ContextImpl.java:1775)

W/System.err( 2929): 	at android.app.ContextImpl.enforceCallingOrSelfPermission(ContextImpl.java:1804)

W/System.err( 2929): 	at com.android.server.wifi.WifiService.enforceChangePermission(WifiService.java:639)

W/System.err( 2929): 	at com.android.server.wifi.WifiService.getWifiServiceMessenger(WifiService.java:1288)

W/System.err( 2929): 	at android.net.wifi.IWifiManager$Stub.onTransact(IWifiManager.java:423)

W/System.err( 2929): 	at huawei.com.android.server.wifi.HwWifiService.onTransact(HwWifiService.java:58)

W/System.err( 2929): 	at android.os.Binder.execTransact(Binder.java:404)

W/System.err( 2929): 	at dalvik.system.NativeStart.run(Native Method)

I/PushLogSC2543(23203): [Thread-21481-21481]framework push exist, use framework push first(gamebox/null:-1)

I/dalvikvm(23219): Enabling JNI app bug workarounds for target SDK version 8...

I/MapStatic(23219): init class

I/MapStatic(23219): class loaded

I/HwSystemManager(22229): PermissionDBAdapter:preInstalledAppsPermissionEmendation no need emendation!

I/HwSystemManager(22229): PermissionDBAdapter:checkDBErrorBecauseofHOTA packageNameDBList size 42

I/HwSystemManager(22229): PermissionDBAdapter:checkDBErrorBecauseofHOTA nameList is0

I/System.out(23219): time used @LocationInstrument init Cost:12.689166 ms

I/HwSystemManager( 3478): HoldService:preHoldShow start!

I/HwSystemManager( 3478): HoldService:The prePermissionType is: 1

I/HwSystemManager( 3478): HoldService:preHoldShow start!

I/HwSystemManager( 3478): HoldService:The prePermissionType is: 1

I/HwSystemManager( 3478): HoldService:preHoldShow start!

I/HwSystemManager( 3478): HoldService:The prePermissionType is: 1

I/HwSystemManager( 3478): HoldService:preHoldShow start!

I/HwSystemManager( 3478): HoldService:The prePermissionType is: 1

I/FileUtil(23253): [main-1]Can not find the file config.properities(hwid/FileUtil.java:481)

E/FansLog (23253): ConfigHelper.init: ConfigHelperFail to load config because of an io exception: java.io.FileNotFoundException: config.properties

I/CommonApplication(23281): CommonApplication.onCreate

I/PushLogSC2545(23281): [main-1]action is android.intent.action.PACKAGE_REMOVED(remoteassistant/null:-1)

I/dalvikvm-heap(23219): Grow heap (frag case) to 16.005MB for 522256-byte allocation

E/mutiCardFactory(23281): [Thread-21490-21490]FeatureOption.MTK_GEMINI_SUPPORTjava.lang.ClassNotFoundException: com.mediatek.common.featureoption.FeatureOption(remoteassistant/null:-1)

I/mutiCardFactory(23281): [Thread-21490-21490]isMtkGeminiSupport false(remoteassistant/null:-1)

I/mutiCardFactory(23281): [Thread-21490-21490]isHwGeminiSupport1 true(remoteassistant/null:-1)

I/PushLogSC2545(23281): [Thread-21490-21490]framework push exist, use framework push first(remoteassistant/null:-1)

I/dalvikvm-heap(23219): Grow heap (frag case) to 16.049MB for 308080-byte allocation

E/StoreApplication(23297): Unknow ProcName:com.huawei.appmarket:pushservice

E/StoreApplication(23297): Unknow ProcName:com.huawei.appmarket:pushservice

I/PushLogSC2543(23297): [main-1]action is android.intent.action.PACKAGE_REMOVED(appmarket/null:-1)

I/HwSystemManager( 3478): HoldService:preHoldShow start!

I/HwSystemManager( 3478): HoldService:The prePermissionType is: 1

E/mutiCardFactory(23297): [Thread-21493-21493]FeatureOption.MTK_GEMINI_SUPPORTjava.lang.ClassNotFoundException: com.mediatek.common.featureoption.FeatureOption(appmarket/null:-1)

I/mutiCardFactory(23297): [Thread-21493-21493]isMtkGeminiSupport false(appmarket/null:-1)

I/mutiCardFactory(23297): [Thread-21493-21493]isHwGeminiSupport1 true(appmarket/null:-1)

W/System.err( 2929): java.lang.SecurityException: WifiService: Neither user 10008 nor current process has android.permission.CHANGE_WIFI_STATE.

W/System.err( 2929): 	at android.app.ContextImpl.enforce(ContextImpl.java:1775)

W/System.err( 2929): 	at android.app.ContextImpl.enforceCallingOrSelfPermission(ContextImpl.java:1804)

W/System.err( 2929): 	at com.android.server.wifi.WifiService.enforceChangePermission(WifiService.java:639)

W/System.err( 2929): 	at com.android.server.wifi.WifiService.getWifiServiceMessenger(WifiService.java:1288)

W/System.err( 2929): 	at android.net.wifi.IWifiManager$Stub.onTransact(IWifiManager.java:423)

W/System.err( 2929): 	at huawei.com.android.server.wifi.HwWifiService.onTransact(HwWifiService.java:58)

W/System.err( 2929): 	at android.os.Binder.execTransact(Binder.java:404)

W/System.err( 2929): 	at dalvik.system.NativeStart.run(Native Method)

I/PushLogSC2543(23297): [Thread-21493-21493]framework push exist, use framework push first(appmarket/null:-1)

I/PushLogSC2539(23317): [main-1]action is android.intent.action.PACKAGE_REMOVED(ds/null:-1)

E/mutiCardFactory(23317): [Thread-21498-21498]FeatureOption.MTK_GEMINI_SUPPORTjava.lang.ClassNotFoundException: com.mediatek.common.featureoption.FeatureOption(ds/null:-1)

I/mutiCardFactory(23317): [Thread-21498-21498]isMtkGeminiSupport false(ds/null:-1)

I/mutiCardFactory(23317): [Thread-21498-21498]isHwGeminiSupport1 true(ds/null:-1)

I/PushLogSC2539(23317): [Thread-21498-21498]framework push exist, use framework push first(ds/null:-1)

I/dalvikvm(23355): Enabling JNI app bug workarounds for target SDK version 8...

E/DexLoad (23355): [E]Success

E/DexLoad (23355): [E]Success

W/ResourceType(23355): getEntry failing because entryIndex 537 is beyond type entryCount 537

W/ResourceType(23355): Failure getting entry for 0x7f0b0219 (t=10 e=537) in package 0 (error -2147483647)

W/System.err(23219): java.lang.ClassNotFoundException: com.taobao.statistic.TBS$Ext

W/System.err(23219): 	at java.lang.Class.classForName(Native Method)

W/System.err(23219): 	at java.lang.Class.forName(Class.java:251)

W/System.err(23219): 	at java.lang.Class.forName(Class.java:216)

W/System.err(23219): 	at com.taobao.securityjni.usertrack.TBSecurityUsertrackProxy.UserTrackUpload(Unknown Source)

W/System.err(23219): 	at com.taobao.securityjni.impl.CImplStaticData.getAppKeyByte(Native Method)

W/System.err(23219): 	at com.taobao.securityjni.impl.CImplStaticData.getAppKey(Unknown Source)

W/System.err(23219): 	at com.taobao.securityjni.StaticDataStore.getAppKey(Unknown Source)

W/System.err(23219): 	at com.taobao.securityjni.StaticDataStore.getAppKey(Unknown Source)

W/System.err(23219): 	at java.lang.reflect.Method.invokeNative(Native Method)

W/System.err(23219): 	at java.lang.reflect.Method.invoke(Method.java:515)

W/System.err(23219): 	at com.taobao.dp.a.c.a(Unknown Source)

W/System.err(23219): 	at com.taobao.dp.client.a.init(Unknown Source)

W/System.err(23219): 	at com.taobao.dp.DeviceSecuritySDK.init(Unknown Source)

W/System.err(23219): 	at com.taobao.dp.client.a.init(Unknown Source)

W/System.err(23219): 	at com.taobao.dp.DeviceSecuritySDK.init(Unknown Source)

W/System.err(23219): 	at com.autonavi.minimap.Activator$1.run(Activator.java:196)

W/System.err(23219): 	at java.lang.Thread.run(Thread.java:841)

W/System.err(23219): Caused by: java.lang.NoClassDefFoundError: com/taobao/statistic/TBS$Ext

W/System.err(23219): 	... 17 more

W/System.err(23219): Caused by: java.lang.ClassNotFoundException: Didn't find class "com.taobao.statistic.TBS$Ext" on path: DexPathList[[zip file "/data/app/com.autonavi.minimap-2.apk"],nativeLibraryDirectories=[/data/app-lib/com.autonavi.minimap-2, /vendor/lib, /system/lib, /data/datalib]]

W/System.err(23219): 	at dalvik.system.BaseDexClassLoader.findClass(BaseDexClassLoader.java:56)

W/System.err(23219): 	at java.lang.ClassLoader.loadClass(ClassLoader.java:497)

W/System.err(23219): 	at java.lang.ClassLoader.loadClass(ClassLoader.java:457)

W/System.err(23219): 	... 17 more

I/HwSystemManager( 3478): HoldService:preHoldShow start!

I/HwSystemManager( 3478): HoldService:The prePermissionType is: 1

I/HwSystemManager( 3478): HoldService:preHoldShow start!

I/HwSystemManager( 3478): HoldService:The prePermissionType is: 1

W/System.err( 2929): java.lang.SecurityException: Need BLUETOOTH permission: Neither user 10098 nor current process has android.permission.BLUETOOTH.

W/System.err( 2929): 	at android.app.ContextImpl.enforce(ContextImpl.java:1775)

W/System.err( 2929): 	at android.app.ContextImpl.enforceCallingOrSelfPermission(ContextImpl.java:1804)

W/System.err( 2929): 	at com.android.server.BluetoothManagerService.getAddress(BluetoothManagerService.java:627)

W/System.err( 2929): 	at android.bluetooth.IBluetoothManager$Stub.onTransact(IBluetoothManager.java:156)

W/System.err( 2929): 	at android.os.Binder.execTransact(Binder.java:404)

W/System.err( 2929): 	at dalvik.system.NativeStart.run(Native Method)

I/HwSystemManager( 3478): HoldService:preHoldShow start!

I/HwSystemManager( 3478): HoldService:The prePermissionType is: 1

I/HwSystemManager( 3478): HoldService:preHoldShow start!

I/HwSystemManager( 3478): HoldService:The prePermissionType is: 1

I/HwSystemManager( 3478): HoldService:preHoldShow start!

I/HwSystemManager( 3478): HoldService:The prePermissionType is: 1

I/HwSystemManager( 3478): HoldService:preHoldShow start!

I/HwSystemManager( 3478): HoldService:The prePermissionType is: 1

W/System.err( 2929): java.lang.SecurityException: Need BLUETOOTH permission: Neither user 10098 nor current process has android.permission.BLUETOOTH.

W/System.err( 2929): 	at android.app.ContextImpl.enforce(ContextImpl.java:1775)

W/System.err( 2929): 	at android.app.ContextImpl.enforceCallingOrSelfPermission(ContextImpl.java:1804)

W/System.err( 2929): 	at com.android.server.BluetoothManagerService.getAddress(BluetoothManagerService.java:627)

W/System.err( 2929): 	at android.bluetooth.IBluetoothManager$Stub.onTransact(IBluetoothManager.java:156)

W/System.err( 2929): 	at android.os.Binder.execTransact(Binder.java:404)

W/System.err( 2929): 	at dalvik.system.NativeStart.run(Native Method)

I/HwSystemManager( 3478): HoldService:preHoldShow start!

I/HwSystemManager( 3478): HoldService:The prePermissionType is: 1

I/HwSystemManager( 3478): HoldService:preHoldShow start!

I/HwSystemManager( 3478): HoldService:The prePermissionType is: 1

I/lzftest (23334): native_fix done!

I/Process (10252): Sending signal. PID: 10252 SIG: 3

I/dalvikvm(10252): threadid=3: reacting to signal 3

E/dalvikvm(10252): Unable to open stack trace file '/data/anr/traces.txt': Permission denied

W/Settings(23334): Setting android_id has moved from android.provider.Settings.System to android.provider.Settings.Secure, returning read-only value.

W/Settings(23334): Setting android_id has moved from android.provider.Settings.System to android.provider.Settings.Secure, returning read-only value.

W/Settings(23334): Setting android_id has moved from android.provider.Settings.System to android.provider.Settings.Secure, returning read-only value.

W/Settings(23334): Setting android_id has moved from android.provider.Settings.System to android.provider.Settings.Secure, returning read-only value.

W/Settings(23334): Setting android_id has moved from android.provider.Settings.System to android.provider.Settings.Secure, returning read-only value.

I/K3V3CpuGovernorPolicy( 3266): set scene Hmp policy : 300 , 150

E/JD_ZY   (23334): current network type: wifi

E/JD_ZY   (23334): resume update service

I/ApplicationsProvider( 8355): System.gc()

I/MobJaAgent(23334): Response from online config data result: {"appkey":"20095","isvalid":true,"sendlog":{"time":30,"send":"timesend"}}

I/HwSystemManager( 3478): HoldService:preHoldShow start!

I/HwSystemManager( 3478): HoldService:The prePermissionType is: 1

I/lzftest (23422): native_fix done!

I/lzftest (23435): native_fix done!

I/MobJaAgent(23334): Request to real time data result: 

I/wpa_supplicant(15598): wlan0: HEART-BEAT-ACK: 589

W/Settings(23422): Setting android_id has moved from android.provider.Settings.System to android.provider.Settings.Secure, returning read-only value.

W/Settings(23422): Setting android_id has moved from android.provider.Settings.System to android.provider.Settings.Secure, returning read-only value.

W/Settings(23422): Setting android_id has moved from android.provider.Settings.System to android.provider.Settings.Secure, returning read-only value.

W/Settings(23422): Setting android_id has moved from android.provider.Settings.System to android.provider.Settings.Secure, returning read-only value.

W/Settings(23422): Setting android_id has moved from android.provider.Settings.System to android.provider.Settings.Secure, returning read-only value.

E/Thermal-daemon( 2418): [ap] temp_new :35  temp_old :34

I/HwSystemManager( 3478): HoldService:preHoldShow start!

I/HwSystemManager( 3478): HoldService:The prePermissionType is: 1

E/JD_ZY   (23422): current network type: wifi

E/JD_ZY   (23422): resume update service

I/HwSystemManager( 3478): HoldService:preHoldShow start!

I/HwSystemManager( 3478): HoldService:The prePermissionType is: 1

I/HwSystemManager( 3478): HoldService:preHoldShow start!

I/HwSystemManager( 3478): HoldService:The prePermissionType is: 1

I/HwSystemManager( 3478): HoldService:preHoldShow start!

I/HwSystemManager( 3478): HoldService:The prePermissionType is: 1

W/Settings(23435): Setting android_id has moved from android.provider.Settings.System to android.provider.Settings.Secure, returning read-only value.

W/Settings(23435): Setting android_id has moved from android.provider.Settings.System to android.provider.Settings.Secure, returning read-only value.

W/Settings(23435): Setting android_id has moved from android.provider.Settings.System to android.provider.Settings.Secure, returning read-only value.

W/Settings(23435): Setting android_id has moved from android.provider.Settings.System to android.provider.Settings.Secure, returning read-only value.

W/Settings(23435): Setting android_id has moved from android.provider.Settings.System to android.provider.Settings.Secure, returning read-only value.

I/HwSystemManager( 3478): HoldService:preHoldShow start!

I/HwSystemManager( 3478): HoldService:The prePermissionType is: 1

E/JD_ZY   (23435): current network type: wifi

I/HwSystemManager( 3478): HoldService:preHoldShow start!

I/HwSystemManager( 3478): HoldService:The prePermissionType is: 1

E/JD_ZY   (23435): resume update service

I/HwSystemManager( 3478): HoldService:preHoldShow start!

I/HwSystemManager( 3478): HoldService:The prePermissionType is: 1

I/HwSystemManager( 3478): HoldService:preHoldShow start!

I/HwSystemManager( 3478): HoldService:The prePermissionType is: 1

I/HwSystemManager( 3478): HoldService:preHoldShow start!

I/HwSystemManager( 3478): HoldService:The prePermissionType is: 1

I/MobJaAgent(23422): Response from online config data result: {"appkey":"20095","isvalid":true,"sendlog":{"time":30,"send":"timesend"}}

I/HwSystemManager( 3478): HoldService:preHoldShow start!

I/HwSystemManager( 3478): HoldService:The prePermissionType is: 1

I/MobJaAgent(23435): Response from online config data result: {"appkey":"20095","isvalid":true,"sendlog":{"time":30,"send":"timesend"}}

I/HwSystemManager( 3478): HoldService:preHoldShow start!

I/HwSystemManager( 3478): HoldService:The prePermissionType is: 1

I/MobJaAgent(23435): Request to real time data result: 

I/MobJaAgent(23422): Request to real time data result: 

E/CommandListener( 2405): readDefRoute call readDefRoute

E/SecondaryTablController( 2405): isWifiDefaultRouteExisted /system/bin/ip route

E/CommandListener( 2405): readDefRoute Rsp ok

E/Thermal-daemon( 2418): [ap] temp_new :36  temp_old :35

E/Thermal-daemon( 2418): Report temperature: [ap] temp :36  report_threshold:1

I/CloudGallaryService(16588): [CGCommonStatusReceiver[v1.1.8]]: CGCommonStatusReceiver,action-->android.intent.action.BATTERY_CHANGED

I/CloudGallaryService(16588): [ReceiverManager[v1.1.8]]: ReceiverManager,action-->android.intent.action.BATTERY_CHANGED

I/CloudGallaryService(16588): [IProcessor[v1.1.8]]: state is not change ，not call service!

I/wpa_supplicant(15598): wlan0: HEART-BEAT-ACK: 590

E/Thermal-daemon( 2418): [ap] temp_new :35  temp_old :36

E/Thermal-daemon( 2418): Report temperature: [ap] temp :35  report_threshold:1

I/HwLauncher( 3310): ClockDynamicUpdater date changed!!!!!!

I/HwLauncher( 3310): DynamicIconData , getDrawableForDynamic begin, pkg = com.android.deskclock, picName = deskclock_bg

I/HwLauncher( 3310): DynamicIconData , getDrawableForDynamic end, pkg = com.android.deskclock, picName = deskclock_bg

I/HwLauncher( 3310): DynamicIconData , getDrawableForDynamic begin, pkg = com.android.deskclock, picName = deskclock_bg

I/HwLauncher( 3310): DynamicIconData , getDrawableForDynamic end, pkg = com.android.deskclock, picName = deskclock_bg

I/HwLauncher( 3310): Launcher.Utilities createIconBitmap sourceWidth = 120sourceHeight = 120

I/HwLauncher( 3310): ClockDynamicUpdater calender update folder at CalenderDynamicUpdater

I/HwLauncher( 3310): DynamicUpdater call updateFolder

I/HwLauncher( 3310): ClockDynamicUpdater Calender update and call updateFolder

I/HwLauncher( 3310): CalenderDynamicUpdater date changed!!!!!!

I/HwLauncher( 3310): CalenderDynamicUpdater Calender update and call updateFolder

I/CalendarProvider2(23495): Sending notification intent: Intent { act=android.intent.action.PROVIDER_CHANGED dat=content://com.android.calendar }

W/ContentResolver(23495): Failed to get type for: content://com.android.calendar (Unknown URL content://com.android.calendar)

I/CalendarSimpleUiPRovider(16477): onReceive[intent]Intent { act=android.intent.action.PROVIDER_CHANGED dat=content://com.android.calendar flg=0x10 cmp=com.android.calendar/.simpleui.CalendarSimpleUiPRovider }

I/CalendarSimpleUiPRovider(16477): onConfigurationChanged

I/CalendarSimpleUiPRovider(16477): initParams20150120T133301Asia/Shanghai(2,19,28800,0,1421731981)

I/CalendarSimpleUiPRovider(16477): loadEvent end update UI0

E/Thermal-daemon( 2418): [charger] temp_new :33  temp_old :34

I/wpa_supplicant(15598): wlan0: HEART-BEAT-ACK: 591

E/android_hardware_fm.cpp(23552): register_android_hardware_fm_fmradio

E/FM_HAL  (23552): [FM_HAL], fm_dynamic_lib is libbcmfm_if

E/FM_HAL  (23552): [FM_HAL], libname is libbcmfm_if

E/fm_if.c (23552): find the id:libbcmfm_if and begins to open the devices

E/android_hardware_fm.cpp(23552): register_android_hardware_fm_fmradio, ret is 0

E/        (23552): ProtocolErrorLog wangkang test!!

E/android_hardware_fm.cpp(23612): register_android_hardware_fm_fmradio

E/FM_HAL  (23612): [FM_HAL], fm_dynamic_lib is libbcmfm_if

E/FM_HAL  (23612): [FM_HAL], libname is libbcmfm_if

E/fm_if.c (23612): find the id:libbcmfm_if and begins to open the devices

E/android_hardware_fm.cpp(23612): register_android_hardware_fm_fmradio, ret is 0

E/        (23612): ProtocolErrorLog wangkang test!!

E/CommandListener( 2405): readDefRoute call readDefRoute

E/SecondaryTablController( 2405): isWifiDefaultRouteExisted /system/bin/ip route

E/CommandListener( 2405): readDefRoute Rsp ok

I/CloudGallaryService(16588): [CGCommonStatusReceiver[v1.1.8]]: CGCommonStatusReceiver,action-->android.intent.action.BATTERY_CHANGED

I/CloudGallaryService(16588): [ReceiverManager[v1.1.8]]: ReceiverManager,action-->android.intent.action.BATTERY_CHANGED

I/CloudGallaryService(16588): [IProcessor[v1.1.8]]: state is not change ，not call service!

E/android_hardware_fm.cpp(23723): register_android_hardware_fm_fmradio

E/FM_HAL  (23723): [FM_HAL], fm_dynamic_lib is libbcmfm_if

E/FM_HAL  (23723): [FM_HAL], libname is libbcmfm_if

E/fm_if.c (23723): find the id:libbcmfm_if and begins to open the devices

E/android_hardware_fm.cpp(23723): register_android_hardware_fm_fmradio, ret is 0

E/        (23723): ProtocolErrorLog wangkang test!!

I/PackageManager( 2929): Running dexopt on: air.com.zzf.brush

I/CloudGallaryService(16588): [CGCommonStatusReceiver[v1.1.8]]: CGCommonStatusReceiver,action-->android.intent.action.BATTERY_CHANGED

I/CloudGallaryService(16588): [ReceiverManager[v1.1.8]]: ReceiverManager,action-->android.intent.action.BATTERY_CHANGED

I/CloudGallaryService(16588): [IProcessor[v1.1.8]]: state is not change ，not call service!

I/HwLauncher( 3310): Model  onReceive intent=Intent { act=android.intent.action.PACKAGE_ADDED dat=package:air.com.zzf.brush flg=0x4000010 (has extras) }

I/HwLauncher( 3310): Model isStk =false replacing = false package = air.com.zzf.brush

I/HwLauncher( 3310): MutilSelectedIconsonPreHandleUpdatedTask : mIsInMutilSelectMode = false task = 1 packages = [air.com.zzf.brush]

I/HwLauncher( 3310): SimpleLauncherModeaction= android.intent.action.PACKAGE_ADDEDpackageName = air.com.zzf.brush

W/HwLauncher( 3310): SimpleLauncherMode onReceive : It's normal Launcher now, do not handle add packages

I/HwLauncher( 3310): Model mAllAppsList.addPackage air.com.zzf.brush

I/HwSystemManager( 3478): HsmPackageManager:Receive intent:Intent { act=android.intent.action.PACKAGE_ADDED dat=package:air.com.zzf.brush flg=0x4000010 (has extras) }

I/HwSystemManager( 3478): HsmPackageManager:replacing:false

I/HwSystemManager( 3478): HsmPackageManager:pkgName:air.com.zzf.brush

I/PushLog2551( 6166): [main-1]support ctrlsocket.(android/PushServiceTools.java:63)

I/HwLauncher( 3310): Launcher.IconCache, cacheLocked begin Utilities.createIconBitmap entry.title = brush

I/HwLauncher( 3310): Launcher.IconCache, getDrawableForDensity begin, iconId = 2130837505

I/HwSystemManager( 3478): HsmPackageManager:doAppInstalled, installed: air.com.zzf.brush

I/ApplicationsProvider( 8355): sendGCMsg()

I/InputReader( 2929): Reconfiguring input devices.  changes=0x00000010

W/ResourceType( 7696): getEntry failing because entryIndex 1976 is beyond type entryCount 1010

W/ResourceType( 7696): Failure getting entry for 0x7f0207b8 (t=1 e=1976) in package 0 (error -2147483647)

W/ResourceType( 7696): getEntry failing because entryIndex 1975 is beyond type entryCount 1010

W/ResourceType( 7696): Failure getting entry for 0x7f0207b7 (t=1 e=1975) in package 0 (error -2147483647)

I/AccountTypeManager( 7696): Adding account type = com.android.contacts.model.account.ExternalAccountType@42ede4f0 in the cache

I/AccountTypeManager( 7696): Adding account type = com.android.contacts.model.account.ExchangeAccountType@430ecfd8 in the cache

I/SimFactoryManager( 7696): Get SIM state from SIM factory manager: 7,For slotId:1

I/AccountTypeManager( 7696): Adding account type = com.android.contacts.model.account.ExternalAccountType@43275440 in the cache

I/SimFactoryManager( 7696): Get SIM state from SIM factory manager: 5,For slotId:0

I/HwLauncher( 3310): Launcher.IconCache, getDrawableForDensity end,iconId = 2130837505

I/HwLauncher( 3310): Launcher.Utilities createIconBitmap sourceWidth = 180sourceHeight = 180

I/HwLauncher( 3310): Launcher.IconCache, cacheLocked end Utilities.createIconBitmap entry.title = brush

I/HwLauncher( 3310): Workspace addAppToDesktop itemInfo=ShortcutInfo(title=brush) success=true isInstalled=true checkPage=2 mCoordinates=2,4 view=null

I/AccountTypeManager( 7696): Adding account type = com.android.contacts.hap.sim.advanced.AdvancedSimAccountType@42d0f1b8 in the cache

I/AccountTypeManager( 7696): Adding account type = com.android.contacts.model.account.ExternalAccountType@43112a68 in the cache

I/ECS     (23763): logger{21522} b.run() thread begin

I/ECS     (23763): main{1} e.a() all = DEBUG

I/ECS     (23763): main{1} a.a() 

I/ECS     (23763): ============================================================================

I/ECS     (23763): ====                     version 3.4.71-00[20131118]                    ====

I/ECS     (23763): ====       MIP(Mobile Interface Protocol) with MTK(Mini Tool Kit)       ====

I/ECS     (23763): ====        Copyright (c) 2011-2013 Huawei Technologies Co., Ltd.       ====

I/ECS     (23763): ============================================================================

I/provider->DbProvider(23763): provider->DbProvider:onCreate()

I/AccountTypeManager( 7696): Loaded meta-data for 5 account types, 4 accounts in 129ms(wall) 31ms(cpu)

E/cutils  ( 2403): Failed to mkdirat(/storage/sdcard1/Android): Read-only file system

W/ContextImpl(23763): Failed to ensure directory: /storage/sdcard1/Android/data/com.huawei.gamebox/files

E/mutiCardFactory(23763): pool-2-thread-1{21533} a.b(null:-1) <<< ERROR >>> FeatureOption.MTK_GEMINI_SUPPORTjava.lang.ClassNotFoundException: com.mediatek.common.featureoption.FeatureOption

W/AESUtil (23763): key len is more than 16, cut out

W/AESUtil (23763): key len is more than 16, cut out

W/AESUtil (23763): key len is more than 16, cut out

I/ECS     (23789): logger{21525} b.run() thread begin

I/ECS     (23789): main{1} e.a() all = DEBUG

I/ECS     (23789): main{1} a.a() 

I/ECS     (23789): ============================================================================

I/ECS     (23789): ====                     version 3.4.71-00[20131118]                    ====

I/ECS     (23789): ====       MIP(Mobile Interface Protocol) with MTK(Mini Tool Kit)       ====

I/ECS     (23789): ====        Copyright (c) 2011-2013 Huawei Technologies Co., Ltd.       ====

I/ECS     (23789): ============================================================================

I/provider->DbProvider(23789): provider->DbProvider:onCreate()

