E/cutils  ( 2403): Failed to mkdirat(/storage/sdcard1/Android): Read-only file system

W/ContextImpl(23789): Failed to ensure directory: /storage/sdcard1/Android/data/com.huawei.appmarket/files

W/AESUtil (23789): key len is more than 16, cut out

W/AESUtil (23789): key len is more than 16, cut out

E/mutiCardFactory(23789): pool-4-thread-1{21542} a.b(null:-1) <<< ERROR >>> FeatureOption.MTK_GEMINI_SUPPORTjava.lang.ClassNotFoundException: com.mediatek.common.featureoption.FeatureOption

I/PeopleContactsSync(23061): CP2 sync disabled

I/DbHelper(23763): DbHelper:insert()

I/PushLogAC2543( 3277): [main-1]action is android.intent.action.PACKAGE_ADDED(pushagent/null:-1)

I/PushLogAC2543( 3277): [main-1]run push selfshow(pushagent/null:-1)

I/HwSystemManager( 3478): NotificationManagerReceiver:onReceive action = android.intent.action.PACKAGE_ADDED

I/PushLogAC2543( 3277): [Thread-55-55]framework push exist, use framework push first(pushagent/null:-1)

I/HwLauncher( 3310): UnreadContentObserver onChange()

W/AESUtil (23789): key len is more than 16, cut out

W/AESUtil (23789): key len is more than 16, cut out

I/HwLauncher( 3310): UnreadContentObserver onChange()

I/HwSystemManager( 3478): MainService:on startCommand,flags:0,startId:252

I/HwSystemManager( 3478): LocalService:Received start id 156: Intent { cmp=com.huawei.systemmanager/com.huawei.permission.HoldService }

I/HwSystemManager( 3478): BgPowerManagerService:onStartCommand

I/HwSystemManager(23850): HsmStat_info:feature enable:true

I/HwSystemManager( 3478): HsmIntentService:destroyed. this:com.huawei.systemmanager.util.content.HsmIntentService_bg@43266080

I/HwSystemManager(23850): ProcPolicy:this proc is:com.huawei.systemmanager

I/HwSystemManager(23850): BootStartManager:In ConsistancyCheckerTask

I/HwSystemManager(23850): check push opration, match idx:-1

I/YhdsEngine(23850): [EngineIntentService] Received: com.huawei.dianxinos.optimizer.engine.action.APP_START

I/DbHelper(23789): DbHelper:insert()

I/HwSystemManager(23850): OptimizeReceiver:OptimizeReceiver received action:android.intent.action.PACKAGE_ADDED

I/YhdsEngine(23850): [AlarmEventMgr] event scheduled: com.dianxinos.optimizer.action.ALARM_EVENT_THUMBNAIL_CLEAN

I/YhdsEngine(23850): [AlarmEventMgr] event scheduled: com.dianxinos.optimizer.action.ALARM_EVENT_ANTISPAM_PROFILES_UPDATE

I/YhdsEngine(23850): [AlarmEventMgr] event scheduled: com.dianxinos.optimizer.action.ALARM_EVENT_ANTISPAM_KEYWORDS_UPDATE

I/YhdsEngine(23850): [AlarmEventMgr] event scheduled: com.dianxinos.optimizer.action.ALARM_EVENT_ANTISPAM_PHONELABEL_UPDATE

I/HwSystemManager(23850): HsmPackageManager:init locale:zh_CN

I/HwSystemManager(23850): DBHelper: DBHelper Create Database!  : SQLiteDatabase: /data/data/com.huawei.systemmanager/databases/permission.db

I/HwSystemManager(23850): HsmPackageManager:get all installed packages, flag:8192, size:164

E/HwSystemManager(23850): PermissionDBAdapter:appcationsList size:164

I/YhdsEngine(23850): [EngineIntentService] Received: com.dianxinos.optimizer.action.ALARM_EVENT_ANTISPAM_PROFILES_UPDATE

I/YhdsEngine(23850): [EngineIntentService] Received: com.dianxinos.optimizer.action.ALARM_EVENT_ANTISPAM_KEYWORDS_UPDATE

E/HwSystemManager( 3478): AppCleanUpService:msg is 0

I/YhdsEngine(23850): [EngineIntentService] Received: com.dianxinos.optimizer.action.ALARM_EVENT_ANTISPAM_PHONELABEL_UPDATE

I/HwSystemManager(23850): SavingSettingUtil:setAlarm and high_level_standard is 10 msg_send_interval is 240 count_frequency is 60 dangerous_level_standard is 25 dangerous_current_level is 30 min_interval_time is 3 average_current_fg is 350 count_frequency_fg is 5 app_show_level is 1

I/HwSystemManager( 3478): MainService:on startCommand,flags:0,startId:253

I/YhdsEngine(23850): [EngineIntentService] Received: com.dianxinos.optimizer.engine.action.PKG_CHANGE

I/HwSystemManager(23850): DX-Optimizer:[PackageChangeReceiver] Received: android.intent.action.PACKAGE_ADDED, data: package:air.com.zzf.brush, replacing: false

I/HwSystemManager(23850): BootStartManager:batchAddOperation !

I/HwSystemManager(23850): BootStartManager:batchDeleteOperation !

I/HwSystemManager(23850): BootStartManager:batchDeleteOperation !

I/HwSystemManager(23850): BootStartManager:batchDeleteOperation !

I/HwSystemManager(23850): DX-Optimizer:[CommonIntentService] Received: com.dianxinos.optimizer.action.PKG_CHANGE

W/HwSystemManager(23850): AddViewAppManager:Current installed app not apply system_alert_window or applicationInfo null!

I/HwLauncher( 3310): NewHispaceUpdateObserver  newHispaceCount: 0 

W/HwLauncher( 3310): UnreadContentObserver newUnreadCount:0,oldUnreadCount:0

E/StoreApplication(23918): Unknow ProcName:com.huawei.gamebox:pushservice

I/HwSystemManager(23850): netAppDBHelper: DBHelper Create Database!  : SQLiteDatabase: /data/data/com.huawei.systemmanager/databases/net_permission.db

E/StoreApplication(23918): Unknow ProcName:com.huawei.gamebox:pushservice

I/PushLogSC2543(23918): [main-1]action is android.intent.action.PACKAGE_ADDED(gamebox/null:-1)

I/PushLogSC2543(23918): [main-1]run push selfshow(gamebox/null:-1)

E/mutiCardFactory(23918): [Thread-21541-21541]FeatureOption.MTK_GEMINI_SUPPORTjava.lang.ClassNotFoundException: com.mediatek.common.featureoption.FeatureOption(gamebox/null:-1)

I/mutiCardFactory(23918): [Thread-21541-21541]isMtkGeminiSupport false(gamebox/null:-1)

I/mutiCardFactory(23918): [Thread-21541-21541]isHwGeminiSupport1 true(gamebox/null:-1)

W/System.err( 2929): java.lang.SecurityException: WifiService: Neither user 10038 nor current process has android.permission.CHANGE_WIFI_STATE.

W/System.err( 2929): 	at android.app.ContextImpl.enforce(ContextImpl.java:1775)

W/System.err( 2929): 	at android.app.ContextImpl.enforceCallingOrSelfPermission(ContextImpl.java:1804)

W/System.err( 2929): 	at com.android.server.wifi.WifiService.enforceChangePermission(WifiService.java:639)

W/System.err( 2929): 	at com.android.server.wifi.WifiService.getWifiServiceMessenger(WifiService.java:1288)

W/System.err( 2929): 	at android.net.wifi.IWifiManager$Stub.onTransact(IWifiManager.java:423)

W/System.err( 2929): 	at huawei.com.android.server.wifi.HwWifiService.onTransact(HwWifiService.java:58)

W/System.err( 2929): 	at android.os.Binder.execTransact(Binder.java:404)

W/System.err( 2929): 	at dalvik.system.NativeStart.run(Native Method)

I/PushLogSC2543(23918): [Thread-21541-21541]framework push exist, use framework push first(gamebox/null:-1)

I/HwSystemManager(23850): HsmPackageManager:get all installed packages, flag:8192, size:164

E/HwSystemManager(23850): PermissionDBAdapter:appcationsList size:164

E/JavaBinder( 2929): !!! FAILED BINDER TRANSACTION !!!

I/HwSystemManager(23850): HsmIntentService:destroyed. this:com.huawei.systemmanager.util.content.HsmIntentService_ui@42bb84a0

I/FileUtil(23946): [main-1]Can not find the file config.properities(hwid/FileUtil.java:481)

E/FansLog (23946): ConfigHelper.init: ConfigHelperFail to load config because of an io exception: java.io.FileNotFoundException: config.properties

I/PushLogSC2545(23281): [main-1]action is android.intent.action.PACKAGE_ADDED(remoteassistant/null:-1)

I/PushLogSC2545(23281): [main-1]run push selfshow(remoteassistant/null:-1)

I/PushLogSC2545(23281): [Thread-21490-21490]framework push exist, use framework push first(remoteassistant/null:-1)

I/PushLogSC2543(23297): [main-1]action is android.intent.action.PACKAGE_ADDED(appmarket/null:-1)

I/PushLogSC2543(23297): [main-1]run push selfshow(appmarket/null:-1)

I/PushLogSC2543(23297): [Thread-21493-21493]framework push exist, use framework push first(appmarket/null:-1)

E/android_hardware_fm.cpp(23911): register_android_hardware_fm_fmradio

E/FM_HAL  (23911): [FM_HAL], fm_dynamic_lib is libbcmfm_if

E/FM_HAL  (23911): [FM_HAL], libname is libbcmfm_if

E/fm_if.c (23911): find the id:libbcmfm_if and begins to open the devices

E/android_hardware_fm.cpp(23911): register_android_hardware_fm_fmradio, ret is 0

E/        (23911): ProtocolErrorLog wangkang test!!

I/PushLogSC2539(23317): [main-1]action is android.intent.action.PACKAGE_ADDED(ds/null:-1)

I/PushLogSC2539(23317): [main-1]run push selfshow(ds/null:-1)

I/PushLogSC2539(23317): [Thread-21498-21498]framework push exist, use framework push first(ds/null:-1)

I/HwLauncher( 3310): Launcher onPause()

W/HwLauncher( 3310): Launcher.MotionManager failed to stop TYPE_SHAKE_CHANGE_WALLPAPER

W/HwLauncher( 3310): Launcher.MotionManager failed to stop TYPE_SHAKE_START_PRIVACY

I/PhoneStatusBar( 3052): hw_status_bar_operators = true, setSystemUIVisibily(SHOW_OPERATOR = false)

I/HwLauncher( 3310): Launcher onStop()

E/HwLauncher( 3310): Launcher dialog dismiss failed : java.lang.IllegalArgumentException: no dialog with id 1 was ever shown via Activity#showDialog

I/HwLauncher( 3310): Launcher dynamicIconsUnregister

I/HwLauncher( 3310): DynamicUpdater unregisterReceiver

I/HwLauncher( 3310): DynamicIcon onPause  isvisible = true   mAttachedToWindow:true    mWindowVisible:truecom.android.deskclock

I/HwLauncher( 3310): DynamicUpdater unregisterReceiver

I/HwLauncher( 3310): DynamicIcon onPause  isvisible = true   mAttachedToWindow:true    mWindowVisible:truecom.android.calendar

I/HwLauncher( 3310): DynamicUpdater unregisterReceiver

I/HwLauncher( 3310): DynamicIcon onPause  isvisible = true   mAttachedToWindow:true    mWindowVisible:truecom.huawei.android.totemweather

I/HwLauncher( 3310): DynamicIcon onVisibilityChanged 4 - com.android.deskclock

I/HwLauncher( 3310): DynamicIcon onVisibilityChanged 4 - com.android.calendar

I/HwLauncher( 3310): DynamicIcon onVisibilityChanged 4 - com.huawei.android.totemweather

I/HwLauncher( 3310): DynamicIcon onWindowVisibilityChanged 8 - com.android.deskclock

I/HwLauncher( 3310): DynamicIcon onWindowVisibilityChanged 8 - com.android.calendar

I/HwLauncher( 3310): DynamicIcon onWindowVisibilityChanged 8 - com.huawei.android.totemweather

I/StartupTime1(23976): :1421731999462

I/NLP     ( 3193): result:[location successful], reason:[network location]

I/HwSystemManager(23850): PermissionDBAdapter:preInstalledAppsPermissionEmendation no need emendation!

I/HwSystemManager(23850): PermissionDBAdapter:checkDBErrorBecauseofHOTA packageNameDBList size 43

I/HwSystemManager(23850): PermissionDBAdapter:checkDBErrorBecauseofHOTA nameList is0

E/Thermal-daemon( 2418): [ap] temp_new :37  temp_old :35

E/Thermal-daemon( 2418): Report temperature: [ap] temp :37  report_threshold:1

I/HwSystemManager(23850): PermissionDBAdapter:preInstalledAppsPermissionEmendation no need emendation!

I/HwSystemManager(23850): PermissionDBAdapter:checkDBErrorBecauseofHOTA packageNameDBList size 43

I/HwSystemManager(23850): PermissionDBAdapter:checkDBErrorBecauseofHOTA nameList is0

I/K3V3CpuGovernorPolicy( 3266): close previously scene Hmp policy : 300 , 150

I/lzftest (23991): native_fix done!

I/HwSystemManager(23850): HsmStat_info:service connect

W/HwLauncher( 3310): BubbleTextView mAnimateRunnable.run()

W/HwLauncher( 3310): BubbleTextView BubbleTextView.run

W/Settings(23991): Setting android_id has moved from android.provider.Settings.System to android.provider.Settings.Secure, returning read-only value.

W/Settings(23991): Setting android_id has moved from android.provider.Settings.System to android.provider.Settings.Secure, returning read-only value.

W/Settings(23991): Setting android_id has moved from android.provider.Settings.System to android.provider.Settings.Secure, returning read-only value.

W/Settings(23991): Setting android_id has moved from android.provider.Settings.System to android.provider.Settings.Secure, returning read-only value.

W/Settings(23991): Setting android_id has moved from android.provider.Settings.System to android.provider.Settings.Secure, returning read-only value.

I/K3V3CpuGovernorPolicy( 3266): set scene Hmp policy : 300 , 150

E/JD_ZY   (23991): current network type: wifi

E/JD_ZY   (23991): resume update service

I/MobJaAgent(23991): Response from online config data result: {"appkey":"20095","isvalid":true,"sendlog":{"time":30,"send":"timesend"}}

I/CAPALiteReceiver( 3266): USER STATE: STATIONARY SUB STATE: UNKNOWN

I/HwSystemManager( 3478): HoldService:preHoldShow start!

I/HwSystemManager( 3478): HoldService:The prePermissionType is: 1

I/lzftest (24019): native_fix done!

I/MobJaAgent(23991): Request to real time data result: 

I/lzftest (24031): native_fix done!

I/ApplicationsProvider( 8355): System.gc()

W/Settings(24019): Setting android_id has moved from android.provider.Settings.System to android.provider.Settings.Secure, returning read-only value.

W/Settings(24019): Setting android_id has moved from android.provider.Settings.System to android.provider.Settings.Secure, returning read-only value.

W/Settings(24019): Setting android_id has moved from android.provider.Settings.System to android.provider.Settings.Secure, returning read-only value.

W/Settings(24019): Setting android_id has moved from android.provider.Settings.System to android.provider.Settings.Secure, returning read-only value.

W/Settings(24019): Setting android_id has moved from android.provider.Settings.System to android.provider.Settings.Secure, returning read-only value.

I/HwSystemManager( 3478): HoldService:preHoldShow start!

I/HwSystemManager( 3478): HoldService:The prePermissionType is: 1

E/JD_ZY   (24019): current network type: wifi

I/HwSystemManager( 3478): HoldService:preHoldShow start!

I/HwSystemManager( 3478): HoldService:The prePermissionType is: 1

E/JD_ZY   (24019): resume update service

I/HwSystemManager( 3478): HoldService:preHoldShow start!

I/HwSystemManager( 3478): HoldService:The prePermissionType is: 1

I/HwSystemManager( 3478): HoldService:preHoldShow start!

I/HwSystemManager( 3478): HoldService:The prePermissionType is: 1

I/HwSystemManager( 3478): HoldService:preHoldShow start!

I/HwSystemManager( 3478): HoldService:The prePermissionType is: 1

I/HwSystemManager( 3478): HoldService:preHoldShow start!

I/HwSystemManager( 3478): HoldService:The prePermissionType is: 1

W/Settings(24031): Setting android_id has moved from android.provider.Settings.System to android.provider.Settings.Secure, returning read-only value.

W/Settings(24031): Setting android_id has moved from android.provider.Settings.System to android.provider.Settings.Secure, returning read-only value.

W/Settings(24031): Setting android_id has moved from android.provider.Settings.System to android.provider.Settings.Secure, returning read-only value.

W/Settings(24031): Setting android_id has moved from android.provider.Settings.System to android.provider.Settings.Secure, returning read-only value.

W/Settings(24031): Setting android_id has moved from android.provider.Settings.System to android.provider.Settings.Secure, returning read-only value.

I/HwSystemManager( 3478): HoldService:preHoldShow start!

I/HwSystemManager( 3478): HoldService:The prePermissionType is: 1

I/HwSystemManager( 3478): HoldService:preHoldShow start!

I/HwSystemManager( 3478): HoldService:The prePermissionType is: 1

E/JD_ZY   (24031): current network type: wifi

E/JD_ZY   (24031): resume update service

I/HwSystemManager( 3478): HoldService:preHoldShow start!

I/HwSystemManager( 3478): HoldService:The prePermissionType is: 1

I/MobJaAgent(24019): Response from online config data result: {"appkey":"20095","isvalid":true,"sendlog":{"time":30,"send":"timesend"}}

I/InputDispatcher( 2929): Dropping event because there is no touchable window at (343, 791).

I/HwSystemManager( 3478): HoldService:preHoldShow start!

I/HwSystemManager( 3478): HoldService:The prePermissionType is: 1

I/MobJaAgent(24031): Response from online config data result: {"appkey":"20095","isvalid":true,"sendlog":{"time":30,"send":"timesend"}}

I/HwSystemManager( 3478): HoldService:preHoldShow start!

I/HwSystemManager( 3478): HoldService:The prePermissionType is: 1

I/MobJaAgent(24019): Request to real time data result: 

I/MobJaAgent(24031): Request to real time data result: 

I/wpa_supplicant(15598): wlan0: HEART-BEAT-ACK: 592

E/Thermal-daemon( 2418): [pa_0] temp_new :34  temp_old :33

E/Thermal-daemon( 2418): [ap] temp_new :38  temp_old :37

E/Thermal-daemon( 2418): Report temperature: [ap] temp :38  report_threshold:1

E/Thermal-daemon( 2418): [ap] temp_new :37  temp_old :38

E/Thermal-daemon( 2418): Report temperature: [ap] temp :37  report_threshold:1

I/HwLauncher( 3310): BubbleTextView clearNewAppIndicateInDB

I/InputDispatcher( 2929): Dropping event because there is no touchable window at (510, 1022).

I/InputDispatcher( 2929): Dropping event because there is no touchable window at (505, 1012).

I/InputDispatcher( 2929): Dropping event because there is no touchable window at (464, 1019).

I/InputDispatcher( 2929): Dropping event because there is no touchable window at (464, 1016).

I/InputDispatcher( 2929): Dropping event because there is no touchable window at (444, 998).

I/wpa_supplicant(15598): wlan0: HEART-BEAT-ACK: 593

E/Thermal-daemon( 2418): [ap] temp_new :36  temp_old :37

E/Thermal-daemon( 2418): Report temperature: [ap] temp :36  report_threshold:1

E/CommandListener( 2405): readDefRoute call readDefRoute

E/SecondaryTablController( 2405): isWifiDefaultRouteExisted /system/bin/ip route

E/CommandListener( 2405): readDefRoute Rsp ok

I/InputDispatcher( 2929): Dropping event because there is no touchable window at (365, 747).

I/InputDispatcher( 2929): Dropping event because there is no touchable window at (353, 740).

I/InputDispatcher( 2929): Dropping event because there is no touchable window at (302, 728).

I/CloudGallaryService(16588): [CGCommonStatusReceiver[v1.1.8]]: CGCommonStatusReceiver,action-->android.intent.action.BATTERY_CHANGED

I/CloudGallaryService(16588): [ReceiverManager[v1.1.8]]: ReceiverManager,action-->android.intent.action.BATTERY_CHANGED

I/CloudGallaryService(16588): [IProcessor[v1.1.8]]: state is not change ，not call service!

E/Thermal-daemon( 2418): [pa_0] temp_new :33  temp_old :34

E/Thermal-daemon( 2418): [ap] temp_new :35  temp_old :36

E/Thermal-daemon( 2418): Report temperature: [ap] temp :35  report_threshold:1

I/CpuGovernorPolicy( 3266): cpu draw 

I/__BUILD_NO (23976): #15.0.0.302

I/air.com.zzf.brush(23976): Beacon Supported:  true

I/air.com.zzf.brush(23976): Beacon Version:    3.7.Android.1.3

I/Choreographer(23976): Skipped 65 frames!  The application may be doing too much work on its main thread.

W/dalvikvm( 3052): Refusing to reopen boot DEX '/system/framework/hwframework.jar'

W/dalvikvm( 3052): Refusing to reopen boot DEX '/system/framework/hwEmui.jar'

I/dalvikvm-heap(23976): Grow heap (frag case) to 17.977MB for 3265936-byte allocation

E/HwLauncher( 3310): Launcher dialog dismiss failed : java.lang.IllegalArgumentException: no dialog with id 1 was ever shown via Activity#showDialog

E/HwLauncher( 3310): Launcher dialog dismiss failed : java.lang.IllegalArgumentException: no dialog with id 1 was ever shown via Activity#showDialog

W/View    ( 3052): requestLayout() improperly called by com.android.systemui.recent.HwRecentsIndicator{42ba2190 V.ED.... ......ID 0,1168-0,1184 #7f0a004e app:id/status_bar_recent_indicator} during layout: running second layout pass

I/ActivityManager( 2929): Displayed com.android.systemui/.recent.RecentsActivity: +189ms

I/CpuGovernorPolicy( 3266): gpu draw 

W/hwcomposer( 2408): layer SCF fator is larger than 8 or smaller than 64

I/air.com.zzf.brush(23976): Bluetooth enabled: true

I/K3V3CpuGovernorPolicy( 3266): close previously scene Hmp policy : 300 , 150

I/wpa_supplicant(15598): wlan0: HEART-BEAT-ACK: 594

E/Thermal-daemon( 2418): [ap] temp_new :36  temp_old :35

E/Thermal-daemon( 2418): Report temperature: [ap] temp :36  report_threshold:1

E/HwSystemManager( 3478): getSimCardType:/getSimCardInfo: imsi is null

E/HwSystemManager( 3478): getSimCardType:/getSimCardInfo: imsi is null

E/HwSystemManager( 3478): getSimCardType:/getSimCardInfo: imsi is null

I/HwSystemManager(23850): OptimizeReceiver:OptimizeReceiver received action:huawei.intent.action.hsm_remove_pkg

I/HwSystemManager( 3478): OptimizeIntentService:handlerRemovePkg, packge name is air.com.zzf.brush

I/HwSystemManager( 3478): ProcessFilterPolicy:unprotectList app:[com.android.soundrecorder, com.android.calculator2, com.huawei.hidisk, com.android.gallery3d, com.android.mediacenter, com.android.packageinstaller, com.android.wallpaper.holospiral, com.android.wallpaper, com.android.browser, com.android.stk, com.android.magicsmoke, com.huawei.appmarket, com.android.htmlviewer, com.android.musicvis, com.android.wallpaper.livepicker, com.hexin.plat.android, com.eg.android.AlipayGphone, com.tencent.qqphonebook, com.quickbird.speedtest, sh.lilith.dgame.huawei, com.autonavi.minimap, com.sohu.newsclient, com.huawei.android.ds, com.duomi.android, com.huawei.KoBackup, com.chaozh.iReaderFree15, com.tencent.mobileqq, com.huawei.gamebox, com.baidu.searchbox_huawei, com.sohu.sohuvideo, com.vmall.client, com.huawei.android.thememanager, com.huawei.fans, com.sina.weibo, com.android.providers.downloads, com.jingdong.app.mall, com.google.android.tts, com.huawei.mytime, com.mt.mtxx.mtxx, com.sinovatech.unicom.ui, com.UCMobile, com.sohu.inputmethod.sogou, com.huawei.remoteassistant, com.meitu.gridpuzzle, com.huawei.appmarket.wallet, com.huawei.iat, com.jiuguo.app, com.taobao.taobao, com.xueqiu.android, com.qiyi.video, cn.tianya.light, com.tencent.mm, com.huawei.wallet, com.netease.ldxy.huawei, com.taobao.trip, com.huawei.phoneservice, com.qihoo.freewifi, com.hexin.plat.kaihu, com.tencent.android.qqdownloader, com.ijinshan.ShouJiKongService, com.ijinshan.ShouJiKong.AndroidDaemon, com.huawei.hisuite, com.aprilbrother.ab_ibeacon, air.com.zzf.brush]

I/HwSystemManager( 3478): OptimizeIntentService:Send pkg to smcs[air.com.zzf.brush]

I/HwSystemManager( 3478): SmartMemoryCleanService:informAMSDirectTrimPkgs called, trim pkg:[air.com.zzf.brush]

I/CalendarProvider2(24173): Sending notification intent: Intent { act=android.intent.action.PROVIDER_CHANGED dat=content://com.android.calendar }

W/ContentResolver(24173): Failed to get type for: content://com.android.calendar (Unknown URL content://com.android.calendar)

I/CalendarSimpleUiPRovider(16477): onReceive[intent]Intent { act=android.intent.action.PROVIDER_CHANGED dat=content://com.android.calendar flg=0x10 cmp=com.android.calendar/.simpleui.CalendarSimpleUiPRovider }

I/CalendarSimpleUiPRovider(16477): onConfigurationChanged

I/CalendarSimpleUiPRovider(16477): initParams20150120T133401Asia/Shanghai(2,19,28800,0,1421732041)

I/CalendarSimpleUiPRovider(16477): loadEvent end update UI0

I/lzftest (24204): native_fix done!

W/Settings(24204): Setting android_id has moved from android.provider.Settings.System to android.provider.Settings.Secure, returning read-only value.

W/Settings(24204): Setting android_id has moved from android.provider.Settings.System to android.provider.Settings.Secure, returning read-only value.

W/Settings(24204): Setting android_id has moved from android.provider.Settings.System to android.provider.Settings.Secure, returning read-only value.

W/Settings(24204): Setting android_id has moved from android.provider.Settings.System to android.provider.Settings.Secure, returning read-only value.

W/Settings(24204): Setting android_id has moved from android.provider.Settings.System to android.provider.Settings.Secure, returning read-only value.

I/K3V3CpuGovernorPolicy( 3266): set scene Hmp policy : 300 , 150

E/JD_ZY   (24204): current network type: wifi

E/JD_ZY   (24204): resume update service

I/lzftest (24223): native_fix done!

I/lzftest (24236): native_fix done!

I/HwSystemManager( 3478): HoldService:preHoldShow start!

I/HwSystemManager( 3478): HoldService:The prePermissionType is: 1

I/MobJaAgent(24204): Request to real time data result: 

W/Settings(24223): Setting android_id has moved from android.provider.Settings.System to android.provider.Settings.Secure, returning read-only value.

W/Settings(24223): Setting android_id has moved from android.provider.Settings.System to android.provider.Settings.Secure, returning read-only value.

W/Settings(24223): Setting android_id has moved from android.provider.Settings.System to android.provider.Settings.Secure, returning read-only value.

W/Settings(24223): Setting android_id has moved from android.provider.Settings.System to android.provider.Settings.Secure, returning read-only value.

W/Settings(24223): Setting android_id has moved from android.provider.Settings.System to android.provider.Settings.Secure, returning read-only value.

I/HwSystemManager( 3478): HoldService:preHoldShow start!

I/HwSystemManager( 3478): HoldService:The prePermissionType is: 1

E/JD_ZY   (24223): current network type: wifi

E/JD_ZY   (24223): resume update service

I/HwSystemManager( 3478): HoldService:preHoldShow start!

I/HwSystemManager( 3478): HoldService:The prePermissionType is: 1

I/HwSystemManager( 3478): HoldService:preHoldShow start!

I/HwSystemManager( 3478): HoldService:The prePermissionType is: 1

I/HwSystemManager( 3478): HoldService:preHoldShow start!

I/HwSystemManager( 3478): HoldService:The prePermissionType is: 1

W/Settings(24236): Setting android_id has moved from android.provider.Settings.System to android.provider.Settings.Secure, returning read-only value.

W/Settings(24236): Setting android_id has moved from android.provider.Settings.System to android.provider.Settings.Secure, returning read-only value.

W/Settings(24236): Setting android_id has moved from android.provider.Settings.System to android.provider.Settings.Secure, returning read-only value.

W/Settings(24236): Setting android_id has moved from android.provider.Settings.System to android.provider.Settings.Secure, returning read-only value.

W/Settings(24236): Setting android_id has moved from android.provider.Settings.System to android.provider.Settings.Secure, returning read-only value.

E/JD_ZY   (24236): current network type: wifi

I/HwSystemManager( 3478): HoldService:preHoldShow start!

I/HwSystemManager( 3478): HoldService:The prePermissionType is: 1

E/JD_ZY   (24236): resume update service

I/HwSystemManager( 3478): HoldService:preHoldShow start!

I/HwSystemManager( 3478): HoldService:The prePermissionType is: 1

E/Thermal-daemon( 2418): [ap] temp_new :37  temp_old :36

E/Thermal-daemon( 2418): Report temperature: [ap] temp :37  report_threshold:1

I/HwSystemManager( 3478): HoldService:preHoldShow start!

I/HwSystemManager( 3478): HoldService:The prePermissionType is: 1

I/HwSystemManager( 3478): HoldService:preHoldShow start!

I/HwSystemManager( 3478): HoldService:The prePermissionType is: 1

I/HwSystemManager( 3478): HoldService:preHoldShow start!

I/HwSystemManager( 3478): HoldService:The prePermissionType is: 1

I/MobJaAgent(24223): Response from online config data result: {"appkey":"20095","isvalid":true,"sendlog":{"time":30,"send":"timesend"}}

I/HwSystemManager( 3478): HoldService:preHoldShow start!

I/HwSystemManager( 3478): HoldService:The prePermissionType is: 1

I/MobJaAgent(24236): Response from online config data result: {"appkey":"20095","isvalid":true,"sendlog":{"time":30,"send":"timesend"}}

I/MobJaAgent(24223): Request to real time data result: 

I/MobJaAgent(24204): Response from online config data result: {"appkey":"20095","isvalid":true,"sendlog":{"time":30,"send":"timesend"}}

E/HwLauncher( 3310): Launcher dialog dismiss failed : java.lang.IllegalArgumentException: no dialog with id 1 was ever shown via Activity#showDialog

I/HwLauncher( 3310): DynamicIcon onWindowVisibilityChanged 4 - com.android.deskclock

I/HwLauncher( 3310): DynamicIcon onWindowVisibilityChanged 4 - com.android.calendar

I/HwLauncher( 3310): DynamicIcon onWindowVisibilityChanged 4 - com.huawei.android.totemweather

I/HwLauncher( 3310): Launcher  onNewIntent mIsToUninstallApp = false

E/HwLauncher( 3310): Launcher dialog dismiss failed : java.lang.IllegalArgumentException: no dialog with id 1 was ever shown via Activity#showDialog

W/HwLauncher( 3310): Launcher null folder is animating process

I/HwLauncher( 3310): Launcher onStart()

I/HwLauncher( 3310): Launcher dynamicIconsRegister

I/HwLauncher( 3310): DynamicUpdater registerReceiver

I/HwLauncher( 3310): DynamicIconData , getDrawableForDynamic begin, pkg = com.android.deskclock, picName = deskclock_bg

I/HwLauncher( 3310): DynamicIconData , getDrawableForDynamic end, pkg = com.android.deskclock, picName = deskclock_bg

I/HwLauncher( 3310): DynamicIconData , getDrawableForDynamic begin, pkg = com.android.deskclock, picName = deskclock_bg

I/HwLauncher( 3310): DynamicIconData , getDrawableForDynamic end, pkg = com.android.deskclock, picName = deskclock_bg

I/HwLauncher( 3310): Launcher.Utilities createIconBitmap sourceWidth = 120sourceHeight = 120

I/HwLauncher( 3310): ClockDynamicUpdater calender update folder at CalenderDynamicUpdater

I/HwLauncher( 3310): DynamicUpdater call updateFolder

I/HwLauncher( 3310): DynamicUpdater call updateFolder

I/HwLauncher( 3310): DynamicIcon onResume  isvisible = false   mAttachedToWindow:true    mWindowVisible:falsecom.android.deskclock

I/HwLauncher( 3310): DynamicUpdater registerReceiver

I/HwLauncher( 3310): DynamicUpdater call updateFolder

I/HwLauncher( 3310): DynamicIcon onResume  isvisible = false   mAttachedToWindow:true    mWindowVisible:falsecom.android.calendar

I/HwLauncher( 3310): DynamicUpdater registerReceiver

I/HwLauncher( 3310): DynamicUpdater call updateFolder

I/HwLauncher( 3310): DynamicIcon onResume  isvisible = false   mAttachedToWindow:true    mWindowVisible:falsecom.huawei.android.totemweather

I/HwLauncher( 3310): Launcher onResume()

I/HwLauncher( 3310): Launcher doResumeWork()

I/HwLauncher( 3310): WeatherDynamicUpdaterpositiveUpdate at WeatherDynamicUpdater

W/MotionDetectionManager( 3310): startMotionAppsReco motionApps: 402 disabled

W/HwLauncher( 3310): Launcher.MotionManager failed to start TYPE_SHAKE_CHANGE_WALLPAPER

I/HwLauncher( 3310): Launcher.MotionManager startShakeMotion mIsShakeInHome=true

W/MotionDetectionManager( 3310): startMotionAppsReco motionApps: 404 disabled

W/HwLauncher( 3310): Launcher.MotionManager failed to start TYPE_SHAKE_START_PRIVACY

I/HwLauncher( 3310): Launcher changeNaviBarStatus

W/HwLauncher( 3310): Launcher  updateMarginLayoutParamsForView:the target view is null.

I/HwLauncher( 3310): Launcher  onResume mIsToUninstallApp = false

I/HwLauncher( 3310): DynamicIcon onVisibilityChanged 0 - com.android.deskclock

I/HwLauncher( 3310): DynamicIcon onVisibilityChanged 0 - com.android.calendar

I/HwLauncher( 3310): DynamicIcon onVisibilityChanged 0 - com.huawei.android.totemweather

I/HwLauncher( 3310): DynamicIcon onWindowVisibilityChanged 0 - com.android.deskclock

I/HwLauncher( 3310): DynamicIcon onWindowVisibilityChanged 0 - com.android.calendar

I/HwLauncher( 3310): DynamicIcon onWindowVisibilityChanged 0 - com.huawei.android.totemweather

I/PhoneStatusBar( 3052): hw_status_bar_operators = true, setSystemUIVisibily(SHOW_OPERATOR = false)

I/HwLauncher( 3310): WeatherDynamicUpdaterreceive action = com.huawei.android.action.launcher_weather_icon_change

I/HwLauncher( 3310): WeatherDynamicUpdaterreceiver data is int[] = [0, 0, 52, 0, 96, 0, 140, 0]


I/HwLauncher( 3310):  stringArray[] [haze, num1, num9, tempc]

I/PhoneStatusBar( 3052): hw_status_bar_operators = true, setSystemUIVisibily(SHOW_OPERATOR = false)

I/K3V3CpuGovernorPolicy( 3266): close previously scene Hmp policy : 300 , 150

I/dalvikvm-heap( 3310): Grow heap (frag case) to 39.066MB for 16588816-byte allocation

I/HwLauncher( 3310): <Statistics> in sendStatisticsMsg, return

I/HwLauncher( 3310): <NetInteractiveMgr> extNext enter, list.size=1

I/HwLauncher( 3310): <NetInteractiveMgr> (thread state=WAITING)

I/HwLauncher( 3310): <NetInteractiveStart> running

I/HwLauncher( 3310): <NetInteractiveStart> url = http://folder.hicloud.com:8090/hiTop/client/app-shelves?sign=96bz101111@E1F61F95DB53EC7B4025471F3CAA6D080E43FE5D0810C0A574D07B1277F674DF46ED960E5DA107374A411DD5F28B2D54&cat=HITOP00000098&deviceName=H60-L02&language=Chinese

I/HwLauncher( 3310): <NetOperateState> Active Network is WIFI

I/HwSystemManager( 3478): HoldService:preHoldShow start!

I/HwSystemManager( 3478): HoldService:The prePermissionType is: 1

I/MobJaAgent(24236): Request to real time data result: 

I/HwLauncher( 3310): <NetInteractiveStart> jsonString = {"count":3,"type":"1","list":[{"id":"C43397","icon":"http://appimg.hicloud.com/hwmarket/files/application/logentity/02df8144706041d99850c8cbef5a5782.png","alias":"百度浏览器","stars":"3","kindId":"HITOP00000098","name":"百度浏览器","package":"com.baidu.browser.apps","versionCode":"0","downurl":"http://appdl.hicloud.com/dl/appdl/application/apk/02/02df8144706041d99850c8cbef5a5782/com.baidu.browser.apps.1501201037.apk?sign=96bz101111@FB85E5BE4879431776864C1E516B5F6BD1A5F854F980516ECAC7C48DE871E0F9FC39E79FEA74A0E611061F2DD9EB5A9D20E652804078E699AAF9CB0FCF11BF30DCE203CDD9BCD8BFBC4773E28AEB373D10B1F93A23D58BB4BFBEAEFFF1C795125E89042F4ADDE47406B064F30020BF94&source=cfolder","detailinfo":"#百度浏览器5.5# 不吐不快，绝不等待！\n新版聚合阅读新增评论互动功能，看新闻阅资讯读故事，有什么观点和看法，尽可大胆表达出来！也可以看看大家怎么说，对别人的“神评论”点一个赞。精彩是原文，经典在评论，参与点评互动，说出你的态度！\n看书看片看美女，百度浏览器，绝对神器：\n【看资讯】聚合阅读内容精挑细选，时事热点一手掌握，点评互动，更有态度！\n【看小说】全新小说精致阅读体验，精选书单、权威榜单，可整本离线，更新随时提醒！\n【看视频】全新视频汇聚万千资源，高清内容无广告播放，看得爽！\n【享夜色】夜色模式惊艳依旧，扫描周边发现“更多”，宅男视频、女生宿舍、莲蓬鬼话…睡前浏览服务，贴心又快乐！\n业界一流的手机浏览器，更快更安全更省流，超3亿用户的选择！\n\n—————————————————————————————————————\n百度手机浏览器强势推出三大福利：\n1、完美支持百度影音、优酷、土豆、奇艺、搜狐，海量高清视频任你下载；2、品质呈现百度小说、潇湘书院、盛大文学、起点中文网、书旗小说、塔读小说、宜搜小说，万千都市言情俊男靓女任你把玩；3、即时快递腾讯新闻、百度新闻、搜狐新闻、网易新闻、新浪新闻、新浪微博，热点资讯想看就看！\n\n最新高清影视：匆匆那年、星际穿越、一步之遥、智取威虎山、奔跑吧兄弟、快乐大本营、天天向上、海贼王、火影忍者、妖精的尾巴\n\n最新热门小说：莽荒纪、大主宰、完美世界、魔天记、我欲封天、武极天下、绝世武神、择天记、灵域、校花的贴身高手\n\n最新热搜站点：淘宝、小米、京东商城、163、支付宝、58同城、4399小游戏、12306、翻译、汽车之家、赶集网、唯品会","size":"15049578"},{"id":"C10175278","icon":"http://appimg.hicloud.com/hwmarket/files/application/logentity/1a1a695a98e94bba84eba16d9712d5a1.png","alias":"酷跑","stars":"3","kindId":"HITOP00000098","name":"酷跑","package":"com.fox.exercise","versionCode":"0","downurl":"http://appdl.hicloud.com/dl/appdl/application/apk/1a/1a1a695a98e94bba84eba16d9712d5a1/com.fox.exercise.1412261517.apk?sign=96bz101111@FB85E5BE4879431776864C1E516B5F6BD1A5F854F980516ECAC7C48DE871E0F9FC39E79FEA74A0E611061F2DD9EB5A9D20E652804078E699AAF9CB0FCF11BF30DCE203CDD9BCD8BFBC4773E28AEB373D10B1F93A23D58BB4BFBEAEFFF1C795125E89042F4ADDE47406B064F30020BF94&source=cfolder","detailinfo":"国内唯一一款可以支持水下运动的APP。获得联想十佳产品称号，在360、华为、联想等主流商店多次被强力推荐！\n\n酷跑的神奇之处：\n1、通过GPS定位，查找附近的运动达人，可以约你中意的对象一起运动，让运动不再孤单~\n2、运动过程中，酷跑帮您准确计算运动轨迹、时间、速度、距离与卡路里，记录您的每一天运动成果。\n3、酷币计划，在享受运动的同时，可以获得酷币积累，换取云狐超炫的各种土豪产品：酷炫相机、六防手机、酷跑手表等。\n\nPS.利用酷跑手表与酷跑应

I/HwLauncher( 3310): <NetInteractiveStart> (getJson) use HttpURLConnection: 172

I/HwLauncher( 3310): <NetInteractiveStart> parseJson: 2

I/HwLauncher( 3310): <NetInteractiveStart> NISuccess param.getTypeOfParam(2)

I/HwLauncher( 3310): <NetInteractiveStart> wait

I/HwLauncher( 3310): <NetInteractiveMgr> extNext enter, list.size=0

I/HwLauncher( 3310): <NetInteractiveMgr> (thread state=WAITING)

I/HwLauncher( 3310): (CloudDataManager) iconUrl=http://appimg.hicloud.com/hwmarket/files/application/logentity/02df8144706041d99850c8cbef5a5782.png

I/HwLauncher( 3310): (CloudDataManager) aaaa list add百度浏览器

I/HwLauncher( 3310): (CloudDataManager) iconUrl=http://appimg.hicloud.com/hwmarket/files/application/logentity/1a1a695a98e94bba84eba16d9712d5a1.png

I/HwLauncher( 3310): (CloudDataManager) aaaa list add酷跑

I/HwLauncher( 3310): (CloudDataManager) iconUrl=http://appimg.hicloud.com/hwmarket/files/application/logentity/abc7143710c54819b011a4c1cf073fee.png

I/HwLauncher( 3310): (CloudDataManager) aaaa list add携程旅行

I/System.out( 3310): Handler Id:1

I/wpa_supplicant(15598): wlan0: HEART-BEAT-ACK: 595

E/Thermal-daemon( 2418): [pa_0] temp_new :34  temp_old :33

E/Thermal-daemon( 2418): [ap] temp_new :38  temp_old :37

E/Thermal-daemon( 2418): Report temperature: [ap] temp :38  report_threshold:1

I/HwLauncher( 3310): Launcher.Folder close folder complete mRearrangeOnClose=false isRearrange=false itemCount=9

I/K3V3CpuGovernorPolicy( 3266): set scene Hmp policy : 300 , 150

I/HwLauncher( 3310): Launcher onPause()

W/HwLauncher( 3310): Launcher.MotionManager failed to stop TYPE_SHAKE_CHANGE_WALLPAPER

W/HwLauncher( 3310): Launcher.MotionManager failed to stop TYPE_SHAKE_START_PRIVACY

I/PhoneStatusBar( 3052): hw_status_bar_operators = true, setSystemUIVisibily(SHOW_OPERATOR = false)

I/StartupTime1(24308): :1421732051011

I/HwLauncher( 3310): DynamicIcon onWindowVisibilityChanged 8 - com.android.deskclock

I/HwLauncher( 3310): DynamicIcon onWindowVisibilityChanged 8 - com.android.calendar

I/HwLauncher( 3310): DynamicIcon onWindowVisibilityChanged 8 - com.huawei.android.totemweather

I/CpuGovernorPolicy( 3266): cpu draw 

I/__BUILD_NO (24308): #15.0.0.302

I/air.com.zzf.brush(24308): Beacon Supported:  true

I/air.com.zzf.brush(24308): Beacon Version:    3.7.Android.1.3

I/Choreographer(24308): Skipped 45 frames!  The application may be doing too much work on its main thread.

I/K3V3CpuGovernorPolicy( 3266): close previously scene Hmp policy : 300 , 150

I/ActivityManager( 2929): Displayed air.com.zzf.brush/.AppEntry: +981ms (total +52s545ms)

I/HwLauncher( 3310): Launcher onStop()

E/HwLauncher( 3310): Launcher dialog dismiss failed : java.lang.IllegalArgumentException: no dialog with id 1 was ever shown via Activity#showDialog

I/HwLauncher( 3310): Launcher dynamicIconsUnregister

I/HwLauncher( 3310): DynamicUpdater unregisterReceiver

I/HwLauncher( 3310): DynamicIcon onPause  isvisible = true   mAttachedToWindow:true    mWindowVisible:falsecom.android.deskclock

I/HwLauncher( 3310): DynamicUpdater unregisterReceiver

I/HwLauncher( 3310): DynamicIcon onPause  isvisible = true   mAttachedToWindow:true    mWindowVisible:falsecom.android.calendar

I/HwLauncher( 3310): DynamicUpdater unregisterReceiver

I/HwLauncher( 3310): DynamicIcon onPause  isvisible = true   mAttachedToWindow:true    mWindowVisible:falsecom.huawei.android.totemweather

I/HwLauncher( 3310): DynamicIcon onVisibilityChanged 4 - com.android.deskclock

I/HwLauncher( 3310): DynamicIcon onVisibilityChanged 4 - com.android.calendar

I/HwLauncher( 3310): DynamicIcon onVisibilityChanged 4 - com.huawei.android.totemweather

I/air.com.zzf.brush(24308): Bluetooth enabled: true

E/Thermal-daemon( 2418): [ap] temp_new :37  temp_old :38

E/Thermal-daemon( 2418): Report temperature: [ap] temp :37  report_threshold:1

E/CommandListener( 2405): readDefRoute call readDefRoute

E/SecondaryTablController( 2405): isWifiDefaultRouteExisted /system/bin/ip route

E/CommandListener( 2405): readDefRoute Rsp ok

W/ResponseProcessCookies(12137): Invalid cookie header: "Set-Cookie: BAIDUID=E6953A254881D9121A7E18E88C976FFE:FG=1; max-age=31536000; expires=Wed, 20-Jan-16 05:34:16 GMT; domain=.baidu.com; path=/; version=1". Unable to parse expires attribute: Wed

W/ResponseProcessCookies(12137): Invalid cookie header: "Set-Cookie: BAIDUID=E6953A254881D9123979613F9F486C39:FG=1; expires=Wed, 20-Jan-16 05:34:16 GMT; max-age=31536000; path=/; domain=.baidu.com; version=1". Unable to parse expires attribute: Wed

W/ResponseProcessCookies(12137): Invalid cookie header: "Set-Cookie: BAIDUID=7FB471603C0802D355F79D2DA40C519C:FG=1; expires=Wed, 20-Jan-16 05:34:16 GMT; max-age=31536000; path=/; domain=.baidu.com; version=1". Unable to parse expires attribute: Wed

W/ResponseProcessCookies(12137): Invalid cookie header: "Set-Cookie: BAIDUID=E6953A254881D91292E01AA60C365DE6:FG=1; max-age=31536000; expires=Wed, 20-Jan-16 05:34:16 GMT; domain=.baidu.com; path=/; version=1". Unable to parse expires attribute: Wed

W/ResponseProcessCookies(12137): Invalid cookie header: "Set-Cookie: BAIDUID=E6953A254881D9122B868A246285C4AD:FG=1; expires=Wed, 20-Jan-16 05:34:16 GMT; max-age=31536000; path=/; domain=.baidu.com; version=1". Unable to parse expires attribute: Wed

W/ResponseProcessCookies(12137): Invalid cookie header: "Set-Cookie: BAIDUID=3C8CCCF6F79E0A81F60C720F5CE5D360:FG=1; expires=Wed, 20-Jan-16 05:34:16 GMT; max-age=31536000; path=/; domain=.baidu.com; version=1". Unable to parse expires attribute: Wed

I/CloudGallaryService(16588): [CGCommonStatusReceiver[v1.1.8]]: CGCommonStatusReceiver,action-->android.intent.action.BATTERY_CHANGED

I/CloudGallaryService(16588): [ReceiverManager[v1.1.8]]: ReceiverManager,action-->android.intent.action.BATTERY_CHANGED

I/CloudGallaryService(16588): [IProcessor[v1.1.8]]: state is not change ，not call service!

E/Thermal-daemon( 2418): [ap] temp_new :36  temp_old :37

E/Thermal-daemon( 2418): Report temperature: [ap] temp :36  report_threshold:1

I/wpa_supplicant(15598): wlan0: HEART-BEAT-ACK: 596

E/Thermal-daemon( 2418): [pa_0] temp_new :33  temp_old :34

E/Thermal-daemon( 2418): [ap] temp_new :35  temp_old :36

E/Thermal-daemon( 2418): Report temperature: [ap] temp :35  report_threshold:1

E/Thermal-daemon( 2418): [ap] temp_new :34  temp_old :35

E/Thermal-daemon( 2418): Report temperature: [ap] temp :34  report_threshold:1

I/wpa_supplicant(15598): wlan0: HEART-BEAT-ACK: 597

E/CommandListener( 2405): readDefRoute call readDefRoute

E/SecondaryTablController( 2405): isWifiDefaultRouteExisted /system/bin/ip route

E/CommandListener( 2405): readDefRoute Rsp ok

I/CloudGallaryService(16588): [CGCommonStatusReceiver[v1.1.8]]: CGCommonStatusReceiver,action-->android.intent.action.BATTERY_CHANGED

I/CloudGallaryService(16588): [ReceiverManager[v1.1.8]]: ReceiverManager,action-->android.intent.action.BATTERY_CHANGED

I/CloudGallaryService(16588): [IProcessor[v1.1.8]]: state is not change ，not call service!

E/Thermal-daemon( 2418): [ap] temp_new :33  temp_old :34

I/wpa_supplicant(15598): wlan0: HEART-BEAT-ACK: 598

E/Thermal-daemon( 2418): [pa_0] temp_new :32  temp_old :33

E/Thermal-daemon( 2418): [flash_led] temp_new :31  temp_old :32

I/wpa_supplicant(15598): wlan0: HEART-BEAT-ACK: 599

E/HwLauncher( 3310): Launcher dialog dismiss failed : java.lang.IllegalArgumentException: no dialog with id 1 was ever shown via Activity#showDialog

I/PhoneStatusBar( 3052): hw_status_bar_operators = true, setSystemUIVisibily(SHOW_OPERATOR = false)

I/CloudGallaryService(16588): [CGCommonStatusReceiver[v1.1.8]]: CGCommonStatusReceiver,action-->android.intent.action.BATTERY_CHANGED

I/CloudGallaryService(16588): [ReceiverManager[v1.1.8]]: ReceiverManager,action-->android.intent.action.BATTERY_CHANGED

I/CloudGallaryService(16588): [IProcessor[v1.1.8]]: state is not change ，not call service!

I/PhoneStatusBar( 3052): hw_status_bar_operators = true, setSystemUIVisibily(SHOW_OPERATOR = false)

I/air.com.zzf.brush(24308): Bluetooth enabled: true

I/air.com.zzf.brush(24308): Bluetooth monitoring started: true

I/air.com.zzf.brush(24308): Bluetooth enabled: true

I/air.com.zzf.brush(24308): Bluetooth monitoring started: true

I/air.com.zzf.brush(24308): Bluetooth enabled: true

I/air.com.zzf.brush(24308): Bluetooth monitoring started: true

I/air.com.zzf.brush(24308): Bluetooth enabled: true

I/air.com.zzf.brush(24308): Bluetooth monitoring started: true

E/CommandListener( 2405): readDefRoute call readDefRoute

E/SecondaryTablController( 2405): isWifiDefaultRouteExisted /system/bin/ip route

I/air.com.zzf.brush(24308): Bluetooth enabled: true

I/air.com.zzf.brush(24308): Bluetooth monitoring started: true

I/air.com.zzf.brush(24308): Bluetooth enabled: true

I/air.com.zzf.brush(24308): Bluetooth monitoring started: true

I/air.com.zzf.brush(24308): Bluetooth enabled: true

I/air.com.zzf.brush(24308): Bluetooth monitoring started: true

I/air.com.zzf.brush(24308): Bluetooth enabled: true

I/air.com.zzf.brush(24308): Bluetooth monitoring started: true

I/air.com.zzf.brush(24308): Bluetooth enabled: true

I/air.com.zzf.brush(24308): Bluetooth monitoring started: true

I/air.com.zzf.brush(24308): Bluetooth enabled: true

I/air.com.zzf.brush(24308): Bluetooth monitoring started: true

I/air.com.zzf.brush(24308): Bluetooth enabled: true

I/air.com.zzf.brush(24308): Bluetooth monitoring started: true

E/CommandListener( 2405): readDefRoute Rsp ok

I/air.com.zzf.brush(24308): Bluetooth enabled: true

I/air.com.zzf.brush(24308): Bluetooth monitoring started: true

I/air.com.zzf.brush(24308): Bluetooth enabled: true

I/air.com.zzf.brush(24308): Bluetooth monitoring started: true

I/air.com.zzf.brush(24308): Bluetooth enabled: true

I/air.com.zzf.brush(24308): Bluetooth monitoring started: true

I/air.com.zzf.brush(24308): Bluetooth enabled: true

I/air.com.zzf.brush(24308): Bluetooth monitoring started: true

I/air.com.zzf.brush(24308): Bluetooth enabled: true

I/air.com.zzf.brush(24308): Bluetooth monitoring started: true

I/air.com.zzf.brush(24308): Bluetooth enabled: true

I/air.com.zzf.brush(24308): Bluetooth monitoring started: true

I/air.com.zzf.brush(24308): Bluetooth enabled: true

I/air.com.zzf.brush(24308): Bluetooth monitoring started: true

I/CloudGallaryService(16588): [CGCommonStatusReceiver[v1.1.8]]: CGCommonStatusReceiver,action-->android.intent.action.BATTERY_CHANGED

I/CloudGallaryService(16588): [ReceiverManager[v1.1.8]]: ReceiverManager,action-->android.intent.action.BATTERY_CHANGED

I/CloudGallaryService(16588): [IProcessor[v1.1.8]]: state is not change ，not call service!

I/wpa_supplicant(15598): wlan0: HEART-BEAT-ACK: 600

I/wpa_supplicant(15598): wlan0: HEART-BEAT-ACK: 601

E/CommandListener( 2405): readDefRoute call readDefRoute

E/SecondaryTablController( 2405): isWifiDefaultRouteExisted /system/bin/ip route

E/CommandListener( 2405): readDefRoute Rsp ok

I/CloudGallaryService(16588): [CGCommonStatusReceiver[v1.1.8]]: CGCommonStatusReceiver,action-->android.intent.action.BATTERY_CHANGED

I/CloudGallaryService(16588): [ReceiverManager[v1.1.8]]: ReceiverManager,action-->android.intent.action.BATTERY_CHANGED

I/CloudGallaryService(16588): [IProcessor[v1.1.8]]: state is not change ，not call service!

E/Thermal-daemon( 2418): [charger] temp_new :32  temp_old :33

I/CloudGallaryService(16588): [CGCommonStatusReceiver[v1.1.8]]: CGCommonStatusReceiver,action-->android.intent.action.BATTERY_CHANGED

I/CloudGallaryService(16588): [ReceiverManager[v1.1.8]]: ReceiverManager,action-->android.intent.action.BATTERY_CHANGED

I/CloudGallaryService(16588): [IProcessor[v1.1.8]]: state is not change ，not call service!

I/wpa_supplicant(15598): wlan0: HEART-BEAT-ACK: 602

E/android_hardware_fm.cpp(24516): register_android_hardware_fm_fmradio

E/FM_HAL  (24516): [FM_HAL], fm_dynamic_lib is libbcmfm_if

E/FM_HAL  (24516): [FM_HAL], libname is libbcmfm_if

E/fm_if.c (24516): find the id:libbcmfm_if and begins to open the devices

E/android_hardware_fm.cpp(24516): register_android_hardware_fm_fmradio, ret is 0

E/        (24516): ProtocolErrorLog wangkang test!!

I/wpa_supplicant(15598): wlan0: HEART-BEAT-ACK: 603

I/CloudGallaryService(16588): [CGCommonStatusReceiver[v1.1.8]]: CGCommonStatusReceiver,action-->android.intent.action.BATTERY_CHANGED

I/CloudGallaryService(16588): [ReceiverManager[v1.1.8]]: ReceiverManager,action-->android.intent.action.BATTERY_CHANGED

I/CloudGallaryService(16588): [IProcessor[v1.1.8]]: state is not change ，not call service!

E/Thermal-daemon( 2418): [ap] temp_new :32  temp_old :33

E/HwLauncher( 3310): Launcher dialog dismiss failed : java.lang.IllegalArgumentException: no dialog with id 1 was ever shown via Activity#showDialog

I/PhoneStatusBar( 3052): hw_status_bar_operators = true, setSystemUIVisibily(SHOW_OPERATOR = false)

E/CommandListener( 2405): readDefRoute call readDefRoute

E/SecondaryTablController( 2405): isWifiDefaultRouteExisted /system/bin/ip route

E/CommandListener( 2405): readDefRoute Rsp ok

I/PhoneStatusBar( 3052): hw_status_bar_operators = true, setSystemUIVisibily(SHOW_OPERATOR = false)

I/air.com.zzf.brush(24308): Bluetooth enabled: true

I/air.com.zzf.brush(24308): Bluetooth monitoring started: true

I/air.com.zzf.brush(24308): Bluetooth enabled: true

I/air.com.zzf.brush(24308): Bluetooth monitoring started: true

E/HwSystemManager( 3478): BgPowerManagerService: conusmPower = -16 result = -187 flag1 =false flag2 = false

I/CloudGallaryService(16588): [CGCommonStatusReceiver[v1.1.8]]: CGCommonStatusReceiver,action-->android.intent.action.BATTERY_CHANGED

I/CloudGallaryService(16588): [ReceiverManager[v1.1.8]]: ReceiverManager,action-->android.intent.action.BATTERY_CHANGED

I/CloudGallaryService(16588): [IProcessor[v1.1.8]]: state is not change ，not call service!

I/wpa_supplicant(15598): wlan0: HEART-BEAT-ACK: 604

E/Thermal-daemon( 2418): [ap] temp_new :33  temp_old :32

E/Thermal-daemon( 2418): [flash_led] temp_new :30  temp_old :31

I/wpa_supplicant(15598): wlan0: HEART-BEAT-ACK: 605

E/Thermal-daemon( 2418): [ap] temp_new :32  temp_old :33

E/CommandListener( 2405): readDefRoute call readDefRoute

E/SecondaryTablController( 2405): isWifiDefaultRouteExisted /system/bin/ip route

E/CommandListener( 2405): readDefRoute Rsp ok

I/CloudGallaryService(16588): [CGCommonStatusReceiver[v1.1.8]]: CGCommonStatusReceiver,action-->android.intent.action.BATTERY_CHANGED

I/CloudGallaryService(16588): [ReceiverManager[v1.1.8]]: ReceiverManager,action-->android.intent.action.BATTERY_CHANGED

I/CloudGallaryService(16588): [IProcessor[v1.1.8]]: state is not change ，not call service!

I/wpa_supplicant(15598): wlan0: HEART-BEAT-ACK: 606

E/HwSystemManager( 3478): getSimCardType:/getSimCardInfo: imsi is null

E/HwSystemManager( 3478): getSimCardType:/getSimCardInfo: imsi is null

E/HwSystemManager( 3478): getSimCardType:/getSimCardInfo: imsi is null

I/wpa_supplicant(15598): wlan0: HEART-BEAT-ACK: 607

E/Thermal-daemon( 2418): [pa_0] temp_new :31  temp_old :32

I/air.com.zzf.brush(24308): Bluetooth enabled: true

I/air.com.zzf.brush(24308): Bluetooth monitoring started: true

I/air.com.zzf.brush(24308): Bluetooth enabled: true

I/air.com.zzf.brush(24308): Bluetooth monitoring started: true

I/air.com.zzf.brush(24308): Bluetooth enabled: true

