I/air.com.zzf.brush(24308): Bluetooth monitoring started: true

I/air.com.zzf.brush(24308): Bluetooth enabled: true

I/air.com.zzf.brush(24308): Bluetooth monitoring started: true

I/air.com.zzf.brush(24308): Bluetooth enabled: true

I/air.com.zzf.brush(24308): Bluetooth monitoring started: true

I/air.com.zzf.brush(24308): Bluetooth enabled: true

I/air.com.zzf.brush(24308): Bluetooth monitoring started: true

I/air.com.zzf.brush(24308): Bluetooth enabled: true

I/air.com.zzf.brush(24308): Bluetooth monitoring started: true

I/air.com.zzf.brush(24308): Bluetooth enabled: true

I/air.com.zzf.brush(24308): Bluetooth monitoring started: true

E/CommandListener( 2405): readDefRoute call readDefRoute

E/SecondaryTablController( 2405): isWifiDefaultRouteExisted /system/bin/ip route

I/air.com.zzf.brush(24308): Bluetooth enabled: true

I/air.com.zzf.brush(24308): Bluetooth monitoring started: true

I/air.com.zzf.brush(24308): Bluetooth enabled: true

I/air.com.zzf.brush(24308): Bluetooth monitoring started: true

I/air.com.zzf.brush(24308): Bluetooth enabled: true

I/air.com.zzf.brush(24308): Bluetooth monitoring started: true

I/air.com.zzf.brush(24308): Bluetooth enabled: true

I/air.com.zzf.brush(24308): Bluetooth monitoring started: true

I/air.com.zzf.brush(24308): Bluetooth enabled: true

I/air.com.zzf.brush(24308): Bluetooth monitoring started: true

E/CommandListener( 2405): readDefRoute Rsp ok

I/air.com.zzf.brush(24308): Bluetooth enabled: true

I/air.com.zzf.brush(24308): Bluetooth monitoring started: true

I/air.com.zzf.brush(24308): Bluetooth enabled: true

I/air.com.zzf.brush(24308): Bluetooth monitoring started: true

I/air.com.zzf.brush(24308): Bluetooth enabled: true

I/air.com.zzf.brush(24308): Bluetooth monitoring started: true

I/CloudGallaryService(16588): [CGCommonStatusReceiver[v1.1.8]]: CGCommonStatusReceiver,action-->android.intent.action.BATTERY_CHANGED

I/CloudGallaryService(16588): [ReceiverManager[v1.1.8]]: ReceiverManager,action-->android.intent.action.BATTERY_CHANGED

I/CloudGallaryService(16588): [IProcessor[v1.1.8]]: state is not change ，not call service!

I/wpa_supplicant(15598): wlan0: HEART-BEAT-ACK: 608

I/wpa_supplicant(15598): wlan0: HEART-BEAT-ACK: 609

E/CommandListener( 2405): readDefRoute call readDefRoute

E/SecondaryTablController( 2405): isWifiDefaultRouteExisted /system/bin/ip route

E/CommandListener( 2405): readDefRoute Rsp ok

I/CloudGallaryService(16588): [CGCommonStatusReceiver[v1.1.8]]: CGCommonStatusReceiver,action-->android.intent.action.BATTERY_CHANGED

I/CloudGallaryService(16588): [ReceiverManager[v1.1.8]]: ReceiverManager,action-->android.intent.action.BATTERY_CHANGED

I/CloudGallaryService(16588): [IProcessor[v1.1.8]]: state is not change ，not call service!

I/wpa_supplicant(15598): wlan0: HEART-BEAT-ACK: 610

I/wpa_supplicant(15598): wlan0: HEART-BEAT-ACK: 611

I/CloudGallaryService(16588): [CGCommonStatusReceiver[v1.1.8]]: CGCommonStatusReceiver,action-->android.intent.action.BATTERY_CHANGED

I/CloudGallaryService(16588): [ReceiverManager[v1.1.8]]: ReceiverManager,action-->android.intent.action.BATTERY_CHANGED

I/CloudGallaryService(16588): [IProcessor[v1.1.8]]: state is not change ，not call service!

E/HwLauncher( 3310): Launcher dialog dismiss failed : java.lang.IllegalArgumentException: no dialog with id 1 was ever shown via Activity#showDialog

I/PhoneStatusBar( 3052): hw_status_bar_operators = true, setSystemUIVisibily(SHOW_OPERATOR = false)

E/CommandListener( 2405): readDefRoute call readDefRoute

E/SecondaryTablController( 2405): isWifiDefaultRouteExisted /system/bin/ip route

E/CommandListener( 2405): readDefRoute Rsp ok

I/CloudGallaryService(16588): [CGCommonStatusReceiver[v1.1.8]]: CGCommonStatusReceiver,action-->android.intent.action.BATTERY_CHANGED

I/CloudGallaryService(16588): [ReceiverManager[v1.1.8]]: ReceiverManager,action-->android.intent.action.BATTERY_CHANGED

I/CloudGallaryService(16588): [IProcessor[v1.1.8]]: state is not change ，not call service!

I/wpa_supplicant(15598): wlan0: HEART-BEAT-ACK: 612

I/logserver( 2420): Recvfrom netlink message failed, errno = 22

I/logserver( 2420): Recvfrom netlink message failed, errno = 22

I/PushLog2551( 6166): [ReceiverDispatcher-421]read to Send:DA(android/ConnectEntity.java:120)

I/wpa_supplicant(15598): wlan0: HEART-BEAT-ACK: 613

I/PhoneStatusBar( 3052): hw_status_bar_operators = true, setSystemUIVisibily(SHOW_OPERATOR = false)

I/air.com.zzf.brush(24308): Bluetooth enabled: true

I/air.com.zzf.brush(24308): Bluetooth monitoring started: true

I/air.com.zzf.brush(24308): Bluetooth enabled: true

I/air.com.zzf.brush(24308): Bluetooth monitoring started: true

I/air.com.zzf.brush(24308): Bluetooth enabled: true

I/air.com.zzf.brush(24308): Bluetooth monitoring started: true

I/air.com.zzf.brush(24308): Bluetooth enabled: true

I/air.com.zzf.brush(24308): Bluetooth monitoring started: true

I/air.com.zzf.brush(24308): Bluetooth enabled: true

I/air.com.zzf.brush(24308): Bluetooth monitoring started: true

I/air.com.zzf.brush(24308): Bluetooth enabled: true

I/air.com.zzf.brush(24308): Bluetooth monitoring started: true

I/air.com.zzf.brush(24308): Bluetooth enabled: true

I/air.com.zzf.brush(24308): Bluetooth monitoring started: true

I/air.com.zzf.brush(24308): Bluetooth enabled: true

I/air.com.zzf.brush(24308): Bluetooth monitoring started: true

I/air.com.zzf.brush(24308): Bluetooth enabled: true

I/air.com.zzf.brush(24308): Bluetooth monitoring started: true

I/air.com.zzf.brush(24308): Bluetooth enabled: true

I/air.com.zzf.brush(24308): Bluetooth monitoring started: true

I/air.com.zzf.brush(24308): Bluetooth enabled: true

I/air.com.zzf.brush(24308): Bluetooth monitoring started: true

I/air.com.zzf.brush(24308): Bluetooth enabled: true

I/air.com.zzf.brush(24308): Bluetooth monitoring started: true

I/air.com.zzf.brush(24308): Bluetooth enabled: true

I/air.com.zzf.brush(24308): Bluetooth monitoring started: true

I/air.com.zzf.brush(24308): Bluetooth enabled: true

I/air.com.zzf.brush(24308): Bluetooth monitoring started: true

I/air.com.zzf.brush(24308): Bluetooth enabled: true

I/air.com.zzf.brush(24308): Bluetooth monitoring started: true

I/air.com.zzf.brush(24308): Bluetooth enabled: true

I/air.com.zzf.brush(24308): Bluetooth monitoring started: true

I/air.com.zzf.brush(24308): Bluetooth enabled: true

I/air.com.zzf.brush(24308): Bluetooth monitoring started: true

I/air.com.zzf.brush(24308): Bluetooth enabled: true

I/air.com.zzf.brush(24308): Bluetooth monitoring started: true

I/air.com.zzf.brush(24308): Bluetooth enabled: true

I/air.com.zzf.brush(24308): Bluetooth monitoring started: true

I/air.com.zzf.brush(24308): Bluetooth enabled: true

I/air.com.zzf.brush(24308): Bluetooth monitoring started: true

I/air.com.zzf.brush(24308): Bluetooth enabled: true

I/air.com.zzf.brush(24308): Bluetooth monitoring started: true

I/air.com.zzf.brush(24308): Bluetooth enabled: true

I/air.com.zzf.brush(24308): Bluetooth monitoring started: true

I/air.com.zzf.brush(24308): Bluetooth enabled: true

I/air.com.zzf.brush(24308): Bluetooth monitoring started: true

I/air.com.zzf.brush(24308): Bluetooth enabled: true

I/air.com.zzf.brush(24308): Bluetooth monitoring started: true

I/air.com.zzf.brush(24308): Bluetooth enabled: true

I/air.com.zzf.brush(24308): Bluetooth monitoring started: true

E/CommandListener( 2405): readDefRoute call readDefRoute

E/SecondaryTablController( 2405): isWifiDefaultRouteExisted /system/bin/ip route

I/air.com.zzf.brush(24308): Bluetooth enabled: true

I/air.com.zzf.brush(24308): Bluetooth monitoring started: true

I/air.com.zzf.brush(24308): Bluetooth enabled: true

I/air.com.zzf.brush(24308): Bluetooth monitoring started: true

I/air.com.zzf.brush(24308): Bluetooth enabled: true

I/air.com.zzf.brush(24308): Bluetooth monitoring started: true

I/air.com.zzf.brush(24308): Bluetooth enabled: true

I/air.com.zzf.brush(24308): Bluetooth monitoring started: true

I/air.com.zzf.brush(24308): Bluetooth enabled: true

I/air.com.zzf.brush(24308): Bluetooth monitoring started: true

I/wpa_supplicant(15598): wlan0: HEART-BEAT-ACK: 614

E/CommandListener( 2405): readDefRoute Rsp ok

I/air.com.zzf.brush(24308): Bluetooth enabled: true

I/air.com.zzf.brush(24308): Bluetooth monitoring started: true

I/air.com.zzf.brush(24308): Bluetooth enabled: true

I/air.com.zzf.brush(24308): Bluetooth monitoring started: true

I/CloudGallaryService(16588): [CGCommonStatusReceiver[v1.1.8]]: CGCommonStatusReceiver,action-->android.intent.action.BATTERY_CHANGED

I/CloudGallaryService(16588): [ReceiverManager[v1.1.8]]: ReceiverManager,action-->android.intent.action.BATTERY_CHANGED

I/CloudGallaryService(16588): [IProcessor[v1.1.8]]: state is not change ，not call service!

I/air.com.zzf.brush(24308): Bluetooth enabled: true

I/air.com.zzf.brush(24308): Bluetooth monitoring started: true

I/air.com.zzf.brush(24308): Bluetooth enabled: true

I/air.com.zzf.brush(24308): Bluetooth monitoring started: true

I/air.com.zzf.brush(24308): Bluetooth enabled: true

I/air.com.zzf.brush(24308): Bluetooth monitoring started: true

I/air.com.zzf.brush(24308): Bluetooth enabled: true

I/air.com.zzf.brush(24308): Bluetooth monitoring started: true

I/air.com.zzf.brush(24308): Bluetooth enabled: true

I/air.com.zzf.brush(24308): Bluetooth monitoring started: true

I/air.com.zzf.brush(24308): Bluetooth enabled: true

I/air.com.zzf.brush(24308): Bluetooth monitoring started: true

I/air.com.zzf.brush(24308): Bluetooth enabled: true

I/air.com.zzf.brush(24308): Bluetooth monitoring started: true

I/air.com.zzf.brush(24308): Bluetooth enabled: true

I/air.com.zzf.brush(24308): Bluetooth monitoring started: true

I/air.com.zzf.brush(24308): Bluetooth enabled: true

I/air.com.zzf.brush(24308): Bluetooth monitoring started: true

I/air.com.zzf.brush(24308): Bluetooth enabled: true

I/air.com.zzf.brush(24308): Bluetooth monitoring started: true

I/wpa_supplicant(15598): wlan0: HEART-BEAT-ACK: 615

I/CAPALiteReceiver( 3266): USER STATE: STATIONARY SUB STATE: UNKNOWN

I/CloudGallaryService(16588): [CGCommonStatusReceiver[v1.1.8]]: CGCommonStatusReceiver,action-->android.intent.action.BATTERY_CHANGED

I/CloudGallaryService(16588): [ReceiverManager[v1.1.8]]: ReceiverManager,action-->android.intent.action.BATTERY_CHANGED

I/CloudGallaryService(16588): [IProcessor[v1.1.8]]: state is not change ，not call service!

W/BluetoothAdapterService( 1420): *************service already starting to cleanup... Ignoring cleanup request.........

W/BluetoothAdapterService( 1420): *************service already starting to cleanup... Ignoring cleanup request.........

I/wpa_supplicant(15598): wlan0: HEART-BEAT-ACK: 616

E/CommandListener( 2405): readDefRoute call readDefRoute

E/SecondaryTablController( 2405): isWifiDefaultRouteExisted /system/bin/ip route

E/CommandListener( 2405): readDefRoute Rsp ok

I/CloudGallaryService(16588): [CGCommonStatusReceiver[v1.1.8]]: CGCommonStatusReceiver,action-->android.intent.action.BATTERY_CHANGED

I/CloudGallaryService(16588): [ReceiverManager[v1.1.8]]: ReceiverManager,action-->android.intent.action.BATTERY_CHANGED

I/CloudGallaryService(16588): [IProcessor[v1.1.8]]: state is not change ，not call service!

I/logserver( 2420): Recvfrom netlink message failed, errno = 22

I/logserver( 2420): Recvfrom netlink message failed, errno = 22

I/wpa_supplicant(15598): wlan0: HEART-BEAT-ACK: 617

I/wpa_supplicant(15598): wlan0: HEART-BEAT-ACK: 618

E/CommandListener( 2405): readDefRoute call readDefRoute

E/SecondaryTablController( 2405): isWifiDefaultRouteExisted /system/bin/ip route

E/HwLauncher( 3310): Launcher dialog dismiss failed : java.lang.IllegalArgumentException: no dialog with id 1 was ever shown via Activity#showDialog

E/CommandListener( 2405): readDefRoute Rsp ok

I/CloudGallaryService(16588): [CGCommonStatusReceiver[v1.1.8]]: CGCommonStatusReceiver,action-->android.intent.action.BATTERY_CHANGED

I/CloudGallaryService(16588): [ReceiverManager[v1.1.8]]: ReceiverManager,action-->android.intent.action.BATTERY_CHANGED

I/CloudGallaryService(16588): [IProcessor[v1.1.8]]: state is not change ，not call service!

E/HwSystemManager( 3478): getSimCardType:/getSimCardInfo: imsi is null

I/PhoneStatusBar( 3052): hw_status_bar_operators = true, setSystemUIVisibily(SHOW_OPERATOR = false)

E/HwSystemManager( 3478): getSimCardType:/getSimCardInfo: imsi is null

E/HwSystemManager( 3478): getSimCardType:/getSimCardInfo: imsi is null

I/wpa_supplicant(15598): wlan0: HEART-BEAT-ACK: 619

I/CloudGallaryService(16588): [CGCommonStatusReceiver[v1.1.8]]: CGCommonStatusReceiver,action-->android.intent.action.BATTERY_CHANGED

I/CloudGallaryService(16588): [ReceiverManager[v1.1.8]]: ReceiverManager,action-->android.intent.action.BATTERY_CHANGED

I/CloudGallaryService(16588): [IProcessor[v1.1.8]]: state is not change ，not call service!

I/logserver( 2420): get alarm time = 392956 (sec.)!

I/logserver( 2420): send_files, commercial version, send by other, return!

I/logserver( 2420): Timeout, apr update!

I/logserver( 2420): Object Path:/data/log/apr/, mask=0x00000008

I/logserver( 2420): event->len=80, name=H60-L02_V100R001CHNC00B310_DU2TAN1496023172_20150111012026_statistics

I/logserver( 2420): process_one_event, can not find this event(H60-L02_V100R001CHNC00B310_DU2TAN1496023172_20150111012026_statistics)

I/logserver( 2420): clean_cur_cache:962, system(rm -r /data/log/logcache/14829344/* > /dev/null 2>&1)

I/wpa_supplicant(15598): wlan0: HEART-BEAT-ACK: 620

E/CommandListener( 2405): readDefRoute call readDefRoute

E/SecondaryTablController( 2405): isWifiDefaultRouteExisted /system/bin/ip route

E/CommandListener( 2405): readDefRoute Rsp ok

I/wpa_supplicant(15598): wlan0: HEART-BEAT-ACK: 621

E/Thermal-daemon( 2418): [charger] temp_new :31  temp_old :32

I/wpa_supplicant(15598): wlan0: HEART-BEAT-ACK: 622

E/android_hardware_fm.cpp(26328): register_android_hardware_fm_fmradio

E/FM_HAL  (26328): [FM_HAL], fm_dynamic_lib is libbcmfm_if

E/FM_HAL  (26328): [FM_HAL], libname is libbcmfm_if

E/fm_if.c (26328): find the id:libbcmfm_if and begins to open the devices

E/android_hardware_fm.cpp(26328): register_android_hardware_fm_fmradio, ret is 0

E/        (26328): ProtocolErrorLog wangkang test!!

E/CommandListener( 2405): readDefRoute call readDefRoute

E/SecondaryTablController( 2405): isWifiDefaultRouteExisted /system/bin/ip route

E/CommandListener( 2405): readDefRoute Rsp ok

I/CloudGallaryService(16588): [CGCommonStatusReceiver[v1.1.8]]: CGCommonStatusReceiver,action-->android.intent.action.BATTERY_CHANGED

I/CloudGallaryService(16588): [ReceiverManager[v1.1.8]]: ReceiverManager,action-->android.intent.action.BATTERY_CHANGED

I/CloudGallaryService(16588): [IProcessor[v1.1.8]]: state is not change ，not call service!

I/wpa_supplicant(15598): wlan0: HEART-BEAT-ACK: 623

I/CloudGallaryService(16588): [CGCommonStatusReceiver[v1.1.8]]: CGCommonStatusReceiver,action-->android.intent.action.BATTERY_CHANGED

I/CloudGallaryService(16588): [ReceiverManager[v1.1.8]]: ReceiverManager,action-->android.intent.action.BATTERY_CHANGED

I/CloudGallaryService(16588): [IProcessor[v1.1.8]]: state is not change ，not call service!

I/wpa_supplicant(15598): wlan0: HEART-BEAT-ACK: 624

I/CloudGallaryService(16588): [CGCommonStatusReceiver[v1.1.8]]: CGCommonStatusReceiver,action-->android.intent.action.BATTERY_CHANGED

I/CloudGallaryService(16588): [ReceiverManager[v1.1.8]]: ReceiverManager,action-->android.intent.action.BATTERY_CHANGED

I/CloudGallaryService(16588): [IProcessor[v1.1.8]]: state is not change ，not call service!

E/CommandListener( 2405): readDefRoute call readDefRoute

E/SecondaryTablController( 2405): isWifiDefaultRouteExisted /system/bin/ip route

E/CommandListener( 2405): readDefRoute Rsp ok

I/wpa_supplicant(15598): wlan0: HEART-BEAT-ACK: 625

I/PhoneStatusBar( 3052): hw_status_bar_operators = true, setSystemUIVisibily(SHOW_OPERATOR = false)

I/K3V3CpuGovernorPolicy( 3266): set scene Hmp policy : 300 , 150

W/dalvikvm( 3052): Refusing to reopen boot DEX '/system/framework/hwframework.jar'

W/dalvikvm( 3052): Refusing to reopen boot DEX '/system/framework/hwEmui.jar'

E/HwLauncher( 3310): Launcher dialog dismiss failed : java.lang.IllegalArgumentException: no dialog with id 1 was ever shown via Activity#showDialog

E/HwLauncher( 3310): Launcher dialog dismiss failed : java.lang.IllegalArgumentException: no dialog with id 1 was ever shown via Activity#showDialog

E/HwLauncher( 3310): Launcher dialog dismiss failed : java.lang.IllegalArgumentException: no dialog with id 1 was ever shown via Activity#showDialog

E/HwLauncher( 3310): Launcher dialog dismiss failed : java.lang.IllegalArgumentException: no dialog with id 1 was ever shown via Activity#showDialog

E/HwLauncher( 3310): Launcher dialog dismiss failed : java.lang.IllegalArgumentException: no dialog with id 1 was ever shown via Activity#showDialog

E/HwLauncher( 3310): Launcher dialog dismiss failed : java.lang.IllegalArgumentException: no dialog with id 1 was ever shown via Activity#showDialog

W/View    ( 3052): requestLayout() improperly called by com.android.systemui.recent.HwRecentsIndicator{42ea1ea8 V.ED.... ......ID 0,1168-0,1184 #7f0a004e app:id/status_bar_recent_indicator} during layout: running second layout pass

I/ActivityManager( 2929): Displayed com.android.systemui/.recent.RecentsActivity: +197ms

I/CpuGovernorPolicy( 3266): gpu draw 

W/hwcomposer( 2408): layer SCF fator is larger than 8 or smaller than 64

I/K3V3CpuGovernorPolicy( 3266): close previously scene Hmp policy : 300 , 150

I/HwSystemManager(23850): OptimizeReceiver:OptimizeReceiver received action:huawei.intent.action.hsm_remove_pkg

I/HwSystemManager( 3478): OptimizeIntentService:handlerRemovePkg, packge name is air.com.zzf.brush

I/HwSystemManager( 3478): ProcessFilterPolicy:unprotectList app:[com.android.soundrecorder, com.android.calculator2, com.huawei.hidisk, com.android.gallery3d, com.android.mediacenter, com.android.packageinstaller, com.android.wallpaper.holospiral, com.android.wallpaper, com.android.browser, com.android.stk, com.android.magicsmoke, com.huawei.appmarket, com.android.htmlviewer, com.android.musicvis, com.android.wallpaper.livepicker, com.hexin.plat.android, com.eg.android.AlipayGphone, com.tencent.qqphonebook, com.quickbird.speedtest, sh.lilith.dgame.huawei, com.autonavi.minimap, com.sohu.newsclient, com.huawei.android.ds, com.duomi.android, com.huawei.KoBackup, com.chaozh.iReaderFree15, com.tencent.mobileqq, com.huawei.gamebox, com.baidu.searchbox_huawei, com.sohu.sohuvideo, com.vmall.client, com.huawei.android.thememanager, com.huawei.fans, com.sina.weibo, com.android.providers.downloads, com.jingdong.app.mall, com.google.android.tts, com.huawei.mytime, com.mt.mtxx.mtxx, com.sinovatech.unicom.ui, com.UCMobile, com.sohu.inputmethod.sogou, com.huawei.remoteassistant, com.meitu.gridpuzzle, com.huawei.appmarket.wallet, com.huawei.iat, com.jiuguo.app, com.taobao.taobao, com.xueqiu.android, com.qiyi.video, cn.tianya.light, com.tencent.mm, com.huawei.wallet, com.netease.ldxy.huawei, com.taobao.trip, com.huawei.phoneservice, com.qihoo.freewifi, com.hexin.plat.kaihu, com.tencent.android.qqdownloader, com.ijinshan.ShouJiKongService, com.ijinshan.ShouJiKong.AndroidDaemon, com.huawei.hisuite, com.aprilbrother.ab_ibeacon, air.com.zzf.brush]

I/HwSystemManager( 3478): OptimizeIntentService:Send pkg to smcs[air.com.zzf.brush]

I/HwSystemManager( 3478): SmartMemoryCleanService:informAMSDirectTrimPkgs called, trim pkg:[air.com.zzf.brush]

W/InputDispatcher( 2929): channel '43763d20 air.com.zzf.brush/air.com.zzf.brush.AppEntry (server)' ~ Consumer closed input channel or an error occurred.  events=0x9

E/InputDispatcher( 2929): channel '43763d20 air.com.zzf.brush/air.com.zzf.brush.AppEntry (server)' ~ Channel is unrecoverably broken and will be disposed!

W/InputDispatcher( 2929): Attempted to unregister already unregistered input channel '43763d20 air.com.zzf.brush/air.com.zzf.brush.AppEntry (server)'

I/lzftest (26585): native_fix done!

W/Settings(26585): Setting android_id has moved from android.provider.Settings.System to android.provider.Settings.Secure, returning read-only value.

W/Settings(26585): Setting android_id has moved from android.provider.Settings.System to android.provider.Settings.Secure, returning read-only value.

W/Settings(26585): Setting android_id has moved from android.provider.Settings.System to android.provider.Settings.Secure, returning read-only value.

W/Settings(26585): Setting android_id has moved from android.provider.Settings.System to android.provider.Settings.Secure, returning read-only value.

W/Settings(26585): Setting android_id has moved from android.provider.Settings.System to android.provider.Settings.Secure, returning read-only value.

I/K3V3CpuGovernorPolicy( 3266): set scene Hmp policy : 300 , 150

E/JD_ZY   (26585): current network type: wifi

E/JD_ZY   (26585): resume update service

I/MobJaAgent(26585): Response from online config data result: {"appkey":"20095","isvalid":true,"sendlog":{"time":30,"send":"timesend"}}

I/HwSystemManager( 3478): HoldService:preHoldShow start!

I/HwSystemManager( 3478): HoldService:The prePermissionType is: 1

I/lzftest (26611): native_fix done!

I/lzftest (26623): native_fix done!

I/MobJaAgent(26585): Request to real time data result: 

E/Thermal-daemon( 2418): [charger] temp_new :32  temp_old :31

E/Thermal-daemon( 2418): [ap] temp_new :34  temp_old :32

W/Settings(26611): Setting android_id has moved from android.provider.Settings.System to android.provider.Settings.Secure, returning read-only value.

W/Settings(26611): Setting android_id has moved from android.provider.Settings.System to android.provider.Settings.Secure, returning read-only value.

W/Settings(26611): Setting android_id has moved from android.provider.Settings.System to android.provider.Settings.Secure, returning read-only value.

W/Settings(26611): Setting android_id has moved from android.provider.Settings.System to android.provider.Settings.Secure, returning read-only value.

W/Settings(26611): Setting android_id has moved from android.provider.Settings.System to android.provider.Settings.Secure, returning read-only value.

I/HwSystemManager( 3478): HoldService:preHoldShow start!

I/HwSystemManager( 3478): HoldService:The prePermissionType is: 1

E/JD_ZY   (26611): current network type: wifi

E/JD_ZY   (26611): resume update service

I/HwSystemManager( 3478): HoldService:preHoldShow start!

I/HwSystemManager( 3478): HoldService:The prePermissionType is: 1

W/Settings(26623): Setting android_id has moved from android.provider.Settings.System to android.provider.Settings.Secure, returning read-only value.

I/HwSystemManager( 3478): HoldService:preHoldShow start!

I/HwSystemManager( 3478): HoldService:The prePermissionType is: 1

W/Settings(26623): Setting android_id has moved from android.provider.Settings.System to android.provider.Settings.Secure, returning read-only value.

W/Settings(26623): Setting android_id has moved from android.provider.Settings.System to android.provider.Settings.Secure, returning read-only value.

W/Settings(26623): Setting android_id has moved from android.provider.Settings.System to android.provider.Settings.Secure, returning read-only value.

I/HwSystemManager( 3478): HoldService:preHoldShow start!

I/HwSystemManager( 3478): HoldService:The prePermissionType is: 1

W/Settings(26623): Setting android_id has moved from android.provider.Settings.System to android.provider.Settings.Secure, returning read-only value.

E/JD_ZY   (26623): current network type: wifi

E/JD_ZY   (26623): resume update service

I/HwSystemManager( 3478): HoldService:preHoldShow start!

I/HwSystemManager( 3478): HoldService:The prePermissionType is: 1

I/HwSystemManager( 3478): HoldService:preHoldShow start!

I/HwSystemManager( 3478): HoldService:The prePermissionType is: 1

I/HwSystemManager( 3478): HoldService:preHoldShow start!

I/HwSystemManager( 3478): HoldService:The prePermissionType is: 1

I/HwSystemManager( 3478): HoldService:preHoldShow start!

I/HwSystemManager( 3478): HoldService:The prePermissionType is: 1

I/HwSystemManager( 3478): HoldService:preHoldShow start!

I/HwSystemManager( 3478): HoldService:The prePermissionType is: 1

I/MobJaAgent(26611): Response from online config data result: {"appkey":"20095","isvalid":true,"sendlog":{"time":30,"send":"timesend"}}

I/HwSystemManager( 3478): HoldService:preHoldShow start!

I/HwSystemManager( 3478): HoldService:The prePermissionType is: 1

I/MobJaAgent(26623): Response from online config data result: {"appkey":"20095","isvalid":true,"sendlog":{"time":30,"send":"timesend"}}

I/HwSystemManager( 3478): HoldService:preHoldShow start!

I/HwSystemManager( 3478): HoldService:The prePermissionType is: 1

I/MobJaAgent(26611): Request to real time data result: 

I/MobJaAgent(26623): Request to real time data result: 

E/Thermal-daemon( 2418): [charger] temp_new :31  temp_old :32

E/Thermal-daemon( 2418): [ap] temp_new :35  temp_old :34

I/wpa_supplicant(15598): wlan0: HEART-BEAT-ACK: 626

E/HwSystemManager( 3478): BgPowerManagerService: conusmPower = -19 result = -222 flag1 =false flag2 = false

I/CloudGallaryService(16588): [CGCommonStatusReceiver[v1.1.8]]: CGCommonStatusReceiver,action-->android.intent.action.BATTERY_CHANGED

I/CloudGallaryService(16588): [ReceiverManager[v1.1.8]]: ReceiverManager,action-->android.intent.action.BATTERY_CHANGED

I/CloudGallaryService(16588): [IProcessor[v1.1.8]]: state is not change ，not call service!

E/Thermal-daemon( 2418): [pa_0] temp_new :32  temp_old :31

E/Thermal-daemon( 2418): [charger] temp_new :32  temp_old :31

E/CommandListener( 2405): readDefRoute call readDefRoute

E/SecondaryTablController( 2405): isWifiDefaultRouteExisted /system/bin/ip route

E/CommandListener( 2405): readDefRoute Rsp ok

I/wpa_supplicant(15598): wlan0: HEART-BEAT-ACK: 627

I/CloudGallaryService(16588): [CGCommonStatusReceiver[v1.1.8]]: CGCommonStatusReceiver,action-->android.intent.action.BATTERY_CHANGED

I/CloudGallaryService(16588): [ReceiverManager[v1.1.8]]: ReceiverManager,action-->android.intent.action.BATTERY_CHANGED

I/CloudGallaryService(16588): [IProcessor[v1.1.8]]: state is not change ，not call service!

E/Thermal-daemon( 2418): [flash_led] temp_new :31  temp_old :30

I/wpa_supplicant(15598): wlan0: HEART-BEAT-ACK: 628

I/CloudGallaryService(16588): [CGCommonStatusReceiver[v1.1.8]]: CGCommonStatusReceiver,action-->android.intent.action.BATTERY_CHANGED

I/CloudGallaryService(16588): [ReceiverManager[v1.1.8]]: ReceiverManager,action-->android.intent.action.BATTERY_CHANGED

I/CloudGallaryService(16588): [IProcessor[v1.1.8]]: state is not change ，not call service!

E/CommandListener( 2405): readDefRoute call readDefRoute

E/SecondaryTablController( 2405): isWifiDefaultRouteExisted /system/bin/ip route

E/CommandListener( 2405): readDefRoute Rsp ok

E/HwLauncher( 3310): Launcher dialog dismiss failed : java.lang.IllegalArgumentException: no dialog with id 1 was ever shown via Activity#showDialog

W/Settings(22548): Setting bugreport_in_power_menu has moved from android.provider.Settings.Secure to android.provider.Settings.Global.

I/BiometricManager(22548): UE supported types is null

I/wpa_supplicant(15598): wlan0: HEART-BEAT-ACK: 629

I/K3V3CpuGovernorPolicy( 3266): close previously scene Hmp policy : 300 , 150

I/K3V3CpuGovernorPolicy( 3266): set scene Hmp policy : 300 , 150

W/dalvikvm( 3052): Refusing to reopen boot DEX '/system/framework/hwframework.jar'

W/dalvikvm( 3052): Refusing to reopen boot DEX '/system/framework/hwEmui.jar'

E/HwLauncher( 3310): Launcher dialog dismiss failed : java.lang.IllegalArgumentException: no dialog with id 1 was ever shown via Activity#showDialog

E/HwLauncher( 3310): Launcher dialog dismiss failed : java.lang.IllegalArgumentException: no dialog with id 1 was ever shown via Activity#showDialog

E/HwLauncher( 3310): Launcher dialog dismiss failed : java.lang.IllegalArgumentException: no dialog with id 1 was ever shown via Activity#showDialog

E/HwLauncher( 3310): Launcher dialog dismiss failed : java.lang.IllegalArgumentException: no dialog with id 1 was ever shown via Activity#showDialog

E/HwLauncher( 3310): Launcher dialog dismiss failed : java.lang.IllegalArgumentException: no dialog with id 1 was ever shown via Activity#showDialog

I/ActivityManager( 2929): Displayed com.android.systemui/.recent.RecentsActivity: +137ms

I/K3V3CpuGovernorPolicy( 3266): close previously scene Hmp policy : 300 , 150

E/HwLauncher( 3310): Launcher dialog dismiss failed : java.lang.IllegalArgumentException: no dialog with id 1 was ever shown via Activity#showDialog

I/K3V3CpuGovernorPolicy( 3266): set scene Hmp policy : 300 , 150

I/dalvikvm-heap(26775): Grow heap (frag case) to 21.676MB for 6554896-byte allocation

I/ActivityManager( 2929): Displayed com.eg.android.AlipayGphone/.AlipayLogin: +273ms

I/CpuGovernorPolicy( 3266): cpu draw 

I/HwSystemManager( 3478): HoldService:preHoldShow start!

I/HwSystemManager( 3478): HoldService:The prePermissionType is: 1

I/HwSystemManager( 3478): HoldService:preHoldShow start!

I/HwSystemManager( 3478): HoldService:The prePermissionType is: 1

E/cutils  ( 2403): Failed to mkdirat(/storage/sdcard1/Android): Read-only file system

W/ContextImpl(26775): Failed to ensure directory: /storage/sdcard1/Android/data/com.eg.android.AlipayGphone/files/applog

E/cutils  ( 2403): Failed to mkdirat(/storage/sdcard1/Android): Read-only file system

W/ContextImpl(26775): Failed to ensure directory: /storage/sdcard1/Android/data/com.eg.android.AlipayGphone/files/applog

I/HwSystemManager( 3478): HoldService:preHoldShow start!

I/HwSystemManager( 3478): HoldService:The prePermissionType is: 1

I/HwSystemManager( 3478): HoldService:preHoldShow start!

I/HwSystemManager( 3478): HoldService:The prePermissionType is: 1

I/dalvikvm(26775): Total arena pages for JIT: 11

I/dalvikvm(26775): Total arena pages for JIT: 12

I/dalvikvm(26775): Total arena pages for JIT: 13

I/dalvikvm(26775): Total arena pages for JIT: 14

I/dalvikvm(26775): Total arena pages for JIT: 15

I/dalvikvm(26775): Total arena pages for JIT: 16

I/dalvikvm(26775): Total arena pages for JIT: 17

I/dalvikvm(26775): Total arena pages for JIT: 18

I/dalvikvm(26775): Total arena pages for JIT: 19

W/ResourceType(26775): No package identifier when getting value for resource number 0x00000000

I/HwSystemManager( 3478): HoldService:preHoldShow start!

I/HwSystemManager( 3478): HoldService:The prePermissionType is: 1

I/K3V3CpuGovernorPolicy( 3266): close previously scene Hmp policy : 300 , 150

E/cutils  ( 2403): Failed to mkdirat(/storage/sdcard1/Android): Read-only file system

W/ContextImpl(26775): Failed to ensure directory: /storage/sdcard1/Android/data/com.eg.android.AlipayGphone/cache

I/K3V3CpuGovernorPolicy( 3266): set scene Hmp policy : 300 , 150

W/JNI_OnLoad(26775): JNI_OnLoad!!!

W/signal  (26775): coffeecatch_setup!!!

W/signal  (26775): NewGlobalRef

W/signal  (26775): coffeecatch_setup return 0

W/JNI_OnLoad(26775): JNI_OnLoad OK!

E/cutils  ( 2403): Failed to mkdirat(/storage/sdcard1/Android): Read-only file system

W/ContextImpl(26775): Failed to ensure directory: /storage/sdcard1/Android/data/com.eg.android.AlipayGphone/files/applog

E/cutils  ( 2403): Failed to mkdirat(/storage/sdcard1/Android): Read-only file system

W/ContextImpl(26775): Failed to ensure directory: /storage/sdcard1/Android/data/com.eg.android.AlipayGphone/files/applog

I/HwSystemManager( 3478): HoldService:preHoldShow start!

I/HwSystemManager( 3478): HoldService:The prePermissionType is: 1

I/HwSystemManager( 3478): HoldService:preHoldShow start!

I/HwSystemManager( 3478): HoldService:The prePermissionType is: 1

I/CpuGovernorPolicy( 3266): gpu draw 

E/HwLauncher( 3310): Launcher dialog dismiss failed : java.lang.IllegalArgumentException: no dialog with id 1 was ever shown via Activity#showDialog

I/HwSystemManager( 3478): HoldService:preHoldShow start!

I/HwSystemManager( 3478): HoldService:The prePermissionType is: 1

E/HwLauncher( 3310): Launcher dialog dismiss failed : java.lang.IllegalArgumentException: no dialog with id 1 was ever shown via Activity#showDialog

E/HwLauncher( 3310): Launcher dialog dismiss failed : java.lang.IllegalArgumentException: no dialog with id 1 was ever shown via Activity#showDialog

I/HwSystemManager( 3478): HoldService:preHoldShow start!

I/HwSystemManager( 3478): HoldService:The prePermissionType is: 1

E/HwLauncher( 3310): Launcher dialog dismiss failed : java.lang.IllegalArgumentException: no dialog with id 1 was ever shown via Activity#showDialog

E/HwLauncher( 3310): Launcher dialog dismiss failed : java.lang.IllegalArgumentException: no dialog with id 1 was ever shown via Activity#showDialog

E/cutils  ( 2403): Failed to mkdirat(/storage/sdcard1/Android): Read-only file system

W/ContextImpl(26857): Failed to ensure directory: /storage/sdcard1/Android/data/com.eg.android.AlipayGphone/files/applog

E/cutils  ( 2403): Failed to mkdirat(/storage/sdcard1/Android): Read-only file system

W/ContextImpl(26857): Failed to ensure directory: /storage/sdcard1/Android/data/com.eg.android.AlipayGphone/files/applog

E/HwLauncher( 3310): Launcher dialog dismiss failed : java.lang.IllegalArgumentException: no dialog with id 1 was ever shown via Activity#showDialog

I/HwSystemManager( 3478): HoldService:preHoldShow start!

I/HwSystemManager( 3478): HoldService:The prePermissionType is: 1

I/HwSystemManager( 3478): HoldService:preHoldShow start!

I/HwSystemManager( 3478): HoldService:The prePermissionType is: 1

I/HwSystemManager( 3478): HoldService:preHoldShow start!

I/HwSystemManager( 3478): HoldService:The prePermissionType is: 1

I/HwSystemManager( 3478): HoldService:preHoldShow start!

I/HwSystemManager( 3478): HoldService:The prePermissionType is: 1

I/HwSystemManager( 3478): HoldService:preHoldShow start!

I/HwSystemManager( 3478): HoldService:The prePermissionType is: 1

I/HwSystemManager( 3478): HoldService:preHoldShow start!

I/HwSystemManager( 3478): HoldService:The prePermissionType is: 1

I/HwSystemManager( 3478): HoldService:preHoldShow start!

I/HwSystemManager( 3478): HoldService:The prePermissionType is: 1

I/HwSystemManager( 3478): HoldService:preHoldShow start!

I/HwSystemManager( 3478): HoldService:The prePermissionType is: 1

I/HwSystemManager( 3478): HoldService:preHoldShow start!

I/HwSystemManager( 3478): HoldService:The prePermissionType is: 1

I/HwSystemManager( 3478): HoldService:preHoldShow start!

I/HwSystemManager( 3478): HoldService:The prePermissionType is: 1

I/HwSystemManager( 3478): HoldService:preHoldShow start!

I/HwSystemManager( 3478): HoldService:preHoldShow start!

I/HwSystemManager( 3478): HoldService:The prePermissionType is: 1

I/HwSystemManager( 3478): HoldService:The prePermissionType is: 1

I/HwSystemManager( 3478): HoldService:preHoldShow start!

I/HwSystemManager( 3478): HoldService:The prePermissionType is: 1

E/cutils  ( 2403): Failed to mkdirat(/storage/sdcard1/Android): Read-only file system

W/ContextImpl(26775): Failed to ensure directory: /storage/sdcard1/Android/data/com.eg.android.AlipayGphone/cache

I/HwSystemManager( 3478): HoldService:preHoldShow start!

I/HwSystemManager( 3478): HoldService:The prePermissionType is: 1

I/HwSystemManager( 3478): HoldService:preHoldShow start!

I/HwSystemManager( 3478): HoldService:The prePermissionType is: 1

I/HwSystemManager( 3478): HoldService:preHoldShow start!

I/HwSystemManager( 3478): HoldService:The prePermissionType is: 1

I/HwSystemManager( 3478): HoldService:preHoldShow start!

I/HwSystemManager( 3478): HoldService:The prePermissionType is: 1

I/HwSystemManager( 3478): HoldService:preHoldShow start!

I/HwSystemManager( 3478): HoldService:The prePermissionType is: 1

I/HwSystemManager( 3478): HoldService:preHoldShow start!

I/HwSystemManager( 3478): HoldService:The prePermissionType is: 1

I/HwSystemManager( 3478): HoldService:preHoldShow start!

I/HwSystemManager( 3478): HoldService:The prePermissionType is: 1

I/HwSystemManager( 3478): HoldService:preHoldShow start!

I/HwSystemManager( 3478): HoldService:The prePermissionType is: 1

I/HwSystemManager( 3478): HoldService:preHoldShow start!

I/HwSystemManager( 3478): HoldService:The prePermissionType is: 1

I/HwSystemManager( 3478): HoldService:preHoldShow start!

I/HwSystemManager( 3478): HoldService:The prePermissionType is: 1

I/HwSystemManager( 3478): HoldService:preHoldShow start!

I/HwSystemManager( 3478): HoldService:The prePermissionType is: 1

I/HwSystemManager( 3478): HoldService:preHoldShow start!

I/HwSystemManager( 3478): HoldService:The prePermissionType is: 1

I/HwSystemManager( 3478): HoldService:preHoldShow start!

I/HwSystemManager( 3478): HoldService:The prePermissionType is: 1

I/HwSystemManager( 3478): HoldService:preHoldShow start!

I/HwSystemManager( 3478): HoldService:The prePermissionType is: 1

I/CpuGovernorPolicy( 3266): cpu draw 

E/Thermal-daemon( 2418): [ap] temp_new :36  temp_old :35

E/Thermal-daemon( 2418): Report temperature: [ap] temp :36  report_threshold:1

I/HwSystemManager( 3478): HoldService:preHoldShow start!

I/HwSystemManager( 3478): HoldService:The prePermissionType is: 1

I/HwSystemManager( 3478): HoldService:preHoldShow start!

I/HwSystemManager( 3478): HoldService:The prePermissionType is: 1

I/HwSystemManager( 3478): HoldService:preHoldShow start!

I/HwSystemManager( 3478): HoldService:The prePermissionType is: 1

I/HwSystemManager( 3478): HoldService:preHoldShow start!

I/HwSystemManager( 3478): HoldService:The prePermissionType is: 1

I/HwSystemManager( 3478): HoldService:preHoldShow start!

I/HwSystemManager( 3478): HoldService:The prePermissionType is: 1

I/HwSystemManager( 3478): HoldService:preHoldShow start!

I/HwSystemManager( 3478): HoldService:The prePermissionType is: 1

I/HwSystemManager( 3478): HoldService:preHoldShow start!

I/HwSystemManager( 3478): HoldService:The prePermissionType is: 1

I/HwSystemManager( 3478): HoldService:preHoldShow start!

I/HwSystemManager( 3478): HoldService:The prePermissionType is: 1

I/HwSystemManager( 3478): HoldService:preHoldShow start!

I/HwSystemManager( 3478): HoldService:The prePermissionType is: 1

I/HwSystemManager( 3478): HoldService:preHoldShow start!

I/HwSystemManager( 3478): HoldService:The prePermissionType is: 1

I/HwSystemManager( 3478): HoldService:preHoldShow start!

I/HwSystemManager( 3478): HoldService:The prePermissionType is: 1

I/HwSystemManager( 3478): HoldService:preHoldShow start!

I/HwSystemManager( 3478): HoldService:The prePermissionType is: 1

I/HwSystemManager( 3478): HoldService:preHoldShow start!

I/HwSystemManager( 3478): HoldService:The prePermissionType is: 1

I/ActivityManager( 2929): Displayed com.eg.android.AlipayGphone/com.alipay.mobile.security.gesture.ui.GestureActivity_: +336ms (total +764ms)

I/HwSystemManager( 3478): HoldService:preHoldShow start!

I/HwSystemManager( 3478): HoldService:The prePermissionType is: 1

I/HwSystemManager( 3478): HoldService:preHoldShow start!

I/HwSystemManager( 3478): HoldService:The prePermissionType is: 1

I/HwSystemManager( 3478): HoldService:preHoldShow start!

I/HwSystemManager( 3478): HoldService:The prePermissionType is: 1

E/cutils  ( 2403): Failed to mkdirat(/storage/sdcard1/Android): Read-only file system

I/HwSystemManager( 3478): HoldService:preHoldShow start!

I/HwSystemManager( 3478): HoldService:The prePermissionType is: 1

W/ContextImpl(26857): Failed to ensure directory: /storage/sdcard1/Android/data/com.eg.android.AlipayGphone/cache

I/HwSystemManager( 3478): HoldService:preHoldShow start!

I/HwSystemManager( 3478): HoldService:The prePermissionType is: 1

I/HwSystemManager( 3478): HoldService:preHoldShow start!

I/HwSystemManager( 3478): HoldService:The prePermissionType is: 1

I/HwSystemManager( 3478): HoldService:preHoldShow start!

I/HwSystemManager( 3478): HoldService:The prePermissionType is: 1

W/ContextImpl(26857): Implicit intents with startService are not safe: Intent { act=com.eg.android.AlipayGphone.push.action.START_PUSHSERVICE (has extras) } android.content.ContextWrapper.startService:494 com.alipay.pushsdk.push.AppInfoRecvIntentService.onHandleIntent:1 android.app.IntentService$ServiceHandler.handleMessage:65 

I/HwSystemManager( 3478): HoldService:preHoldShow start!

I/HwSystemManager( 3478): HoldService:The prePermissionType is: 1

I/HwSystemManager( 3478): HoldService:preHoldShow start!

I/HwSystemManager( 3478): HoldService:The prePermissionType is: 1

I/HwSystemManager( 3478): HoldService:preHoldShow start!

I/HwSystemManager( 3478): HoldService:The prePermissionType is: 1

I/HwSystemManager( 3478): HoldService:preHoldShow start!

I/HwSystemManager( 3478): HoldService:The prePermissionType is: 1

W/ContextImpl(26857): Implicit intents with startService are not safe: Intent { act=com.eg.android.AlipayGphone.push.action.START_PUSHSERVICE (has extras) } android.content.ContextWrapper.startService:494 com.alipay.pushsdk.push.AppInfoRecvIntentService.onHandleIntent:1 android.app.IntentService$ServiceHandler.handleMessage:65 

I/HwSystemManager( 3478): HoldService:preHoldShow start!

I/HwSystemManager( 3478): HoldService:The prePermissionType is: 1

I/dalvikvm(26857): Total arena pages for JIT: 11

I/dalvikvm(26857): Total arena pages for JIT: 12

I/dalvikvm(26857): Total arena pages for JIT: 13

I/dalvikvm(26857): Total arena pages for JIT: 14

I/dalvikvm(26857): Total arena pages for JIT: 15

I/dalvikvm(26857): Total arena pages for JIT: 16

I/dalvikvm(26857): Total arena pages for JIT: 17

I/dalvikvm(26857): Total arena pages for JIT: 18

I/dalvikvm(26857): Total arena pages for JIT: 19

I/HwSystemManager( 3478): HoldService:preHoldShow start!

I/HwSystemManager( 3478): HoldService:The prePermissionType is: 1

I/HwSystemManager( 3478): HoldService:preHoldShow start!

I/HwSystemManager( 3478): HoldService:The prePermissionType is: 1

I/HwSystemManager( 3478): HoldService:preHoldShow start!

I/HwSystemManager( 3478): HoldService:The prePermissionType is: 1

I/HwSystemManager( 3478): HoldService:preHoldShow start!

I/HwSystemManager( 3478): HoldService:The prePermissionType is: 1

I/HwSystemManager( 3478): HoldService:preHoldShow start!

I/HwSystemManager( 3478): HoldService:The prePermissionType is: 1

I/HwSystemManager( 3478): HoldService:preHoldShow start!

I/HwSystemManager( 3478): HoldService:The prePermissionType is: 1

I/HwSystemManager( 3478): HoldService:preHoldShow start!

I/HwSystemManager( 3478): HoldService:The prePermissionType is: 1

I/HwSystemManager( 3478): HoldService:preHoldShow start!

I/HwSystemManager( 3478): HoldService:preHoldShow start!

I/HwSystemManager( 3478): HoldService:The prePermissionType is: 1

I/HwSystemManager( 3478): HoldService:The prePermissionType is: 1

I/HwSystemManager( 3478): HoldService:preHoldShow start!

I/K3V3CpuGovernorPolicy( 3266): close previously scene Hmp policy : 300 , 150

I/HwSystemManager( 3478): HoldService:The prePermissionType is: 1

I/HwSystemManager( 3478): HoldService:preHoldShow start!

I/HwSystemManager( 3478): HoldService:The prePermissionType is: 1

I/HwSystemManager( 3478): HoldService:preHoldShow start!

I/HwSystemManager( 3478): HoldService:The prePermissionType is: 1

I/HwSystemManager( 3478): HoldService:preHoldShow start!

I/HwSystemManager( 3478): HoldService:The prePermissionType is: 1

I/HwSystemManager( 3478): HoldService:preHoldShow start!

I/HwSystemManager( 3478): HoldService:The prePermissionType is: 1

W/ContextImpl(26857): Implicit intents with startService are not safe: Intent { act=com.eg.android.AlipayGphone.push.action.START_PUSHSERVICE (has extras) } android.content.ContextWrapper.startService:494 com.alipay.pushsdk.push.AppInfoRecvIntentService.onHandleIntent:1 android.app.IntentService$ServiceHandler.handleMessage:65 

I/HwSystemManager( 3478): HoldService:preHoldShow start!

I/HwSystemManager( 3478): HoldService:The prePermissionType is: 1

I/HwSystemManager( 3478): HoldService:preHoldShow start!

I/HwSystemManager( 3478): HoldService:The prePermissionType is: 1

I/HwSystemManager( 3478): HoldService:preHoldShow start!

I/HwSystemManager( 3478): HoldService:The prePermissionType is: 1

I/HwSystemManager( 3478): HoldService:preHoldShow start!

I/HwSystemManager( 3478): HoldService:The prePermissionType is: 1

I/dalvikvm(26775): Jit: resizing JitTable from 4096 to 8192

I/HwSystemManager( 3478): HoldService:preHoldShow start!

I/HwSystemManager( 3478): HoldService:The prePermissionType is: 1

I/HwSystemManager( 3478): HoldService:preHoldShow start!

I/HwSystemManager( 3478): HoldService:The prePermissionType is: 1

I/PUSH_INIT(26857): The library is loaded.

I/PUSH_INIT(26857): The push-init JSON({"trigger":"","mobileStatus":true,"model":"H60-L02","appId":"alipayclient","osVersion":"4.4.2","installChannel":"huawei_store","osType":"Android","productVersion":"8.4.0.120608","preClose":1421718896792,"pushVersion":"1.5.0","productId":"com.eg.android.AlipayGphone","mspTid":"b96be1a0f1fbba46fe00c5377ca64445789d905937682374f2b2ec039ad73f2b","curCreate":1421732566197,"IMEI":"460012010637374|864103022846619","manufacturer":"HUAWEI","userId":"2088202307208983","utdId":"VF7qVfGIP28DAJw1eNby0zto","connectType":"wifi"}) is compressed. (compress, class=0x1d400009, object=0x1d600001, 518>205)

I/chromium(26775): [INFO:library_loader_hooks.cc(112)] Chromium logging enabled: level = 0, default verbosity = 0

I/BrowserProcessMain(26775): Initializing chromium process, renderers=0

I/chromium(26775): [INFO:url_util.cc(429)] AddStandardScheme is not supported

I/chromium(26775): [INFO:url_util.cc(429)] AddStandardScheme is not supported

I/chromium(26775): [INFO:url_util.cc(429)] AddStandardScheme is not supported

I/chromium(26775): [INFO:url_util.cc(429)] AddStandardScheme is not supported

W/chromium(26775): [WARNING:proxy_service.cc(888)] PAC support disabled because there is no system implementation

I/HwSystemManager( 3478): HoldService:preHoldShow start!

I/HwSystemManager( 3478): HoldService:The prePermissionType is: 1

I/HwSystemManager( 3478): HoldService:preHoldShow start!

I/HwSystemManager( 3478): HoldService:The prePermissionType is: 1

I/HwSystemManager( 3478): HoldService:preHoldShow start!

I/HwSystemManager( 3478): HoldService:The prePermissionType is: 1

I/HwSystemManager( 3478): HoldService:preHoldShow start!

I/HwSystemManager( 3478): HoldService:The prePermissionType is: 1

I/HwSystemManager( 3478): HoldService:preHoldShow start!

I/HwSystemManager( 3478): HoldService:The prePermissionType is: 1

I/Choreographer(26775): Skipped 40 frames!  The application may be doing too much work on its main thread.

I/HwSystemManager( 3478): HoldService:preHoldShow start!

I/HwSystemManager( 3478): HoldService:The prePermissionType is: 1

I/HwSystemManager( 3478): HoldService:preHoldShow start!

I/HwSystemManager( 3478): HoldService:The prePermissionType is: 1

I/K3V3CpuGovernorPolicy( 3266): set scene Hmp policy : 300 , 150

I/HwSystemManager( 3478): HoldService:preHoldShow start!

I/HwSystemManager( 3478): HoldService:The prePermissionType is: 1

I/HwSystemManager( 3478): HoldService:preHoldShow start!

I/HwSystemManager( 3478): HoldService:The prePermissionType is: 1

W/dalvikvm( 3052): Refusing to reopen boot DEX '/system/framework/hwframework.jar'

W/dalvikvm( 3052): Refusing to reopen boot DEX '/system/framework/hwEmui.jar'

E/HwLauncher( 3310): Launcher dialog dismiss failed : java.lang.IllegalArgumentException: no dialog with id 1 was ever shown via Activity#showDialog

E/HwLauncher( 3310): Launcher dialog dismiss failed : java.lang.IllegalArgumentException: no dialog with id 1 was ever shown via Activity#showDialog

I/ActivityManager( 2929): Displayed com.android.systemui/.recent.RecentsActivity: +141ms

I/CpuGovernorPolicy( 3266): gpu draw 

I/HwSystemManager( 3478): HoldService:preHoldShow start!

I/HwSystemManager( 3478): HoldService:The prePermissionType is: 1

W/ContextImpl(26857): Implicit intents with startService are not safe: Intent { act=com.eg.android.AlipayGphone.push.action.START_PUSHSERVICE (has extras) } android.content.ContextWrapper.startService:494 com.alipay.pushsdk.push.AppInfoRecvIntentService.onHandleIntent:1 android.app.IntentService$ServiceHandler.handleMessage:65 

I/HwSystemManager( 3478): HoldService:preHoldShow start!

I/HwSystemManager( 3478): HoldService:The prePermissionType is: 1

I/HwSystemManager( 3478): HoldService:preHoldShow start!

I/HwSystemManager( 3478): HoldService:The prePermissionType is: 1

I/HwSystemManager( 3478): HoldService:preHoldShow start!

I/HwSystemManager( 3478): HoldService:The prePermissionType is: 1

I/HwSystemManager( 3478): HoldService:preHoldShow start!

I/HwSystemManager( 3478): HoldService:The prePermissionType is: 1

I/HwSystemManager( 3478): HoldService:preHoldShow start!

I/HwSystemManager( 3478): HoldService:The prePermissionType is: 1

I/HwSystemManager( 3478): HoldService:preHoldShow start!

I/HwSystemManager( 3478): HoldService:The prePermissionType is: 1

I/HwSystemManager( 3478): HoldService:preHoldShow start!

I/HwSystemManager( 3478): HoldService:The prePermissionType is: 1

I/HwSystemManager( 3478): HoldService:preHoldShow start!

I/HwSystemManager( 3478): HoldService:The prePermissionType is: 1

I/HwSystemManager( 3478): HoldService:preHoldShow start!

I/HwSystemManager( 3478): HoldService:The prePermissionType is: 1

I/HwSystemManager( 3478): HoldService:preHoldShow start!

I/HwSystemManager( 3478): HoldService:The prePermissionType is: 1

I/HwSystemManager( 3478): HoldService:preHoldShow start!

I/HwSystemManager( 3478): HoldService:The prePermissionType is: 1

I/HwSystemManager( 3478): HoldService:preHoldShow start!

I/HwSystemManager( 3478): HoldService:The prePermissionType is: 1

I/HwSystemManager( 3478): HoldService:preHoldShow start!

I/HwSystemManager( 3478): HoldService:The prePermissionType is: 1

