E/InputDispatcher( 2929): channel '439e1050 air.com.zzf.brush/air.com.zzf.brush.AppEntry (server)' ~ Channel is unrecoverably broken and will be disposed!

I/HwLauncher( 3332): DynamicUpdater call updateFolder

I/HwLauncher( 3332): DynamicIcon onResume  isvisible = false   mAttachedToWindow:true    mWindowVisible:falsecom.android.deskclock

I/HwLauncher( 3332): DynamicUpdater registerReceiver

W/InputDispatcher( 2929): Attempted to unregister already unregistered input channel '439e1050 air.com.zzf.brush/air.com.zzf.brush.AppEntry (server)'

I/HwSystemManager( 3488): SmartMemoryCleanService:informAMSDirectTrimPkgs called, trim pkg:[air.com.zzf.brush]

I/HwLauncher( 3332): DynamicUpdater call updateFolder

I/HwLauncher( 3332): DynamicIcon onResume  isvisible = false   mAttachedToWindow:true    mWindowVisible:falsecom.android.calendar

I/HwLauncher( 3332): DynamicUpdater registerReceiver

I/HwLauncher( 3332): DynamicUpdater call updateFolder

I/HwLauncher( 3332): WeatherDynamicUpdaterpositiveUpdate at WeatherDynamicUpdater

I/HwLauncher( 3332): DynamicIcon onResume  isvisible = false   mAttachedToWindow:true    mWindowVisible:falsecom.huawei.android.totemweather

I/HwLauncher( 3332): Launcher onResume()

I/HwLauncher( 3332): Launcher doResumeWork()

W/MotionDetectionManager( 3332): startMotionAppsReco motionApps: 402 disabled

W/HwLauncher( 3332): Launcher.MotionManager failed to start TYPE_SHAKE_CHANGE_WALLPAPER

I/HwLauncher( 3332): Launcher.MotionManager startShakeMotion mIsShakeInHome=true

W/MotionDetectionManager( 3332): startMotionAppsReco motionApps: 404 disabled

W/HwLauncher( 3332): Launcher.MotionManager failed to start TYPE_SHAKE_START_PRIVACY

I/HwLauncher( 3332): Launcher changeNaviBarStatus

W/HwLauncher( 3332): Launcher  updateMarginLayoutParamsForView:the target view is null.

I/HwLauncher( 3332): Launcher  onResume mIsToUninstallApp = false

I/HwLauncher( 3332): DynamicIcon onVisibilityChanged 0 - com.android.deskclock

I/HwLauncher( 3332): DynamicIcon onVisibilityChanged 0 - com.android.calendar

I/HwLauncher( 3332): DynamicIcon onVisibilityChanged 0 - com.huawei.android.totemweather

E/HwLauncher( 3332): Launcher dialog dismiss failed : java.lang.IllegalArgumentException: no dialog with id 1 was ever shown via Activity#showDialog

I/HwLauncher( 3332): DynamicIcon onWindowVisibilityChanged 0 - com.android.deskclock

I/HwLauncher( 3332): DynamicIcon onWindowVisibilityChanged 0 - com.android.calendar

I/HwLauncher( 3332): DynamicIcon onWindowVisibilityChanged 0 - com.huawei.android.totemweather

I/PhoneStatusBar( 3044): hw_status_bar_operators = true, setSystemUIVisibily(SHOW_OPERATOR = false)

I/HwLauncher( 3332): WeatherDynamicUpdaterreceive action = com.huawei.android.action.launcher_weather_icon_change

I/HwLauncher( 3332): WeatherDynamicUpdaterreceiver data is int[] = [0, 0, 52, 0, 96, 0, 140, 0]


I/HwLauncher( 3332):  stringArray[] [sunny, num1, num7, tempc]

I/PhoneStatusBar( 3044): hw_status_bar_operators = true, setSystemUIVisibily(SHOW_OPERATOR = false)

I/wpa_supplicant( 3570): wlan0: HEART-BEAT-ACK: 243

E/Thermal-daemon( 2421): [ap] temp_new :31  temp_old :30

I/logserver( 2423): Recvfrom netlink message failed, errno = 22

I/logserver( 2423): Recvfrom netlink message failed, errno = 22

I/logserver( 2423): Recvfrom netlink message failed, errno = 22

E/Thermal-daemon( 2421): [ap] temp_new :30  temp_old :31

I/PushLog2551( 6718): [ReceiverDispatcher-397]read to Send:DA(android/ConnectEntity.java:120)

W/Settings( 2929): Setting device_provisioned has moved from android.provider.Settings.Secure to android.provider.Settings.Global.

I/MediaFocusControl( 2929):  AudioFocus  abandonAudioFocus() from android.media.AudioManager@44734150

I/PhoneStatusBar( 3044): hw_status_bar_operators = true, setSystemUIVisibily(SHOW_OPERATOR = false)

E/HwSystemManager( 3488): getSimCardType:/getSimCardInfo: imsi is null

E/HwSystemManager( 3488): getSimCardType:/getSimCardInfo: imsi is null

I/wpa_supplicant( 3570): wlan0: HEART-BEAT-ACK: 244

I/logserver( 2423): get alarm time = 7437 (sec.)!

I/logserver( 2423): send_files, commercial version, send by other, return!

I/logserver( 2423): Object Path:/data/log/apr/, mask=0x00000008

I/logserver( 2423): Timeout, apr update!

I/logserver( 2423): event->len=80, name=H60-L02_V100R001CHNC00B310_DU2TAN1496023172_20150111012026_statistics

I/logserver( 2423): process_one_event, can not find this event(H60-L02_V100R001CHNC00B310_DU2TAN1496023172_20150111012026_statistics)

I/logserver( 2423): clean_cur_cache:962, system(rm -r /data/log/logcache/25241376/* > /dev/null 2>&1)

I/K3V3CpuGovernorPolicy( 3279): set scene Hmp policy : 300 , 150

I/HwLauncher( 3332): Launcher onPause()

W/HwLauncher( 3332): Launcher.MotionManager failed to stop TYPE_SHAKE_CHANGE_WALLPAPER

W/HwLauncher( 3332): Launcher.MotionManager failed to stop TYPE_SHAKE_START_PRIVACY

W/KeyguardViewMediator( 3029): verifyUnlock called when not externally disabled

I/HwCust  (18033): Constructor found for class com.android.settings.HwCustBaseSettingsImpl, args = [Ljava.lang.Object;@42d89cf8

I/HwLauncher( 3332): DynamicIcon onWindowVisibilityChanged 8 - com.android.deskclock

I/HwLauncher( 3332): DynamicIcon onWindowVisibilityChanged 8 - com.android.calendar

I/HwLauncher( 3332): DynamicIcon onWindowVisibilityChanged 8 - com.huawei.android.totemweather

W/dalvikvm(18033): method Lhuawei/com/android/internal/app/HwActionBarImpl;.animateToMode incorrectly overrides package-private method with same name in Lcom/android/internal/app/ActionBarImpl;

I/PhoneStatusBar( 3044): hw_status_bar_operators = true, setSystemUIVisibily(SHOW_OPERATOR = false)

W/Settings(18033): Setting bugreport_in_power_menu has moved from android.provider.Settings.Secure to android.provider.Settings.Global.

I/BiometricManager(18033): UE supported types is null

W/dalvikvm(18033): method Lcom/huawei/android/hwcontrol/HwEditor;.isInSelectionActionMode incorrectly overrides package-private method with same name in Landroid/widget/Editor;

E/textview(18033): initAddtionalStyle default

W/dalvikvm(18033): method Lhuawei/com/android/internal/view/menu/HwActionMenuViewEx;.drawDividersHorizontal incorrectly overrides package-private method with same name in Landroid/widget/LinearLayout;

I/ActivityManager( 2929): Displayed com.android.settings/.DevelopmentSettings: +702ms

I/BiometricManager(18033): UE supported types is null

I/HwLauncher( 3332): Launcher onStop()

E/HwLauncher( 3332): Launcher dialog dismiss failed : java.lang.IllegalArgumentException: no dialog with id 1 was ever shown via Activity#showDialog

I/HwLauncher( 3332): Launcher dynamicIconsUnregister

I/HwLauncher( 3332): DynamicUpdater unregisterReceiver

I/HwLauncher( 3332): DynamicIcon onPause  isvisible = true   mAttachedToWindow:true    mWindowVisible:falsecom.android.deskclock

I/HwLauncher( 3332): DynamicUpdater unregisterReceiver

I/HwLauncher( 3332): DynamicIcon onPause  isvisible = true   mAttachedToWindow:true    mWindowVisible:falsecom.android.calendar

I/HwLauncher( 3332): DynamicUpdater unregisterReceiver

I/HwLauncher( 3332): DynamicIcon onPause  isvisible = true   mAttachedToWindow:true    mWindowVisible:falsecom.huawei.android.totemweather

I/HwLauncher( 3332): DynamicIcon onVisibilityChanged 4 - com.android.deskclock

I/HwLauncher( 3332): DynamicIcon onVisibilityChanged 4 - com.android.calendar

I/HwLauncher( 3332): DynamicIcon onVisibilityChanged 4 - com.huawei.android.totemweather

I/K3V3CpuGovernorPolicy( 3279): close previously scene Hmp policy : 300 , 150

E/textview(18033): initAddtionalStyle default

E/CommandListener( 2408): readDefRoute call readDefRoute

E/SecondaryTablController( 2408): isWifiDefaultRouteExisted /system/bin/ip route

E/CommandListener( 2408): readDefRoute Rsp ok

I/CloudGallaryService( 4816): [CGCommonStatusReceiver[v1.1.8]]: CGCommonStatusReceiver,action-->android.intent.action.BATTERY_CHANGED

I/CloudGallaryService( 4816): [ReceiverManager[v1.1.8]]: ReceiverManager,action-->android.intent.action.BATTERY_CHANGED

I/CloudGallaryService( 4816): [IProcessor[v1.1.8]]: state is not change ，not call service!

E/Thermal-daemon( 2421): [ap] temp_new :31  temp_old :30

I/wpa_supplicant( 3570): wlan0: HEART-BEAT-ACK: 245

I/CloudGallaryService( 4816): [CGCommonStatusReceiver[v1.1.8]]: CGCommonStatusReceiver,action-->android.intent.action.BATTERY_CHANGED

I/CloudGallaryService( 4816): [ReceiverManager[v1.1.8]]: ReceiverManager,action-->android.intent.action.BATTERY_CHANGED

I/CloudGallaryService( 4816): [IProcessor[v1.1.8]]: state is not change ，not call service!

I/logserver( 2423): Recvfrom netlink message failed, errno = 22

E/Thermal-daemon( 2421): [ap] temp_new :30  temp_old :31

W/CursorWrapperInner( 3044): Cursor finalized without prior close()

W/CursorWrapperInner( 3044): Cursor finalized without prior close()

W/CursorWrapperInner( 3044): Cursor finalized without prior close()

I/K3V3CpuGovernorPolicy( 3279): set scene Hmp policy : 300 , 150

W/dalvikvm( 3044): Refusing to reopen boot DEX '/system/framework/hwframework.jar'

W/dalvikvm( 3044): Refusing to reopen boot DEX '/system/framework/hwEmui.jar'

E/HwLauncher( 3332): Launcher dialog dismiss failed : java.lang.IllegalArgumentException: no dialog with id 1 was ever shown via Activity#showDialog

E/HwLauncher( 3332): Launcher dialog dismiss failed : java.lang.IllegalArgumentException: no dialog with id 1 was ever shown via Activity#showDialog

I/ActivityManager( 2929): Displayed com.android.systemui/.recent.RecentsActivity: +123ms

I/K3V3CpuGovernorPolicy( 3279): close previously scene Hmp policy : 300 , 150

I/K3V3CpuGovernorPolicy( 3279): set scene Hmp policy : 300 , 150

E/HwLauncher( 3332): Launcher dialog dismiss failed : java.lang.IllegalArgumentException: no dialog with id 1 was ever shown via Activity#showDialog

I/HwLauncher( 3332): DynamicIcon onWindowVisibilityChanged 4 - com.android.deskclock

I/HwLauncher( 3332): DynamicIcon onWindowVisibilityChanged 4 - com.android.calendar

I/HwLauncher( 3332): DynamicIcon onWindowVisibilityChanged 4 - com.huawei.android.totemweather

I/HwLauncher( 3332): Launcher  onNewIntent mIsToUninstallApp = false

E/HwLauncher( 3332): Launcher dialog dismiss failed : java.lang.IllegalArgumentException: no dialog with id 1 was ever shown via Activity#showDialog

W/HwLauncher( 3332): Launcher null folder is animating process

I/HwLauncher( 3332): Launcher onStart()

I/HwLauncher( 3332): Launcher dynamicIconsRegister

I/HwLauncher( 3332): DynamicUpdater registerReceiver

I/HwLauncher( 3332): DynamicIconData , getDrawableForDynamic begin, pkg = com.android.deskclock, picName = deskclock_bg

I/HwLauncher( 3332): DynamicIconData , getDrawableForDynamic end, pkg = com.android.deskclock, picName = deskclock_bg

I/HwLauncher( 3332): DynamicIconData , getDrawableForDynamic begin, pkg = com.android.deskclock, picName = deskclock_bg

I/HwLauncher( 3332): DynamicIconData , getDrawableForDynamic end, pkg = com.android.deskclock, picName = deskclock_bg

I/HwLauncher( 3332): Launcher.Utilities createIconBitmap sourceWidth = 120sourceHeight = 120

I/HwLauncher( 3332): ClockDynamicUpdater calender update folder at CalenderDynamicUpdater

I/HwLauncher( 3332): DynamicUpdater call updateFolder

I/HwLauncher( 3332): DynamicUpdater call updateFolder

I/HwLauncher( 3332): DynamicIcon onResume  isvisible = false   mAttachedToWindow:true    mWindowVisible:falsecom.android.deskclock

I/HwLauncher( 3332): DynamicUpdater registerReceiver

I/HwLauncher( 3332): DynamicUpdater call updateFolder

I/HwLauncher( 3332): DynamicIcon onResume  isvisible = false   mAttachedToWindow:true    mWindowVisible:falsecom.android.calendar

I/HwLauncher( 3332): DynamicUpdater registerReceiver

I/HwLauncher( 3332): DynamicUpdater call updateFolder

I/HwLauncher( 3332): WeatherDynamicUpdaterpositiveUpdate at WeatherDynamicUpdater

I/HwLauncher( 3332): DynamicIcon onResume  isvisible = false   mAttachedToWindow:true    mWindowVisible:falsecom.huawei.android.totemweather

I/HwLauncher( 3332): Launcher onResume()

I/HwLauncher( 3332): Launcher doResumeWork()

W/MotionDetectionManager( 3332): startMotionAppsReco motionApps: 402 disabled

W/HwLauncher( 3332): Launcher.MotionManager failed to start TYPE_SHAKE_CHANGE_WALLPAPER

I/HwLauncher( 3332): Launcher.MotionManager startShakeMotion mIsShakeInHome=true

W/MotionDetectionManager( 3332): startMotionAppsReco motionApps: 404 disabled

W/HwLauncher( 3332): Launcher.MotionManager failed to start TYPE_SHAKE_START_PRIVACY

I/HwLauncher( 3332): Launcher changeNaviBarStatus

W/HwLauncher( 3332): Launcher  updateMarginLayoutParamsForView:the target view is null.

I/HwLauncher( 3332): Launcher  onResume mIsToUninstallApp = false

I/HwLauncher( 3332): DynamicIcon onVisibilityChanged 0 - com.android.deskclock

I/HwLauncher( 3332): DynamicIcon onVisibilityChanged 0 - com.android.calendar

I/HwLauncher( 3332): DynamicIcon onVisibilityChanged 0 - com.huawei.android.totemweather

I/HwLauncher( 3332): DynamicIcon onWindowVisibilityChanged 0 - com.android.deskclock

I/HwLauncher( 3332): DynamicIcon onWindowVisibilityChanged 0 - com.android.calendar

I/HwLauncher( 3332): DynamicIcon onWindowVisibilityChanged 0 - com.huawei.android.totemweather

I/PhoneStatusBar( 3044): hw_status_bar_operators = true, setSystemUIVisibily(SHOW_OPERATOR = false)

I/HwLauncher( 3332): WeatherDynamicUpdaterreceive action = com.huawei.android.action.launcher_weather_icon_change

I/HwLauncher( 3332): WeatherDynamicUpdaterreceiver data is int[] = [0, 0, 52, 0, 96, 0, 140, 0]


I/HwLauncher( 3332):  stringArray[] [sunny, num1, num7, tempc]

I/PhoneStatusBar( 3044): hw_status_bar_operators = true, setSystemUIVisibily(SHOW_OPERATOR = false)

I/K3V3CpuGovernorPolicy( 3279): close previously scene Hmp policy : 300 , 150

I/wpa_supplicant( 3570): wlan0: HEART-BEAT-ACK: 246

I/CloudGallaryService( 4816): [CGCommonStatusReceiver[v1.1.8]]: CGCommonStatusReceiver,action-->android.intent.action.BATTERY_CHANGED

I/CloudGallaryService( 4816): [ReceiverManager[v1.1.8]]: ReceiverManager,action-->android.intent.action.BATTERY_CHANGED

I/CloudGallaryService( 4816): [IProcessor[v1.1.8]]: state is not change ，not call service!

E/CommandListener( 2408): readDefRoute call readDefRoute

E/SecondaryTablController( 2408): isWifiDefaultRouteExisted /system/bin/ip route

W/HwSystemManager( 3488): SMCSProvider:Call: Invalid call method = execSQLS

W/HwSystemManager( 3488): SMCSProvider:Call: Invalid call method = execSQLS

W/HwSystemManager( 3488): SMCSProvider:Call: Invalid call method = execSQLS

E/CommandListener( 2408): readDefRoute Rsp ok

I/CloudGallaryService( 4816): [CGCommonStatusReceiver[v1.1.8]]: CGCommonStatusReceiver,action-->android.intent.action.BATTERY_CHANGED

I/CloudGallaryService( 4816): [ReceiverManager[v1.1.8]]: ReceiverManager,action-->android.intent.action.BATTERY_CHANGED

I/CloudGallaryService( 4816): [IProcessor[v1.1.8]]: state is not change ，not call service!

I/wpa_supplicant( 3570): wlan0: HEART-BEAT-ACK: 247

I/logserver( 2423): Recvfrom netlink message failed, errno = 22

I/logserver( 2423): Recvfrom netlink message failed, errno = 22

I/K3V3CpuGovernorPolicy( 3279): set scene Hmp policy : 300 , 150

I/HwLauncher( 3332): Launcher onPause()

W/HwLauncher( 3332): Launcher.MotionManager failed to stop TYPE_SHAKE_CHANGE_WALLPAPER

W/HwLauncher( 3332): Launcher.MotionManager failed to stop TYPE_SHAKE_START_PRIVACY

I/PhoneStatusBar( 3044): hw_status_bar_operators = true, setSystemUIVisibily(SHOW_OPERATOR = false)

I/StartupTime1(18988): :1421983788440

I/HwLauncher( 3332): DynamicIcon onWindowVisibilityChanged 8 - com.android.deskclock

I/HwLauncher( 3332): DynamicIcon onWindowVisibilityChanged 8 - com.android.calendar

I/HwLauncher( 3332): DynamicIcon onWindowVisibilityChanged 8 - com.huawei.android.totemweather

I/CpuGovernorPolicy( 3279): cpu draw 

I/__BUILD_NO (18988): #15.0.0.302

W/System.err( 2929): java.lang.SecurityException: Neither user 10157 nor current process has android.permission.READ_PHONE_STATE.

W/System.err( 2929): 	at android.app.ContextImpl.enforce(ContextImpl.java:1775)

W/System.err( 2929): 	at android.app.ContextImpl.enforceCallingOrSelfPermission(ContextImpl.java:1804)

W/System.err( 2929): 	at com.android.server.TelephonyRegistry.checkListenerPermission(TelephonyRegistry.java:773)

W/System.err( 2929): 	at com.android.server.TelephonyRegistry.listen(TelephonyRegistry.java:208)

I/ActivityManager( 2929): Displayed air.com.zzf.brush/.AppEntry: +548ms

W/System.err( 2929): 	at huawei.com.android.server.StubTelephonyRegistry.listen(StubTelephonyRegistry.java:45)

W/System.err( 2929): 	at com.android.internal.telephony.ITelephonyRegistry$Stub.onTransact(ITelephonyRegistry.java:56)

W/System.err( 2929): 	at android.os.Binder.execTransact(Binder.java:404)

W/System.err( 2929): 	at dalvik.system.NativeStart.run(Native Method)

I/HwLauncher( 3332): Launcher onStop()

E/HwLauncher( 3332): Launcher dialog dismiss failed : java.lang.IllegalArgumentException: no dialog with id 1 was ever shown via Activity#showDialog

I/HwLauncher( 3332): Launcher dynamicIconsUnregister

I/HwLauncher( 3332): DynamicUpdater unregisterReceiver

I/HwLauncher( 3332): DynamicIcon onPause  isvisible = true   mAttachedToWindow:true    mWindowVisible:falsecom.android.deskclock

I/HwLauncher( 3332): DynamicUpdater unregisterReceiver

I/HwLauncher( 3332): DynamicIcon onPause  isvisible = true   mAttachedToWindow:true    mWindowVisible:falsecom.android.calendar

I/HwLauncher( 3332): DynamicUpdater unregisterReceiver

I/HwLauncher( 3332): DynamicIcon onPause  isvisible = true   mAttachedToWindow:true    mWindowVisible:falsecom.huawei.android.totemweather

I/HwLauncher( 3332): DynamicIcon onVisibilityChanged 4 - com.android.deskclock

I/HwLauncher( 3332): DynamicIcon onVisibilityChanged 4 - com.android.calendar

I/HwLauncher( 3332): DynamicIcon onVisibilityChanged 4 - com.huawei.android.totemweather

I/K3V3CpuGovernorPolicy( 3279): close previously scene Hmp policy : 300 , 150

I/wpa_supplicant( 3570): wlan0: HEART-BEAT-ACK: 248

E/CommandListener( 2408): readDefRoute call readDefRoute

E/SecondaryTablController( 2408): isWifiDefaultRouteExisted /system/bin/ip route

E/CommandListener( 2408): readDefRoute Rsp ok

I/CloudGallaryService( 4816): [CGCommonStatusReceiver[v1.1.8]]: CGCommonStatusReceiver,action-->android.intent.action.BATTERY_CHANGED

I/CloudGallaryService( 4816): [ReceiverManager[v1.1.8]]: ReceiverManager,action-->android.intent.action.BATTERY_CHANGED

I/CloudGallaryService( 4816): [IProcessor[v1.1.8]]: state is not change ，not call service!

E/HwSystemManager( 3488): BgPowerManagerService: conusmPower = -16 result = -187 flag1 =false flag2 = false

I/wpa_supplicant( 3570): wlan0: HEART-BEAT-ACK: 249

I/logserver( 2423): Recvfrom netlink message failed, errno = 22

I/CloudGallaryService( 4816): [CGCommonStatusReceiver[v1.1.8]]: CGCommonStatusReceiver,action-->android.intent.action.BATTERY_CHANGED

I/CloudGallaryService( 4816): [ReceiverManager[v1.1.8]]: ReceiverManager,action-->android.intent.action.BATTERY_CHANGED

I/CloudGallaryService( 4816): [IProcessor[v1.1.8]]: state is not change ，not call service!

I/K3V3CpuGovernorPolicy( 3279): set scene Hmp policy : 300 , 150

W/dalvikvm( 3044): Refusing to reopen boot DEX '/system/framework/hwframework.jar'

W/dalvikvm( 3044): Refusing to reopen boot DEX '/system/framework/hwEmui.jar'

E/HwLauncher( 3332): Launcher dialog dismiss failed : java.lang.IllegalArgumentException: no dialog with id 1 was ever shown via Activity#showDialog

E/HwLauncher( 3332): Launcher dialog dismiss failed : java.lang.IllegalArgumentException: no dialog with id 1 was ever shown via Activity#showDialog

I/ActivityManager( 2929): Displayed com.android.systemui/.recent.RecentsActivity: +144ms

I/CpuGovernorPolicy( 3279): gpu draw 

W/hwcomposer( 2411): layer SCF fator is larger than 8 or smaller than 64

I/K3V3CpuGovernorPolicy( 3279): close previously scene Hmp policy : 300 , 150

I/HwSystemManager(17858): OptimizeReceiver:OptimizeReceiver received action:huawei.intent.action.hsm_remove_pkg

I/HwSystemManager( 3488): OptimizeIntentService:handlerRemovePkg, packge name is air.com.zzf.brush

I/HwSystemManager( 3488): ProcessFilterPolicy:unprotectList app:[com.android.soundrecorder, com.android.calculator2, com.huawei.hidisk, com.android.gallery3d, com.android.mediacenter, com.android.packageinstaller, com.android.wallpaper.holospiral, com.android.wallpaper, com.android.browser, com.android.stk, com.android.magicsmoke, com.huawei.appmarket, com.android.htmlviewer, com.android.musicvis, com.android.wallpaper.livepicker, com.hexin.plat.android, com.eg.android.AlipayGphone, com.tencent.qqphonebook, com.quickbird.speedtest, sh.lilith.dgame.huawei, com.autonavi.minimap, com.sohu.newsclient, com.huawei.android.ds, com.duomi.android, com.huawei.KoBackup, com.chaozh.iReaderFree15, com.tencent.mobileqq, com.huawei.gamebox, com.baidu.searchbox_huawei, com.sohu.sohuvideo, com.vmall.client, com.huawei.android.thememanager, com.huawei.fans, com.sina.weibo, com.android.providers.downloads, com.jingdong.app.mall, com.google.android.tts, com.huawei.mytime, com.mt.mtxx.mtxx, com.sinovatech.unicom.ui, com.UCMobile, com.sohu.inputmethod.sogou, com.huawei.remoteassistant, com.meitu.gridpuzzle, com.huawei.appmarket.wallet, com.huawei.iat, com.jiuguo.app, com.taobao.taobao, com.xueqiu.android, com.qiyi.video, cn.tianya.light, com.tencent.mm, com.huawei.wallet, com.netease.ldxy.huawei, com.taobao.trip, com.huawei.phoneservice, com.qihoo.freewifi, com.hexin.plat.kaihu, com.tencent.android.qqdownloader, com.ijinshan.ShouJiKongService, com.ijinshan.ShouJiKong.AndroidDaemon, com.huawei.hisuite, com.aprilbrother.ab_ibeacon, air.com.zzf.brush]

I/HwSystemManager( 3488): OptimizeIntentService:Send pkg to smcs[air.com.zzf.brush]

W/InputDispatcher( 2929): channel '43862f58 air.com.zzf.brush/air.com.zzf.brush.AppEntry (server)' ~ Consumer closed input channel or an error occurred.  events=0x9

E/InputDispatcher( 2929): channel '43862f58 air.com.zzf.brush/air.com.zzf.brush.AppEntry (server)' ~ Channel is unrecoverably broken and will be disposed!

W/InputDispatcher( 2929): Attempted to unregister already unregistered input channel '43862f58 air.com.zzf.brush/air.com.zzf.brush.AppEntry (server)'

I/HwSystemManager( 3488): SmartMemoryCleanService:informAMSDirectTrimPkgs called, trim pkg:[air.com.zzf.brush]

I/wpa_supplicant( 3570): wlan0: HEART-BEAT-ACK: 250

W/CursorWrapperInner( 3044): Cursor finalized without prior close()

W/CursorWrapperInner( 3044): Cursor finalized without prior close()

W/CursorWrapperInner( 3044): Cursor finalized without prior close()

E/Thermal-daemon( 2421): [ap] temp_new :31  temp_old :30

I/K3V3CpuGovernorPolicy( 3279): set scene Hmp policy : 300 , 150

E/HwLauncher( 3332): Launcher dialog dismiss failed : java.lang.IllegalArgumentException: no dialog with id 1 was ever shown via Activity#showDialog

I/HwLauncher( 3332): Launcher  onNewIntent mIsToUninstallApp = false

E/HwLauncher( 3332): Launcher dialog dismiss failed : java.lang.IllegalArgumentException: no dialog with id 1 was ever shown via Activity#showDialog

W/HwLauncher( 3332): Launcher null folder is animating process

I/HwLauncher( 3332): Launcher onStart()

I/HwLauncher( 3332): Launcher dynamicIconsRegister

I/HwLauncher( 3332): DynamicUpdater registerReceiver

I/HwLauncher( 3332): DynamicIconData , getDrawableForDynamic begin, pkg = com.android.deskclock, picName = deskclock_bg

I/HwLauncher( 3332): DynamicIconData , getDrawableForDynamic end, pkg = com.android.deskclock, picName = deskclock_bg

I/HwLauncher( 3332): DynamicIconData , getDrawableForDynamic begin, pkg = com.android.deskclock, picName = deskclock_bg

I/HwLauncher( 3332): DynamicIconData , getDrawableForDynamic end, pkg = com.android.deskclock, picName = deskclock_bg

I/HwLauncher( 3332): Launcher.Utilities createIconBitmap sourceWidth = 120sourceHeight = 120

I/HwLauncher( 3332): ClockDynamicUpdater calender update folder at CalenderDynamicUpdater

I/HwLauncher( 3332): DynamicUpdater call updateFolder

I/HwLauncher( 3332): DynamicUpdater call updateFolder

I/HwLauncher( 3332): DynamicIcon onResume  isvisible = false   mAttachedToWindow:true    mWindowVisible:falsecom.android.deskclock

I/HwLauncher( 3332): DynamicUpdater registerReceiver

I/HwLauncher( 3332): DynamicUpdater call updateFolder

I/HwLauncher( 3332): DynamicIcon onResume  isvisible = false   mAttachedToWindow:true    mWindowVisible:falsecom.android.calendar

I/HwLauncher( 3332): DynamicUpdater registerReceiver

I/HwLauncher( 3332): DynamicUpdater call updateFolder

I/HwLauncher( 3332): DynamicIcon onResume  isvisible = false   mAttachedToWindow:true    mWindowVisible:falsecom.huawei.android.totemweather

I/HwLauncher( 3332): WeatherDynamicUpdaterpositiveUpdate at WeatherDynamicUpdater

I/HwLauncher( 3332): Launcher onResume()

I/HwLauncher( 3332): Launcher doResumeWork()

W/MotionDetectionManager( 3332): startMotionAppsReco motionApps: 402 disabled

W/HwLauncher( 3332): Launcher.MotionManager failed to start TYPE_SHAKE_CHANGE_WALLPAPER

I/HwLauncher( 3332): Launcher.MotionManager startShakeMotion mIsShakeInHome=true

W/MotionDetectionManager( 3332): startMotionAppsReco motionApps: 404 disabled

W/HwLauncher( 3332): Launcher.MotionManager failed to start TYPE_SHAKE_START_PRIVACY

I/HwLauncher( 3332): Launcher changeNaviBarStatus

W/HwLauncher( 3332): Launcher  updateMarginLayoutParamsForView:the target view is null.

I/HwLauncher( 3332): Launcher  onResume mIsToUninstallApp = false

I/HwLauncher( 3332): DynamicIcon onVisibilityChanged 0 - com.android.deskclock

I/HwLauncher( 3332): DynamicIcon onVisibilityChanged 0 - com.android.calendar

I/HwLauncher( 3332): DynamicIcon onVisibilityChanged 0 - com.huawei.android.totemweather

I/HwLauncher( 3332): DynamicIcon onWindowVisibilityChanged 0 - com.android.deskclock

I/HwLauncher( 3332): DynamicIcon onWindowVisibilityChanged 0 - com.android.calendar

I/HwLauncher( 3332): DynamicIcon onWindowVisibilityChanged 0 - com.huawei.android.totemweather

I/PhoneStatusBar( 3044): hw_status_bar_operators = true, setSystemUIVisibily(SHOW_OPERATOR = false)

I/HwLauncher( 3332): WeatherDynamicUpdaterreceive action = com.huawei.android.action.launcher_weather_icon_change

I/HwLauncher( 3332): WeatherDynamicUpdaterreceiver data is int[] = [0, 0, 52, 0, 96, 0, 140, 0]


I/HwLauncher( 3332):  stringArray[] [sunny, num1, num7, tempc]

I/PhoneStatusBar( 3044): hw_status_bar_operators = true, setSystemUIVisibily(SHOW_OPERATOR = false)

I/K3V3CpuGovernorPolicy( 3279): close previously scene Hmp policy : 300 , 150

E/HwSystemManager( 3488): getSimCardType:/getSimCardInfo: imsi is null

E/HwSystemManager( 3488): getSimCardType:/getSimCardInfo: imsi is null

E/HwSystemManager( 3488): getSimCardType:/getSimCardInfo: imsi is null

I/CAPALiteReceiver( 3279): USER STATE: STATIONARY SUB STATE: UNKNOWN

E/CommandListener( 2408): readDefRoute call readDefRoute

E/SecondaryTablController( 2408): isWifiDefaultRouteExisted /system/bin/ip route

E/CommandListener( 2408): readDefRoute Rsp ok

I/wpa_supplicant( 3570): wlan0: HEART-BEAT-ACK: 251

E/Thermal-daemon( 2421): [ap] temp_new :30  temp_old :31

I/logserver( 2423): Recvfrom netlink message failed, errno = 22

I/wpa_supplicant( 3570): wlan0: HEART-BEAT-ACK: 252

I/HwLauncher( 3332): ClockDynamicUpdater date changed!!!!!!

I/HwLauncher( 3332): DynamicIconData , getDrawableForDynamic begin, pkg = com.android.deskclock, picName = deskclock_bg

I/HwLauncher( 3332): DynamicIconData , getDrawableForDynamic end, pkg = com.android.deskclock, picName = deskclock_bg

I/HwLauncher( 3332): DynamicIconData , getDrawableForDynamic begin, pkg = com.android.deskclock, picName = deskclock_bg

I/HwLauncher( 3332): DynamicIconData , getDrawableForDynamic end, pkg = com.android.deskclock, picName = deskclock_bg

I/HwLauncher( 3332): Launcher.Utilities createIconBitmap sourceWidth = 120sourceHeight = 120

I/HwLauncher( 3332): ClockDynamicUpdater calender update folder at CalenderDynamicUpdater

I/HwLauncher( 3332): DynamicUpdater call updateFolder

I/HwLauncher( 3332): ClockDynamicUpdater Calender update and call updateFolder

I/HwLauncher( 3332): CalenderDynamicUpdater date changed!!!!!!

I/HwLauncher( 3332): CalenderDynamicUpdater Calender update and call updateFolder

E/CommandListener( 2408): readDefRoute call readDefRoute

E/SecondaryTablController( 2408): isWifiDefaultRouteExisted /system/bin/ip route

E/CommandListener( 2408): readDefRoute Rsp ok

I/wpa_supplicant( 3570): wlan0: HEART-BEAT-ACK: 253

I/CloudGallaryService( 4816): [CGCommonStatusReceiver[v1.1.8]]: CGCommonStatusReceiver,action-->android.intent.action.BATTERY_CHANGED

I/CloudGallaryService( 4816): [ReceiverManager[v1.1.8]]: ReceiverManager,action-->android.intent.action.BATTERY_CHANGED

I/CloudGallaryService( 4816): [IProcessor[v1.1.8]]: state is not change ，not call service!

E/Thermal-daemon( 2421): [ap] temp_new :29  temp_old :30

I/K3V3CpuGovernorPolicy( 3279): set scene Hmp policy : 300 , 150

I/HwLauncher( 3332): Launcher onPause()

W/HwLauncher( 3332): Launcher.MotionManager failed to stop TYPE_SHAKE_CHANGE_WALLPAPER

W/HwLauncher( 3332): Launcher.MotionManager failed to stop TYPE_SHAKE_START_PRIVACY

I/PhoneStatusBar( 3044): hw_status_bar_operators = true, setSystemUIVisibily(SHOW_OPERATOR = false)

I/StartupTime1(19499): :1421983877513

I/HwLauncher( 3332): DynamicIcon onWindowVisibilityChanged 8 - com.android.deskclock

I/HwLauncher( 3332): DynamicIcon onWindowVisibilityChanged 8 - com.android.calendar

I/HwLauncher( 3332): DynamicIcon onWindowVisibilityChanged 8 - com.huawei.android.totemweather

I/CpuGovernorPolicy( 3279): cpu draw 

I/__BUILD_NO (19499): #15.0.0.302

W/System.err( 2929): java.lang.SecurityException: Neither user 10157 nor current process has android.permission.READ_PHONE_STATE.

W/System.err( 2929): 	at android.app.ContextImpl.enforce(ContextImpl.java:1775)

W/System.err( 2929): 	at android.app.ContextImpl.enforceCallingOrSelfPermission(ContextImpl.java:1804)

W/System.err( 2929): 	at com.android.server.TelephonyRegistry.checkListenerPermission(TelephonyRegistry.java:773)

W/System.err( 2929): 	at com.android.server.TelephonyRegistry.listen(TelephonyRegistry.java:208)

W/System.err( 2929): 	at huawei.com.android.server.StubTelephonyRegistry.listen(StubTelephonyRegistry.java:45)

W/System.err( 2929): 	at com.android.internal.telephony.ITelephonyRegistry$Stub.onTransact(ITelephonyRegistry.java:56)

W/System.err( 2929): 	at android.os.Binder.execTransact(Binder.java:404)

W/System.err( 2929): 	at dalvik.system.NativeStart.run(Native Method)

I/ActivityManager( 2929): Displayed air.com.zzf.brush/.AppEntry: +530ms

I/HwLauncher( 3332): Launcher onStop()

E/HwLauncher( 3332): Launcher dialog dismiss failed : java.lang.IllegalArgumentException: no dialog with id 1 was ever shown via Activity#showDialog

I/HwLauncher( 3332): Launcher dynamicIconsUnregister

I/HwLauncher( 3332): DynamicUpdater unregisterReceiver

I/HwLauncher( 3332): DynamicIcon onPause  isvisible = true   mAttachedToWindow:true    mWindowVisible:falsecom.android.deskclock

I/HwLauncher( 3332): DynamicUpdater unregisterReceiver

I/HwLauncher( 3332): DynamicIcon onPause  isvisible = true   mAttachedToWindow:true    mWindowVisible:falsecom.android.calendar

I/HwLauncher( 3332): DynamicUpdater unregisterReceiver

I/HwLauncher( 3332): DynamicIcon onPause  isvisible = true   mAttachedToWindow:true    mWindowVisible:falsecom.huawei.android.totemweather

I/HwLauncher( 3332): DynamicIcon onVisibilityChanged 4 - com.android.deskclock

I/HwLauncher( 3332): DynamicIcon onVisibilityChanged 4 - com.android.calendar

I/HwLauncher( 3332): DynamicIcon onVisibilityChanged 4 - com.huawei.android.totemweather

I/K3V3CpuGovernorPolicy( 3279): close previously scene Hmp policy : 300 , 150

E/Thermal-daemon( 2421): [ap] temp_new :30  temp_old :29

I/wpa_supplicant( 3570): wlan0: HEART-BEAT-ACK: 254

