I/HwLauncher( 3332): Launcher Deferring update until onResume

I/SimFactoryManager( 4911): Get SIM state from SIM factory manager: 7,For slotId:1

I/AccountTypeManager( 4911): Adding account type = com.android.contacts.model.account.ExternalAccountType@42f522c0 in the cache

I/SimFactoryManager( 4911): Get SIM state from SIM factory manager: 5,For slotId:0

I/AccountTypeManager( 4911): Adding account type = com.android.contacts.hap.sim.advanced.AdvancedSimAccountType@42f31a98 in the cache

I/ECS     (14249): main{1} e.a() all = DEBUG

I/ECS     (14249): main{1} a.a() 

I/ECS     (14249): ============================================================================

I/ECS     (14249): ====                     version 3.4.71-00[20131118]                    ====

I/ECS     (14249): ====       MIP(Mobile Interface Protocol) with MTK(Mini Tool Kit)       ====

I/ECS     (14249): ====        Copyright (c) 2011-2013 Huawei Technologies Co., Ltd.       ====

I/ECS     (14249): ============================================================================

I/ECS     (14249): logger{708} b.run() thread begin

I/provider->DbProvider(14249): provider->DbProvider:onCreate()

I/AccountTypeManager( 4911): Adding account type = com.android.contacts.model.account.ExternalAccountType@434459b8 in the cache

I/AccountTypeManager( 4911): Loaded meta-data for 5 account types, 4 accounts in 191ms(wall) 31ms(cpu)

I/DbHelper(14249): DbHelper:delete()

E/cutils  ( 2406): Failed to mkdirat(/storage/sdcard1/Android): Read-only file system

W/ContextImpl(14249): Failed to ensure directory: /storage/sdcard1/Android/data/com.huawei.gamebox/files

E/cutils  ( 2406): Failed to mkdirat(/storage/sdcard1/Android): Read-only file system

W/ContextImpl(14249): Failed to ensure directory: /storage/sdcard1/Android/data/com.huawei.gamebox/files

E/SerializedObject(14249): read failed:/storage/emulated/0/Android/data/com.huawei.gamebox/files/Data/.AppCheckInfo

I/ECS     (14277): logger{711} b.run() thread begin

I/ECS     (14277): main{1} e.a() all = DEBUG

I/ECS     (14277): main{1} a.a() 

I/ECS     (14277): ============================================================================

I/ECS     (14277): ====                     version 3.4.71-00[20131118]                    ====

I/ECS     (14277): ====       MIP(Mobile Interface Protocol) with MTK(Mini Tool Kit)       ====

I/ECS     (14277): ====        Copyright (c) 2011-2013 Huawei Technologies Co., Ltd.       ====

I/ECS     (14277): ============================================================================

I/provider->DbProvider(14277): provider->DbProvider:onCreate()

I/DbHelper(14277): DbHelper:delete()

E/cutils  ( 2406): Failed to mkdirat(/storage/sdcard1/Android): Read-only file system

W/ContextImpl(14277): Failed to ensure directory: /storage/sdcard1/Android/data/com.huawei.appmarket/files

E/cutils  ( 2406): Failed to mkdirat(/storage/sdcard1/Android): Read-only file system

W/ContextImpl(14277): Failed to ensure directory: /storage/sdcard1/Android/data/com.huawei.appmarket/files

I/MultiDex(14304): install

I/MultiDex(14304): MultiDexExtractor.load(/system/priv-app/GmsCore.apk, false)

I/MultiDex(14304): loading existing secondary dex files

I/MultiDex(14304): load found 1 secondary dex files

I/MultiDex(14304): install done

I/HwLauncher( 3332): UnreadContentObserver onChange()

I/HwLauncher( 3332): UnreadContentObserver onChange()

I/ProviderInstaller(14304): Insert disabled by gate 'gms:security:enable_conscrypt_in_gms_application'

I/GoogleHttpClient(14304): Falling back to old SSLCertificateSocketFactory

I/PushLogAC2543( 3283): [main-1]action is android.intent.action.PACKAGE_REMOVED(pushagent/null:-1)

I/HwSystemManager( 3488): NotificationManagerReceiver:onReceive action = android.intent.action.PACKAGE_REMOVED

I/PushLogAC2543( 3283): [Thread-58-58]framework push exist, use framework push first(pushagent/null:-1)

I/HwSystemManager(13198): OptimizeReceiver:OptimizeReceiver received action:android.intent.action.PACKAGE_REMOVED

I/HwSystemManager(13198): PowerGenieDbHelper:delete protect app:air.com.zzf.brush

I/HwSystemManager(13198): HsmPackageManager:get all installed packages, flag:8192, size:163

E/HwSystemManager(13198): PermissionDBAdapter:appcationsList size:163

I/HwSystemManager( 3488): OptimizeProvider:startup allow delete is executed for Uri:content://com.huawei.android.batteryspriteprovider/startupallowapps

I/HwSystemManager(13198): ComBroadcastReceiver:ComBroadcastReceiver action = android.intent.action.PACKAGE_REMOVED

I/HwSystemManager( 3488): HsmIntentService:destroyed. this:com.huawei.systemmanager.util.content.HsmIntentService_bg@434888f0

E/HwSystemManager( 3488): AppCleanUpService:msg is 1

I/HwSystemManager(13198): SavingSettingUtil:setAlarm and high_level_standard is 10 msg_send_interval is 240 count_frequency is 60 dangerous_level_standard is 25 dangerous_current_level is 30 min_interval_time is 3 average_current_fg is 350 count_frequency_fg is 5 app_show_level is 1

I/YhdsEngine(13198): [EngineIntentService] Received: com.dianxinos.optimizer.engine.action.PKG_CHANGE

I/HwSystemManager(13198): DX-Optimizer:[PackageChangeReceiver] Received: android.intent.action.PACKAGE_REMOVED, data: package:air.com.zzf.brush, replacing: false

I/HwSystemManager(13198): DX-Optimizer:[CommonIntentService] Received: com.dianxinos.optimizer.action.PKG_CHANGE

I/TrashManager(13198): EngineManager not initialed, please EngineManager#init()

I/PeopleContactsSync(14304): CP2 sync disabled

I/HwLauncher( 3332): NewHispaceUpdateObserver  newHispaceCount: 0 

W/HwLauncher( 3332): UnreadContentObserver newUnreadCount:0,oldUnreadCount:0

I/Icing   (14304): Storage manager: low false usage 65.46KB avail 6.39GB capacity 9.74GB

I/HwSystemManager(13198): HsmIntentService:destroyed. this:com.huawei.systemmanager.util.content.HsmIntentService_ui@430a53e8

I/MultiDex(14397): VM with version 1.6.0 does not have multidex support

I/MultiDex(14397): install

I/MultiDex(14397): MultiDexExtractor.load(/data/app/com.sina.weibo-2.apk, false)

I/MultiDex(14397): loading existing secondary dex files

I/MultiDex(14397): load found 1 secondary dex files

I/MultiDex(14397): install done

I/System.out(14397): 1570

W/Icing   (14304): Error while loading LangUtil; unable to load Cld2DetectLanguage: undefined symbol: IcingExtCld2DetectLanguage

I/Icing   (14304): updateResources: need to parse gfv{com.google.android.gms}

W/GooglePlayServicesUtil(14304): Google Play Store is missing.

E/Icing   (14304): Logging connection failed

W/GooglePlayServicesUtil(14304): Google Play Store is missing.

W/SQLiteConnectionPool(14304): A SQLiteConnection object for database '/data/data/com.google.android.gms/databases/metrics.db' was leaked!  Please fix your application to end transactions in progress properly and to close the database when it is no longer needed.

W/SQLiteConnectionPool(14304): A SQLiteConnection object for database '/data/data/com.google.android.gms/databases/help_responses.db' was leaked!  Please fix your application to end transactions in progress properly and to close the database when it is no longer needed.

W/SQLiteConnectionPool(14304): A SQLiteConnection object for database '/data/data/com.google.android.gms/databases/history_query.db' was leaked!  Please fix your application to end transactions in progress properly and to close the database when it is no longer needed.

I/Icing   (14304): Internal init done: storage state 0

I/Icing   (14304): Post-init done

I/Icing   (14304): doRemovePackageData air.com.zzf.brush

I/MultiDex(14418): install

I/MultiDex(14418): MultiDexExtractor.load(/system/priv-app/GmsCore.apk, false)

I/MultiDex(14418): loading existing secondary dex files

I/MultiDex(14418): load found 1 secondary dex files

I/MultiDex(14418): install done

I/HwSystemManager( 3488): HoldService:preHoldShow start!

I/HwSystemManager( 3488): HoldService:The prePermissionType is: 1

I/ProviderInstaller(14418): Insert disabled by gate 'gms:security:enable_conscrypt_in_gms_application'

I/HwSystemManager( 3488): HoldService:preHoldShow start!

I/HwSystemManager( 3488): HoldService:The prePermissionType is: 1

I/System.out(14397): 1570

I/System.out(14397): 1570

I/System.out(14397): 1570

I/System.out(14397): 1570

I/System.out(14397): 1570

I/System.out(14397): 1570

W/ContextImpl(14397): Implicit intents with startService are not safe: Intent { act=sina.push.action.service.null (has extras) } android.content.ContextWrapper.startService:494 com.sina.push.PushManager.sendCommand:264 com.sina.push.PushManager.setPushLoggable:157 

I/RegistrationReceiver(12529): start for ACTION_PACKAGE_REMOVED，replacing：false ,packageName: air.com.zzf.brush

I/RegistrationReceiver(12529): replacing or not registered push client : air.com.zzf.brush

I/Utility (12529): --- isDisableService : false

E/Thermal-daemon( 2421): [ap] temp_new :30  temp_old :29

I/PushService(12529): onDestroy

E/StoreApplication(14447): Unknow ProcName:com.huawei.gamebox:pushservice

E/StoreApplication(14447): Unknow ProcName:com.huawei.gamebox:pushservice

I/PushLogSC2543(14447): [main-1]action is android.intent.action.PACKAGE_REMOVED(gamebox/null:-1)

E/mutiCardFactory(14447): [Thread-733-733]FeatureOption.MTK_GEMINI_SUPPORTjava.lang.ClassNotFoundException: com.mediatek.common.featureoption.FeatureOption(gamebox/null:-1)

I/HwSystemManager(13198): PermissionDBAdapter:preInstalledAppsPermissionEmendation no need emendation!

I/mutiCardFactory(14447): [Thread-733-733]isMtkGeminiSupport false(gamebox/null:-1)

I/mutiCardFactory(14447): [Thread-733-733]isHwGeminiSupport1 true(gamebox/null:-1)

W/System.err( 2929): java.lang.SecurityException: WifiService: Neither user 10038 nor current process has android.permission.CHANGE_WIFI_STATE.

W/System.err( 2929): 	at android.app.ContextImpl.enforce(ContextImpl.java:1775)

W/System.err( 2929): 	at android.app.ContextImpl.enforceCallingOrSelfPermission(ContextImpl.java:1804)

W/System.err( 2929): 	at com.android.server.wifi.WifiService.enforceChangePermission(WifiService.java:639)

W/System.err( 2929): 	at com.android.server.wifi.WifiService.getWifiServiceMessenger(WifiService.java:1288)

W/System.err( 2929): 	at android.net.wifi.IWifiManager$Stub.onTransact(IWifiManager.java:423)

W/System.err( 2929): 	at huawei.com.android.server.wifi.HwWifiService.onTransact(HwWifiService.java:58)

W/System.err( 2929): 	at android.os.Binder.execTransact(Binder.java:404)

W/System.err( 2929): 	at dalvik.system.NativeStart.run(Native Method)

I/HwSystemManager(13198): PermissionDBAdapter:checkDBErrorBecauseofHOTA packageNameDBList size 42

I/HwSystemManager(13198): PermissionDBAdapter:checkDBErrorBecauseofHOTA nameList is0

I/PushLogSC2543(14447): [Thread-733-733]framework push exist, use framework push first(gamebox/null:-1)

I/PushLogSC2539(14464): [main-1]action is android.intent.action.PACKAGE_REMOVED(ds/null:-1)

E/mutiCardFactory(14464): [Thread-738-738]FeatureOption.MTK_GEMINI_SUPPORTjava.lang.ClassNotFoundException: com.mediatek.common.featureoption.FeatureOption(ds/null:-1)

I/mutiCardFactory(14464): [Thread-738-738]isMtkGeminiSupport false(ds/null:-1)

I/mutiCardFactory(14464): [Thread-738-738]isHwGeminiSupport1 true(ds/null:-1)

I/dalvikvm(14487): Enabling JNI app bug workarounds for target SDK version 8...

I/PushLogSC2539(14464): [Thread-738-738]framework push exist, use framework push first(ds/null:-1)

I/MapStatic(14487): init class

I/MapStatic(14487): class loaded

I/System.out(14487): time used @LocationInstrument init Cost:12.9725 ms

I/HwSystemManager( 3488): HoldService:preHoldShow start!

I/HwSystemManager( 3488): HoldService:The prePermissionType is: 1

I/HwSystemManager( 3488): HoldService:preHoldShow start!

I/HwSystemManager( 3488): HoldService:The prePermissionType is: 1

I/HwSystemManager( 3488): HoldService:preHoldShow start!

I/HwSystemManager( 3488): HoldService:The prePermissionType is: 1

I/HwSystemManager( 3488): HoldService:preHoldShow start!

I/HwSystemManager( 3488): HoldService:The prePermissionType is: 1

I/FileUtil(14521): [main-1]Can not find the file config.properities(hwid/FileUtil.java:481)

E/FansLog (14521): ConfigHelper.init: ConfigHelperFail to load config because of an io exception: java.io.FileNotFoundException: config.properties

I/CommonApplication(14549): CommonApplication.onCreate

I/PushLogSC2545(14549): [main-1]action is android.intent.action.PACKAGE_REMOVED(remoteassistant/null:-1)

E/mutiCardFactory(14549): [Thread-745-745]FeatureOption.MTK_GEMINI_SUPPORTjava.lang.ClassNotFoundException: com.mediatek.common.featureoption.FeatureOption(remoteassistant/null:-1)

I/mutiCardFactory(14549): [Thread-745-745]isMtkGeminiSupport false(remoteassistant/null:-1)

I/mutiCardFactory(14549): [Thread-745-745]isHwGeminiSupport1 true(remoteassistant/null:-1)

I/PushLogSC2545(14549): [Thread-745-745]framework push exist, use framework push first(remoteassistant/null:-1)

E/StoreApplication(14565): Unknow ProcName:com.huawei.appmarket:pushservice

E/StoreApplication(14565): Unknow ProcName:com.huawei.appmarket:pushservice

I/PushLogSC2543(14565): [main-1]action is android.intent.action.PACKAGE_REMOVED(appmarket/null:-1)

I/HwSystemManager( 3488): HoldService:preHoldShow start!

I/HwSystemManager( 3488): HoldService:The prePermissionType is: 1

E/mutiCardFactory(14565): [Thread-748-748]FeatureOption.MTK_GEMINI_SUPPORTjava.lang.ClassNotFoundException: com.mediatek.common.featureoption.FeatureOption(appmarket/null:-1)

I/mutiCardFactory(14565): [Thread-748-748]isMtkGeminiSupport false(appmarket/null:-1)

I/mutiCardFactory(14565): [Thread-748-748]isHwGeminiSupport1 true(appmarket/null:-1)

W/System.err( 2929): java.lang.SecurityException: WifiService: Neither user 10008 nor current process has android.permission.CHANGE_WIFI_STATE.

W/System.err( 2929): 	at android.app.ContextImpl.enforce(ContextImpl.java:1775)

W/System.err( 2929): 	at android.app.ContextImpl.enforceCallingOrSelfPermission(ContextImpl.java:1804)

W/System.err( 2929): 	at com.android.server.wifi.WifiService.enforceChangePermission(WifiService.java:639)

W/System.err( 2929): 	at com.android.server.wifi.WifiService.getWifiServiceMessenger(WifiService.java:1288)

W/System.err( 2929): 	at android.net.wifi.IWifiManager$Stub.onTransact(IWifiManager.java:423)

W/System.err( 2929): 	at huawei.com.android.server.wifi.HwWifiService.onTransact(HwWifiService.java:58)

W/System.err( 2929): 	at android.os.Binder.execTransact(Binder.java:404)

W/System.err( 2929): 	at dalvik.system.NativeStart.run(Native Method)

I/PushLogSC2543(14565): [Thread-748-748]framework push exist, use framework push first(appmarket/null:-1)

W/System.err(14487): java.lang.ClassNotFoundException: com.taobao.statistic.TBS$Ext

W/System.err(14487): 	at java.lang.Class.classForName(Native Method)

W/System.err(14487): 	at java.lang.Class.forName(Class.java:251)

W/System.err(14487): 	at java.lang.Class.forName(Class.java:216)

W/System.err(14487): 	at com.taobao.securityjni.usertrack.TBSecurityUsertrackProxy.UserTrackUpload(Unknown Source)

W/System.err(14487): 	at com.taobao.securityjni.impl.CImplStaticData.getAppKeyByte(Native Method)

W/System.err(14487): 	at com.taobao.securityjni.impl.CImplStaticData.getAppKey(Unknown Source)

W/System.err(14487): 	at com.taobao.securityjni.StaticDataStore.getAppKey(Unknown Source)

W/System.err(14487): 	at com.taobao.securityjni.StaticDataStore.getAppKey(Unknown Source)

W/System.err(14487): 	at java.lang.reflect.Method.invokeNative(Native Method)

W/System.err(14487): 	at java.lang.reflect.Method.invoke(Method.java:515)

W/System.err(14487): 	at com.taobao.dp.a.c.a(Unknown Source)

W/System.err(14487): 	at com.taobao.dp.client.a.init(Unknown Source)

W/System.err(14487): 	at com.taobao.dp.DeviceSecuritySDK.init(Unknown Source)

W/System.err(14487): 	at com.taobao.dp.client.a.init(Unknown Source)

W/System.err(14487): 	at com.taobao.dp.DeviceSecuritySDK.init(Unknown Source)

W/System.err(14487): 	at com.autonavi.minimap.Activator$1.run(Activator.java:196)

W/System.err(14487): 	at java.lang.Thread.run(Thread.java:841)

W/System.err(14487): Caused by: java.lang.NoClassDefFoundError: com/taobao/statistic/TBS$Ext

W/System.err(14487): 	... 17 more

W/System.err(14487): Caused by: java.lang.ClassNotFoundException: Didn't find class "com.taobao.statistic.TBS$Ext" on path: DexPathList[[zip file "/data/app/com.autonavi.minimap-2.apk"],nativeLibraryDirectories=[/data/app-lib/com.autonavi.minimap-2, /vendor/lib, /system/lib, /data/datalib]]

W/System.err(14487): 	at dalvik.system.BaseDexClassLoader.findClass(BaseDexClassLoader.java:56)

W/System.err(14487): 	at java.lang.ClassLoader.loadClass(ClassLoader.java:497)

W/System.err(14487): 	at java.lang.ClassLoader.loadClass(ClassLoader.java:457)

W/System.err(14487): 	... 17 more

I/HwSystemManager( 3488): HoldService:preHoldShow start!

I/HwSystemManager( 3488): HoldService:The prePermissionType is: 1

I/HwSystemManager( 3488): HoldService:preHoldShow start!

I/HwSystemManager( 3488): HoldService:The prePermissionType is: 1

W/System.err( 2929): java.lang.SecurityException: Need BLUETOOTH permission: Neither user 10098 nor current process has android.permission.BLUETOOTH.

W/System.err( 2929): 	at android.app.ContextImpl.enforce(ContextImpl.java:1775)

W/System.err( 2929): 	at android.app.ContextImpl.enforceCallingOrSelfPermission(ContextImpl.java:1804)

W/System.err( 2929): 	at com.android.server.BluetoothManagerService.getAddress(BluetoothManagerService.java:627)

W/System.err( 2929): 	at android.bluetooth.IBluetoothManager$Stub.onTransact(IBluetoothManager.java:156)

W/System.err( 2929): 	at android.os.Binder.execTransact(Binder.java:404)

W/System.err( 2929): 	at dalvik.system.NativeStart.run(Native Method)

I/HwSystemManager( 3488): HoldService:preHoldShow start!

I/HwSystemManager( 3488): HoldService:The prePermissionType is: 1

I/HwSystemManager( 3488): HoldService:preHoldShow start!

I/HwSystemManager( 3488): HoldService:The prePermissionType is: 1

I/HwSystemManager( 3488): HoldService:preHoldShow start!

I/HwSystemManager( 3488): HoldService:The prePermissionType is: 1

I/HwSystemManager( 3488): HoldService:preHoldShow start!

I/HwSystemManager( 3488): HoldService:The prePermissionType is: 1

W/System.err( 2929): java.lang.SecurityException: Need BLUETOOTH permission: Neither user 10098 nor current process has android.permission.BLUETOOTH.

W/System.err( 2929): 	at android.app.ContextImpl.enforce(ContextImpl.java:1775)

W/System.err( 2929): 	at android.app.ContextImpl.enforceCallingOrSelfPermission(ContextImpl.java:1804)

W/System.err( 2929): 	at com.android.server.BluetoothManagerService.getAddress(BluetoothManagerService.java:627)

W/System.err( 2929): 	at android.bluetooth.IBluetoothManager$Stub.onTransact(IBluetoothManager.java:156)

W/System.err( 2929): 	at android.os.Binder.execTransact(Binder.java:404)

W/System.err( 2929): 	at dalvik.system.NativeStart.run(Native Method)

I/HwSystemManager( 3488): HoldService:preHoldShow start!

I/HwSystemManager( 3488): HoldService:The prePermissionType is: 1

I/HwSystemManager( 3488): HoldService:preHoldShow start!

I/HwSystemManager( 3488): HoldService:The prePermissionType is: 1

E/android_hardware_fm.cpp(14638): register_android_hardware_fm_fmradio

E/FM_HAL  (14638): [FM_HAL], fm_dynamic_lib is libbcmfm_if

E/FM_HAL  (14638): [FM_HAL], libname is libbcmfm_if

E/fm_if.c (14638): find the id:libbcmfm_if and begins to open the devices

E/android_hardware_fm.cpp(14638): register_android_hardware_fm_fmradio, ret is 0

E/        (14638): ProtocolErrorLog wangkang test!!

I/ApplicationsProvider(10699): System.gc()

I/PackageManager( 2929): Running dexopt on: air.com.zzf.brush

I/InputReader( 2929): Reconfiguring input devices.  changes=0x00000010

I/HwSystemManager(13198): HsmPackageManager:Receive intent:Intent { act=android.intent.action.PACKAGE_ADDED dat=package:air.com.zzf.brush flg=0x4000010 (has extras) }

I/HwSystemManager(13198): HsmPackageManager:replacing:false

I/HwSystemManager(13198): HsmPackageManager:pkgName:air.com.zzf.brush

I/ApplicationsProvider(10699): sendGCMsg()

I/HwSystemManager( 3488): HsmPackageManager:Receive intent:Intent { act=android.intent.action.PACKAGE_ADDED dat=package:air.com.zzf.brush flg=0x4000010 (has extras) }

I/HwSystemManager( 3488): HsmPackageManager:replacing:false

I/HwSystemManager( 3488): HsmPackageManager:pkgName:air.com.zzf.brush

I/HwSystemManager( 3488): HsmPackageManager:doAppInstalled, installed: air.com.zzf.brush

I/HwSystemManager(13198): HsmPackageManager:doAppInstalled, installed: air.com.zzf.brush

I/PushLog2551( 6718): [main-1]support ctrlsocket.(android/PushServiceTools.java:63)

I/HwLauncher( 3332): Model  onReceive intent=Intent { act=android.intent.action.PACKAGE_ADDED dat=package:air.com.zzf.brush flg=0x4000010 (has extras) }

I/HwLauncher( 3332): Model isStk =false replacing = false package = air.com.zzf.brush

I/HwLauncher( 3332): MutilSelectedIconsonPreHandleUpdatedTask : mIsInMutilSelectMode = false task = 1 packages = [air.com.zzf.brush]

I/HwLauncher( 3332): SimpleLauncherModeaction= android.intent.action.PACKAGE_ADDEDpackageName = air.com.zzf.brush

W/HwLauncher( 3332): SimpleLauncherMode onReceive : It's normal Launcher now, do not handle add packages

I/HwLauncher( 3332): Model mAllAppsList.addPackage air.com.zzf.brush

I/HwLauncher( 3332): Launcher.IconCache, cacheLocked begin Utilities.createIconBitmap entry.title = brush

I/HwLauncher( 3332): Launcher.IconCache, getDrawableForDensity begin, iconId = 2130837505

I/HwLauncher( 3332): Launcher.IconCache, getDrawableForDensity end,iconId = 2130837505

I/HwLauncher( 3332): Launcher.Utilities createIconBitmap sourceWidth = 180sourceHeight = 180

I/HwLauncher( 3332): Launcher.IconCache, cacheLocked end Utilities.createIconBitmap entry.title = brush

I/HwLauncher( 3332): Workspace addAppToDesktop itemInfo=ShortcutInfo(title=brush) success=true isInstalled=true checkPage=1 mCoordinates=3,3 view=null

W/ResourceType( 4911): getEntry failing because entryIndex 1976 is beyond type entryCount 1010

W/ResourceType( 4911): Failure getting entry for 0x7f0207b8 (t=1 e=1976) in package 0 (error -2147483647)

W/ResourceType( 4911): getEntry failing because entryIndex 1975 is beyond type entryCount 1010

W/ResourceType( 4911): Failure getting entry for 0x7f0207b7 (t=1 e=1975) in package 0 (error -2147483647)

I/AccountTypeManager( 4911): Adding account type = com.android.contacts.model.account.ExternalAccountType@42f94fd0 in the cache

I/AccountTypeManager( 4911): Adding account type = com.android.contacts.model.account.ExchangeAccountType@434e3350 in the cache

I/SimFactoryManager( 4911): Get SIM state from SIM factory manager: 7,For slotId:1

I/HwLauncher( 3332): Launcher Deferring update until onResume

I/AccountTypeManager( 4911): Adding account type = com.android.contacts.model.account.ExternalAccountType@433c0df8 in the cache

I/SimFactoryManager( 4911): Get SIM state from SIM factory manager: 5,For slotId:0

I/AccountTypeManager( 4911): Adding account type = com.android.contacts.hap.sim.advanced.AdvancedSimAccountType@42f31a98 in the cache

I/AccountTypeManager( 4911): Adding account type = com.android.contacts.model.account.ExternalAccountType@43485a88 in the cache

I/AccountTypeManager( 4911): Loaded meta-data for 5 account types, 4 accounts in 125ms(wall) 32ms(cpu)

I/ECS     (14672): logger{759} b.run() thread begin

I/ECS     (14672): main{1} e.a() all = DEBUG

I/ECS     (14672): main{1} a.a() 

I/ECS     (14672): ============================================================================

I/ECS     (14672): ====                     version 3.4.71-00[20131118]                    ====

I/ECS     (14672): ====       MIP(Mobile Interface Protocol) with MTK(Mini Tool Kit)       ====

I/ECS     (14672): ====        Copyright (c) 2011-2013 Huawei Technologies Co., Ltd.       ====

I/ECS     (14672): ============================================================================

E/Thermal-daemon( 2421): [ap] temp_new :31  temp_old :30

I/provider->DbProvider(14672): provider->DbProvider:onCreate()

E/cutils  ( 2406): Failed to mkdirat(/storage/sdcard1/Android): Read-only file system

W/ContextImpl(14672): Failed to ensure directory: /storage/sdcard1/Android/data/com.huawei.gamebox/files

E/mutiCardFactory(14672): pool-2-thread-1{766} a.b(null:-1) <<< ERROR >>> FeatureOption.MTK_GEMINI_SUPPORTjava.lang.ClassNotFoundException: com.mediatek.common.featureoption.FeatureOption

W/AESUtil (14672): key len is more than 16, cut out

W/AESUtil (14672): key len is more than 16, cut out

E/JavaBinder( 2929): !!! FAILED BINDER TRANSACTION !!!

E/mutiCardFactory(14277): Thread-728{728} a.b(null:-1) <<< ERROR >>> FeatureOption.MTK_GEMINI_SUPPORTjava.lang.ClassNotFoundException: com.mediatek.common.featureoption.FeatureOption

W/AESUtil (14672): key len is more than 16, cut out

W/AESUtil (14277): key len is more than 16, cut out

W/AESUtil (14277): key len is more than 16, cut out

I/PeopleContactsSync(14304): CP2 sync disabled

W/AESUtil (14277): key len is more than 16, cut out

W/AESUtil (14277): key len is more than 16, cut out

I/PushLogAC2543( 3283): [main-1]action is android.intent.action.PACKAGE_ADDED(pushagent/null:-1)

I/PushLogAC2543( 3283): [main-1]run push selfshow(pushagent/null:-1)

I/PushLogAC2543( 3283): [Thread-58-58]framework push exist, use framework push first(pushagent/null:-1)

I/HwSystemManager( 3488): NotificationManagerReceiver:onReceive action = android.intent.action.PACKAGE_ADDED

E/JavaBinder( 2929): !!! FAILED BINDER TRANSACTION !!!

I/DbHelper(14672): DbHelper:insert()

I/HwSystemManager( 3488): MainService:on startCommand,flags:0,startId:9

I/HwSystemManager( 3488): LocalService:Received start id 7: Intent { cmp=com.huawei.systemmanager/com.huawei.permission.HoldService }

I/HwSystemManager( 3488): HsmIntentService:destroyed. this:com.huawei.systemmanager.util.content.HsmIntentService_bg@43415260

I/HwSystemManager( 3488): BgPowerManagerService:onStartCommand

I/DbHelper(14277): DbHelper:insert()

I/HwSystemManager(14731): HsmStat_info:feature enable:true

I/HwSystemManager(14731): ProcPolicy:this proc is:com.huawei.systemmanager

I/HwSystemManager(14731): BootStartManager:In ConsistancyCheckerTask

I/YhdsEngine(14731): [EngineIntentService] Received: com.huawei.dianxinos.optimizer.engine.action.APP_START

I/HwSystemManager(14731): check push opration, match idx:-1

I/HwSystemManager(14731): OptimizeReceiver:OptimizeReceiver received action:android.intent.action.PACKAGE_ADDED

I/YhdsEngine(14731): [AlarmEventMgr] event scheduled: com.dianxinos.optimizer.action.ALARM_EVENT_THUMBNAIL_CLEAN

I/YhdsEngine(14731): [AlarmEventMgr] event scheduled: com.dianxinos.optimizer.action.ALARM_EVENT_ANTISPAM_PROFILES_UPDATE

I/YhdsEngine(14731): [AlarmEventMgr] event scheduled: com.dianxinos.optimizer.action.ALARM_EVENT_ANTISPAM_KEYWORDS_UPDATE

I/YhdsEngine(14731): [AlarmEventMgr] event scheduled: com.dianxinos.optimizer.action.ALARM_EVENT_ANTISPAM_PHONELABEL_UPDATE

I/HwSystemManager(14731): HsmPackageManager:init locale:zh_CN

I/HwSystemManager(14731): DBHelper: DBHelper Create Database!  : SQLiteDatabase: /data/data/com.huawei.systemmanager/databases/permission.db

I/HwSystemManager(14731): HsmPackageManager:get all installed packages, flag:8192, size:164

E/HwSystemManager(14731): PermissionDBAdapter:appcationsList size:164

E/HwSystemManager( 3488): AppCleanUpService:msg is 0

I/HwSystemManager(14731): SavingSettingUtil:setAlarm and high_level_standard is 10 msg_send_interval is 240 count_frequency is 60 dangerous_level_standard is 25 dangerous_current_level is 30 min_interval_time is 3 average_current_fg is 350 count_frequency_fg is 5 app_show_level is 1

I/HwSystemManager( 3488): MainService:on startCommand,flags:0,startId:10

I/YhdsEngine(14731): [EngineIntentService] Received: com.dianxinos.optimizer.engine.action.PKG_CHANGE

I/HwSystemManager(14731): DX-Optimizer:[PackageChangeReceiver] Received: android.intent.action.PACKAGE_ADDED, data: package:air.com.zzf.brush, replacing: false

I/HwSystemManager(14731): DX-Optimizer:[CommonIntentService] Received: com.dianxinos.optimizer.action.PKG_CHANGE

W/HwSystemManager(14731): AddViewAppManager:Current installed app not apply system_alert_window or applicationInfo null!

I/HwSystemManager(14731): BootStartManager:batchAddOperation !

I/HwSystemManager(14731): BootStartManager:batchDeleteOperation !

I/HwSystemManager(14731): BootStartManager:batchDeleteOperation !

I/HwSystemManager(14731): BootStartManager:batchDeleteOperation !

I/PushLogSC2543(14447): [main-1]action is android.intent.action.PACKAGE_ADDED(gamebox/null:-1)

I/PushLogSC2543(14447): [main-1]run push selfshow(gamebox/null:-1)

I/PushLogSC2543(14447): [Thread-733-733]framework push exist, use framework push first(gamebox/null:-1)

I/PushLogSC2539(14464): [main-1]action is android.intent.action.PACKAGE_ADDED(ds/null:-1)

I/PushLogSC2539(14464): [main-1]run push selfshow(ds/null:-1)

E/android_hardware_fm.cpp(14761): register_android_hardware_fm_fmradio

E/FM_HAL  (14761): [FM_HAL], fm_dynamic_lib is libbcmfm_if

E/FM_HAL  (14761): [FM_HAL], libname is libbcmfm_if

E/fm_if.c (14761): find the id:libbcmfm_if and begins to open the devices

E/android_hardware_fm.cpp(14761): register_android_hardware_fm_fmradio, ret is 0

E/        (14761): ProtocolErrorLog wangkang test!!

I/PushLogSC2539(14464): [Thread-738-738]framework push exist, use framework push first(ds/null:-1)

I/K3V3CpuGovernorPolicy( 3279): set scene Hmp policy : 300 , 150

I/PushLogSC2545(14549): [main-1]action is android.intent.action.PACKAGE_ADDED(remoteassistant/null:-1)

I/PushLogSC2545(14549): [main-1]run push selfshow(remoteassistant/null:-1)

I/PushLogSC2545(14549): [Thread-745-745]framework push exist, use framework push first(remoteassistant/null:-1)

I/PushLogSC2543(14565): [main-1]action is android.intent.action.PACKAGE_ADDED(appmarket/null:-1)

I/PushLogSC2543(14565): [main-1]run push selfshow(appmarket/null:-1)

I/PushLogSC2543(14565): [Thread-748-748]framework push exist, use framework push first(appmarket/null:-1)

I/StartupTime1(14811): :1421983200577

I/HwSystemManager(14731): netAppDBHelper: DBHelper Create Database!  : SQLiteDatabase: /data/data/com.huawei.systemmanager/databases/net_permission.db

I/HwSystemManager(14731): HsmPackageManager:get all installed packages, flag:8192, size:164

E/HwSystemManager(14731): PermissionDBAdapter:appcationsList size:164

W/CursorWrapperInner( 3044): Cursor finalized without prior close()

W/CursorWrapperInner( 3044): Cursor finalized without prior close()

W/CursorWrapperInner( 3044): Cursor finalized without prior close()

W/CursorWrapperInner( 3044): Cursor finalized without prior close()

I/HwSystemManager(14731): HsmIntentService:destroyed. this:com.huawei.systemmanager.util.content.HsmIntentService_ui@42db8c78

I/__BUILD_NO (14811): #15.0.0.302

I/K3V3CpuGovernorPolicy( 3279): close previously scene Hmp policy : 300 , 150

I/CalendarProvider2(14767): Sending notification intent: Intent { act=android.intent.action.PROVIDER_CHANGED dat=content://com.android.calendar }

W/ContentResolver(14767): Failed to get type for: content://com.android.calendar (Unknown URL content://com.android.calendar)

I/CalendarSimpleUiPRovider( 5279): onReceive[intent]Intent { act=android.intent.action.PROVIDER_CHANGED dat=content://com.android.calendar flg=0x10 cmp=com.android.calendar/.simpleui.CalendarSimpleUiPRovider }

I/CalendarSimpleUiPRovider( 5279): onConfigurationChanged

I/CalendarSimpleUiPRovider( 5279): initParams20150123T112001Asia/Shanghai(5,22,28800,0,1421983201)

I/NLP     ( 3196): result:[location successful], reason:[network location]

I/CalendarSimpleUiPRovider( 5279): loadEvent end update UI0

I/HwSystemManager(14731): PermissionDBAdapter:preInstalledAppsPermissionEmendation no need emendation!

I/HwSystemManager(14731): PermissionDBAdapter:checkDBErrorBecauseofHOTA packageNameDBList size 43

I/HwSystemManager(14731): PermissionDBAdapter:checkDBErrorBecauseofHOTA nameList is0

I/HwSystemManager(14731): HsmStat_info:service connect

I/HwSystemManager(14731): PermissionDBAdapter:preInstalledAppsPermissionEmendation no need emendation!

I/HwSystemManager(14731): PermissionDBAdapter:checkDBErrorBecauseofHOTA packageNameDBList size 43

I/HwSystemManager(14731): PermissionDBAdapter:checkDBErrorBecauseofHOTA nameList is0

I/ApplicationsProvider(10699): System.gc()

E/Thermal-daemon( 2421): [pa_0] temp_new :28  temp_old :27

E/Thermal-daemon( 2421): [flash_led] temp_new :27  temp_old :26

E/Thermal-daemon( 2421): [ap] temp_new :32  temp_old :31

I/air.com.zzf.brush(14811): Beacon Supported:  true

I/air.com.zzf.brush(14811): Beacon Version:    3.7.Android.1.3

I/Choreographer(14811): Skipped 225 frames!  The application may be doing too much work on its main thread.

I/ActivityManager( 2929): Displayed air.com.zzf.brush/.AppEntry: +3s963ms (total +1m13s661ms)

W/System.err( 2929): java.lang.SecurityException: Neither user 10156 nor current process has android.permission.READ_PHONE_STATE.

W/System.err( 2929): 	at android.app.ContextImpl.enforce(ContextImpl.java:1775)

W/System.err( 2929): 	at android.app.ContextImpl.enforceCallingOrSelfPermission(ContextImpl.java:1804)

W/System.err( 2929): 	at com.android.server.TelephonyRegistry.checkListenerPermission(TelephonyRegistry.java:773)

W/System.err( 2929): 	at com.android.server.TelephonyRegistry.listen(TelephonyRegistry.java:208)

W/System.err( 2929): 	at huawei.com.android.server.StubTelephonyRegistry.listen(StubTelephonyRegistry.java:45)

W/System.err( 2929): 	at com.android.internal.telephony.ITelephonyRegistry$Stub.onTransact(ITelephonyRegistry.java:56)

W/System.err( 2929): 	at android.os.Binder.execTransact(Binder.java:404)

W/System.err( 2929): 	at dalvik.system.NativeStart.run(Native Method)

I/air.com.zzf.brush(14811): Bluetooth enabled: true

I/wpa_supplicant( 3570): wlan0: HEART-BEAT-ACK: 209

E/Thermal-daemon( 2421): [ap] temp_new :31  temp_old :32

I/air.com.zzf.brush(14811): Bluetooth enabled: true

I/air.com.zzf.brush(14811): Bluetooth monitoring started: true

I/air.com.zzf.brush(14811): Bluetooth enabled: true

I/air.com.zzf.brush(14811): Bluetooth monitoring started: true

I/CloudGallaryService( 4816): [CGCommonStatusReceiver[v1.1.8]]: CGCommonStatusReceiver,action-->android.intent.action.BATTERY_CHANGED

I/CloudGallaryService( 4816): [ReceiverManager[v1.1.8]]: ReceiverManager,action-->android.intent.action.BATTERY_CHANGED

I/CloudGallaryService( 4816): [IProcessor[v1.1.8]]: state is not change ，not call service!

I/air.com.zzf.brush(14811): Bluetooth enabled: true

I/air.com.zzf.brush(14811): Bluetooth monitoring started: true

I/air.com.zzf.brush(14811): Bluetooth enabled: true

I/air.com.zzf.brush(14811): Bluetooth monitoring started: true

I/air.com.zzf.brush(14811): Bluetooth enabled: true

I/air.com.zzf.brush(14811): Bluetooth monitoring started: true

I/air.com.zzf.brush(14811): Bluetooth enabled: true

I/air.com.zzf.brush(14811): Bluetooth monitoring started: true

I/air.com.zzf.brush(14811): Bluetooth enabled: true

I/air.com.zzf.brush(14811): Bluetooth monitoring started: true

I/air.com.zzf.brush(14811): Bluetooth enabled: true

I/air.com.zzf.brush(14811): Bluetooth monitoring started: true

E/CommandListener( 2408): readDefRoute call readDefRoute

E/SecondaryTablController( 2408): isWifiDefaultRouteExisted /system/bin/ip route

I/air.com.zzf.brush(14811): Bluetooth enabled: true

I/air.com.zzf.brush(14811): Bluetooth monitoring started: true

I/air.com.zzf.brush(14811): Bluetooth enabled: true

I/air.com.zzf.brush(14811): Bluetooth monitoring started: true

E/CommandListener( 2408): readDefRoute Rsp ok

E/Thermal-daemon( 2421): [ap] temp_new :30  temp_old :31

I/CloudGallaryService( 4816): [CGCommonStatusReceiver[v1.1.8]]: CGCommonStatusReceiver,action-->android.intent.action.BATTERY_CHANGED

I/CloudGallaryService( 4816): [ReceiverManager[v1.1.8]]: ReceiverManager,action-->android.intent.action.BATTERY_CHANGED

I/CloudGallaryService( 4816): [IProcessor[v1.1.8]]: state is not change ，not call service!

I/wpa_supplicant( 3570): wlan0: HEART-BEAT-ACK: 210

E/Thermal-daemon( 2421): [charger] temp_new :28  temp_old :27

E/Thermal-daemon( 2421): [ap] temp_new :29  temp_old :30

I/logserver( 2423): Recvfrom netlink message failed, errno = 22

I/wpa_supplicant( 3570): wlan0: HEART-BEAT-ACK: 211

E/CommandListener( 2408): readDefRoute call readDefRoute

E/SecondaryTablController( 2408): isWifiDefaultRouteExisted /system/bin/ip route

E/Thermal-daemon( 2421): [pa_0] temp_new :27  temp_old :28

E/CommandListener( 2408): readDefRoute Rsp ok

E/Thermal-daemon( 2421): [ap] temp_new :28  temp_old :29

I/wpa_supplicant( 3570): wlan0: HEART-BEAT-ACK: 212

E/Thermal-daemon( 2421): [flash_led] temp_new :26  temp_old :27

W/ResponseProcessCookies(12529): Invalid cookie header: "Set-Cookie: BAIDUID=8A459C08424A8F8F086D4C1E5F177097:FG=1; max-age=31536000; expires=Sat, 23-Jan-16 03:20:58 GMT; domain=.baidu.com; path=/; version=1". Unable to parse expires attribute: Sat

W/ResponseProcessCookies(12529): Invalid cookie header: "Set-Cookie: BAIDUID=8A459C08424A8F8FC2A91C0434E4BEAE:FG=1; expires=Sat, 23-Jan-16 03:20:58 GMT; max-age=31536000; path=/; domain=.baidu.com; version=1". Unable to parse expires attribute: Sat

W/ResponseProcessCookies(12529): Invalid cookie header: "Set-Cookie: BAIDUID=C2C2100C2DC936D500455EFDB362CC95:FG=1; expires=Sat, 23-Jan-16 03:20:58 GMT; max-age=31536000; path=/; domain=.baidu.com; version=1". Unable to parse expires attribute: Sat

W/ResponseProcessCookies(12529): Invalid cookie header: "Set-Cookie: BAIDUID=449561FCF46B05A49B832AC22A44F778:FG=1; max-age=31536000; expires=Sat, 23-Jan-16 03:20:59 GMT; domain=.baidu.com; path=/; version=1". Unable to parse expires attribute: Sat

W/ResponseProcessCookies(12529): Invalid cookie header: "Set-Cookie: BAIDUID=449561FCF46B05A4EF6457BC9A924D91:FG=1; expires=Sat, 23-Jan-16 03:20:59 GMT; max-age=31536000; path=/; domain=.baidu.com; version=1". Unable to parse expires attribute: Sat

W/ResponseProcessCookies(12529): Invalid cookie header: "Set-Cookie: BAIDUID=AA2A2CE6054F0AFAFFDCA4AC49E49086:FG=1; expires=Sat, 23-Jan-16 03:20:59 GMT; max-age=31536000; path=/; domain=.baidu.com; version=1". Unable to parse expires attribute: Sat

I/CAPALiteReceiver( 3279): USER STATE: STATIONARY SUB STATE: UNKNOWN

I/wpa_supplicant( 3570): wlan0: HEART-BEAT-ACK: 213

I/CloudGallaryService( 4816): [CGCommonStatusReceiver[v1.1.8]]: CGCommonStatusReceiver,action-->android.intent.action.BATTERY_CHANGED

I/CloudGallaryService( 4816): [ReceiverManager[v1.1.8]]: ReceiverManager,action-->android.intent.action.BATTERY_CHANGED

I/CloudGallaryService( 4816): [IProcessor[v1.1.8]]: state is not change ，not call service!

E/HwLauncher( 3332): Launcher dialog dismiss failed : java.lang.IllegalArgumentException: no dialog with id 1 was ever shown via Activity#showDialog

I/PhoneStatusBar( 3044): hw_status_bar_operators = true, setSystemUIVisibily(SHOW_OPERATOR = false)

E/CommandListener( 2408): readDefRoute call readDefRoute

E/SecondaryTablController( 2408): isWifiDefaultRouteExisted /system/bin/ip route

E/CommandListener( 2408): readDefRoute Rsp ok

E/Thermal-daemon( 2421): [ap] temp_new :29  temp_old :28

I/CloudGallaryService( 4816): [CGCommonStatusReceiver[v1.1.8]]: CGCommonStatusReceiver,action-->android.intent.action.BATTERY_CHANGED

I/CloudGallaryService( 4816): [ReceiverManager[v1.1.8]]: ReceiverManager,action-->android.intent.action.BATTERY_CHANGED

I/CloudGallaryService( 4816): [IProcessor[v1.1.8]]: state is not change ，not call service!

I/wpa_supplicant( 3570): wlan0: HEART-BEAT-ACK: 214

I/logserver( 2423): Recvfrom netlink message failed, errno = 22

E/HwSystemManager( 3488): getSimCardType:/getSimCardInfo: imsi is null

E/HwSystemManager( 3488): getSimCardType:/getSimCardInfo: imsi is null

E/HwSystemManager( 3488): getSimCardType:/getSimCardInfo: imsi is null

I/wpa_supplicant( 3570): wlan0: HEART-BEAT-ACK: 215

E/CommandListener( 2408): readDefRoute call readDefRoute

E/SecondaryTablController( 2408): isWifiDefaultRouteExisted /system/bin/ip route

E/CommandListener( 2408): readDefRoute Rsp ok

E/Thermal-daemon( 2421): [ap] temp_new :30  temp_old :29

I/wpa_supplicant( 3570): wlan0: HEART-BEAT-ACK: 216

I/CloudGallaryService( 4816): [CGCommonStatusReceiver[v1.1.8]]: CGCommonStatusReceiver,action-->android.intent.action.BATTERY_CHANGED

I/CloudGallaryService( 4816): [ReceiverManager[v1.1.8]]: ReceiverManager,action-->android.intent.action.BATTERY_CHANGED

I/CloudGallaryService( 4816): [IProcessor[v1.1.8]]: state is not change ，not call service!

E/Thermal-daemon( 2421): [pa_0] temp_new :28  temp_old :27

E/Thermal-daemon( 2421): [flash_led] temp_new :27  temp_old :26

E/Thermal-daemon( 2421): [ap] temp_new :32  temp_old :30

E/Thermal-daemon( 2421): [ap] temp_new :31  temp_old :32

I/wpa_supplicant( 3570): wlan0: HEART-BEAT-ACK: 217

I/SmsProvider( 3274): insert url=content://sms/raw

I/SmsProvider( 3274): insertInner url=content://sms/raw,match = 15

I/SmsProvider( 3274): notifyChange

I/HwLauncher( 3332): UnreadContentObserver onChange()

I/HwLauncher( 3332): UnreadContentObserver onChange()

I/HwLauncher( 3332): UnreadContentObserver onChange()

I/HwLauncher( 3332): UnreadContentObserver onChange()

I/PackageManager( 2929):   Action: "android.intent.action.SENDTO"

I/PackageManager( 2929):   Category: "android.intent.category.DEFAULT"

I/PackageManager( 2929):   Scheme: "sms"

I/PackageManager( 2929):   Action: "android.intent.action.SENDTO"

I/PackageManager( 2929):   Category: "android.intent.category.DEFAULT"

I/PackageManager( 2929):   Scheme: "smsto"

I/PackageManager( 2929):   Action: "android.intent.action.SENDTO"

I/PackageManager( 2929):   Category: "android.intent.category.DEFAULT"

I/PackageManager( 2929):   Scheme: "mms"

I/PackageManager( 2929):   Action: "android.intent.action.SENDTO"

I/PackageManager( 2929):   Category: "android.intent.category.DEFAULT"

I/PackageManager( 2929):   Scheme: "mmsto"

E/Thermal-daemon( 2421): [ap] temp_new :30  temp_old :31

I/HwSystemManager( 3488): DxEngine:handleSmsIntelligently: The sms is passed by intelligent engine

I/HwSystemManager( 3488): DxEngine:handleSmsIntelligently: The sms is passed by intelligent engine

W/MSG_APP_MmsSystemEventReceiver( 4911): intent: Intent { act=android.provider.Telephony.SMS_DELIVER flg=0x8000010 cmp=com.android.contacts/com.android.mms.transaction.PrivilegedSmsReceiver (has extras) }

W/HwLauncher( 3332): UnreadContentObserver newUnreadCount:0,oldUnreadCount:0

I/SmsProvider( 3274): Delete uri=content://sms/raw, match=15

I/SmsProvider( 3274): notifyChange

I/HwLauncher( 3332): UnreadContentObserver onChange()

I/HwLauncher( 3332): UnreadContentObserver onChange()

I/HwLauncher( 3332): UnreadContentObserver onChange()

I/HwLauncher( 3332): UnreadContentObserver onChange()

W/HwLauncher( 3332): UnreadContentObserver newUnreadCount:0,oldUnreadCount:0

I/MmsSmsProvider( 3274): notifyChange !!!

I/HwLauncher( 3332): UnreadContentObserver onChange()

I/HwLauncher( 3332): UnreadContentObserver onChange()

I/SmsProvider( 3274): insert url=content://sms/inbox

I/SmsProvider( 3274): insertInner url=content://sms/inbox,match = 2

I/SmsProvider( 3274): notifyChange

I/HwLauncher( 3332): UnreadContentObserver onChange()

I/HwLauncher( 3332): UnreadContentObserver onChange()

I/HwLauncher( 3332): UnreadContentObserver onChange()

I/HwLauncher( 3332): UnreadContentObserver onChange()

I/dalvikvm-heap( 4911): Grow heap (frag case) to 20.477MB for 147472-byte allocation

I/dalvikvm-heap( 4911): Grow heap (frag case) to 20.569MB for 129616-byte allocation

I/MediaFocusControl( 2929):  AudioFocus  requestAudioFocus() from android.media.AudioManager@44734150

I/AudioManager( 3044): requestAudioFocus() status : 1

I/AudioManager( 3044): requestAudioFocus() apk    : com.android.systemui

I/AudioFlinger( 2416): [setLowPowerApk]mLowPowerApk[0]

I/str_params( 2416): key: 'auto_test' value: 'mode'

I/AudioFlinger( 2416): [getLowPowerApk]mLowPowerApk[0]

I/AwesomePlayer( 2416): [isLowPowerMode] isLowPowerApk[0]

I/AwesomePlayer( 2416): is not Low Power Apk.

I/SoftVorbis( 2416): ====== pcmchannel = 2 ====

E/AudioFlinger( 2416): setLppDtsGeq():invalid keyValue of dts geq.

E/AudioFlinger( 2416): setLppDtsGeq():invalid keyValue of dts geq.

E/AudioFlinger( 2416): setLppDtsGeq():invalid keyValue of dts geq.

E/AudioFlinger( 2416): setLppDtsGeq():invalid keyValue of dts geq.

E/MediaPlayer( 3044): Should have subtitle controller already set

I/audio_hw_primary( 2416): start_output_stream : mode=0, devices=2

W/HwLauncher( 3332): UnreadContentObserver newUnreadCount:1,oldUnreadCount:0

I/HwLauncher( 3332): AllIdleAppsList  updatePackage : package[com.android.mms] matched activity's size is 0 and data List size is 74

I/HwLauncher( 3332): AllIdleAppsList  updatePackage : package[com.android.contacts] matched activity's size is 3 and data List size is 74

I/HwLauncher( 3332): Launcher.IconCache, cacheLocked begin Utilities.createIconBitmap entry.title = 联系人

E/AudioSink( 2416): received unknown event type: 1 inside CallbackWrapper !

I/HwLauncher( 3332): Launcher.IconCache, getDrawableForDensity begin, iconId = 2130903040

I/HwLauncher( 3332): Launcher.IconCache, getDrawableForDensity end,iconId = 2130903040

I/HwLauncher( 3332): Launcher.Utilities createIconBitmap sourceWidth = 180sourceHeight = 180

I/HwLauncher( 3332): Launcher.IconCache, cacheLocked end Utilities.createIconBitmap entry.title = 联系人

I/HwLauncher( 3332): Launcher.IconCache, cacheLocked begin Utilities.createIconBitmap entry.title = 拨号

I/HwLauncher( 3332): Launcher.IconCache, getDrawableForDensity begin, iconId = 2130903042

I/HwLauncher( 3332): Launcher.IconCache, getDrawableForDensity end,iconId = 2130903042

I/HwLauncher( 3332): Launcher.Utilities createIconBitmap sourceWidth = 180sourceHeight = 180

I/HwLauncher( 3332): Launcher.IconCache, cacheLocked end Utilities.createIconBitmap entry.title = 拨号

I/HwLauncher( 3332): Launcher.IconCache, cacheLocked begin Utilities.createIconBitmap entry.title = 信息

I/HwLauncher( 3332): Launcher.IconCache, getDrawableForDensity begin, iconId = 2130903041

I/HwLauncher( 3332): Launcher.IconCache, getDrawableForDensity end,iconId = 2130903041

I/HwLauncher( 3332): Launcher.Utilities createIconBitmap sourceWidth = 180sourceHeight = 180

I/HwLauncher( 3332): Launcher.IconCache, cacheLocked end Utilities.createIconBitmap entry.title = 信息

I/HwLauncher( 3332): Workspace updateCustomizeShortcuts info.title = 主题

I/HwLauncher( 3332): Workspace updateCustomizeShortcuts info.title = 音乐

I/HwLauncher( 3332): Workspace updateCustomizeShortcuts info.title = 视频

I/HwLauncher( 3332): Workspace updateCustomizeShortcuts info.title = 设置

I/HwLauncher( 3332): Workspace updateCustomizeShortcuts info.title = 手机管家

I/HwLauncher( 3332): Workspace updateCustomizeShortcuts info.title = 图库

I/HwLauncher( 3332): Workspace updateCustomizeShortcuts info.title = 相机

I/HwLauncher( 3332): Workspace updateCustomizeShortcuts info.title = brush

I/HwLauncher( 3332): Workspace updateCustomizeShortcuts info.title = 时钟

I/HwLauncher( 3332): Workspace updateCustomizeShortcuts info.title = 日历

I/HwLauncher( 3332): Workspace updateCustomizeShortcuts info.title = 天气

I/HwLauncher( 3332): Workspace updateCustomizeShortcuts info.title = 游戏中心

I/HwLauncher( 3332): Workspace updateCustomizeShortcuts info.title = 文件管理

I/HwLauncher( 3332): Workspace updateCustomizeShortcuts info.title = 电子邮件

I/HwLauncher( 3332): Workspace updateCustomizeShortcuts info.title = 手机营业厅

I/HwLauncher( 3332): Launcher.Folder childCount: 2

I/HwLauncher( 3332): Workspace updateCustomizeShortcuts info.title = 扫一扫

I/HwLauncher( 3332): Workspace updateCustomizeShortcuts info.title = 搜索

I/HwLauncher( 3332): Workspace updateCustomizeShortcuts info.title = 360免费WiFi

I/HwLauncher( 3332): Workspace updateCustomizeShortcuts info.title = 应用宝

I/HwLauncher( 3332): Launcher.Folder childCount: 8

I/HwLauncher( 3332): Workspace updateCustomizeShortcuts info.title = 金山手机助手

I/HwLauncher( 3332): Workspace updateCustomizeShortcuts info.title = AprilBeacon

I/HwLauncher( 3332): Workspace updateCustomizeShortcuts info.title = 刀塔传奇

I/HwLauncher( 3332): Workspace updateCustomizeShortcuts info.title = 同花顺

I/HwLauncher( 3332): Workspace updateCustomizeShortcuts info.title = 支付宝钱包

I/HwLauncher( 3332): Workspace updateCustomizeShortcuts info.title = 玖果视频

I/HwLauncher( 3332): Launcher.Folder childCount: 6

I/HwLauncher( 3332): Workspace updateCustomizeShortcuts info.title = 雪球

I/HwLauncher( 3332): Workspace updateCustomizeShortcuts info.title = 天涯社区

I/HwLauncher( 3332): Workspace updateCustomizeShortcuts info.title = 乱斗西游

I/HwLauncher( 3332): Launcher.Folder childCount: 2

I/HwLauncher( 3332): Workspace updateCustomizeShortcuts info.title = 阿里旅行

I/HwLauncher( 3332): Workspace updateCustomizeShortcuts info.title = 同花顺股票开户

I/HwLauncher( 3332): Workspace updateCustomizeShortcuts info.title = 拨号

I/HwLauncher( 3332): Launcher.Folder childCount: 8

I/HwLauncher( 3332): Workspace updateCustomizeShortcuts info.title = 联系人

I/HwLauncher( 3332): Workspace updateCustomizeShortcuts info.title = 信息

I/HwLauncher( 3332): Workspace updateCustomizeShortcuts info.title = 浏览器

W/HwLauncher( 3332): UnreadContentObserver newUnreadCount:1,oldUnreadCount:0

I/HwLauncher( 3332): AllIdleAppsList  updatePackage : package[com.huawei.message] matched activity's size is 0 and data List size is 74

I/CloudGallaryService( 4816): [CGCommonStatusReceiver[v1.1.8]]: CGCommonStatusReceiver,action-->android.intent.action.BATTERY_CHANGED

I/CloudGallaryService( 4816): [ReceiverManager[v1.1.8]]: ReceiverManager,action-->android.intent.action.BATTERY_CHANGED

I/CloudGallaryService( 4816): [IProcessor[v1.1.8]]: state is not change ，not call service!
