I/CloudGallaryService( 4816): [ReceiverManager[v1.1.8]]: ReceiverManager,action-->android.intent.action.BATTERY_CHANGED

I/CloudGallaryService( 4816): [IProcessor[v1.1.8]]: state is not change ，not call service!

I/wpa_supplicant( 3570): wlan0: HEART-BEAT-ACK: 235

I/PhoneStatusBar( 3044): hw_status_bar_operators = true, setSystemUIVisibily(SHOW_OPERATOR = false)

I/dalvikvm( 3332): Jit: resizing JitTable from 4096 to 8192

I/PhoneStatusBar( 3044): hw_status_bar_operators = true, setSystemUIVisibily(SHOW_OPERATOR = false)

I/HwLauncher( 3332): PagedView snapToPage.getChildOffset(): 1440

I/HwLauncher( 3332): PagedView snapToPageWithVelocity.getRelativeChildOffset(): 720, 720

I/HwLauncher( 3332): PagedView snapToPage.getChildOffset(): 2160

I/HwLauncher( 3332): PagedView snapToPageWithVelocity.getRelativeChildOffset(): 720, 720

I/logserver( 2423): Recvfrom netlink message failed, errno = 22

I/HwLauncher( 3332): PagedView snapToPage.getChildOffset(): 2160

I/HwLauncher( 3332): PagedView snapToPageWithVelocity.getRelativeChildOffset(): 720, 720

I/logserver( 2423): Recvfrom netlink message failed, errno = 22

I/HwLauncher( 3332): PagedView snapToPage.getChildOffset(): 1440

I/HwLauncher( 3332): PagedView snapToPageWithVelocity.getRelativeChildOffset(): 720, 720

I/HwLauncher( 3332): PagedView snapToPage.getChildOffset(): 720

I/HwLauncher( 3332): PagedView snapToPageWithVelocity.getRelativeChildOffset(): 720, 720

I/HwLauncher( 3332): PagedView snapToPage.getChildOffset(): 0

I/HwLauncher( 3332): PagedView snapToPageWithVelocity.getRelativeChildOffset(): 720, 720

I/HwLauncher( 3332): PagedView snapToPage.getChildOffset(): 0

I/HwLauncher( 3332): PagedView snapToPageWithVelocity.getRelativeChildOffset(): 720, 720

I/HwLauncher( 3332): PagedView snapToPage.getChildOffset(): 720

I/HwLauncher( 3332): PagedView snapToPageWithVelocity.getRelativeChildOffset(): 720, 720

E/android_hardware_fm.cpp(17685): register_android_hardware_fm_fmradio

E/FM_HAL  (17685): [FM_HAL], fm_dynamic_lib is libbcmfm_if

E/FM_HAL  (17685): [FM_HAL], libname is libbcmfm_if

E/fm_if.c (17685): find the id:libbcmfm_if and begins to open the devices

E/android_hardware_fm.cpp(17685): register_android_hardware_fm_fmradio, ret is 0

E/        (17685): ProtocolErrorLog wangkang test!!

E/Thermal-daemon( 2421): [ap] temp_new :30  temp_old :29

E/android_hardware_fm.cpp(17699): register_android_hardware_fm_fmradio

E/FM_HAL  (17699): [FM_HAL], fm_dynamic_lib is libbcmfm_if

E/FM_HAL  (17699): [FM_HAL], libname is libbcmfm_if

E/fm_if.c (17699): find the id:libbcmfm_if and begins to open the devices

E/android_hardware_fm.cpp(17699): register_android_hardware_fm_fmradio, ret is 0

E/        (17699): ProtocolErrorLog wangkang test!!

I/wpa_supplicant( 3570): wlan0: HEART-BEAT-ACK: 236

E/Thermal-daemon( 2421): [flash_led] temp_new :28  temp_old :27

E/android_hardware_fm.cpp(17736): register_android_hardware_fm_fmradio

E/FM_HAL  (17736): [FM_HAL], fm_dynamic_lib is libbcmfm_if

E/FM_HAL  (17736): [FM_HAL], libname is libbcmfm_if

E/fm_if.c (17736): find the id:libbcmfm_if and begins to open the devices

E/android_hardware_fm.cpp(17736): register_android_hardware_fm_fmradio, ret is 0

E/        (17736): ProtocolErrorLog wangkang test!!

I/PackageManager( 2929): Running dexopt on: air.com.zzf.brush

E/CommandListener( 2408): readDefRoute call readDefRoute

E/SecondaryTablController( 2408): isWifiDefaultRouteExisted /system/bin/ip route

I/HwLauncher( 3332): Model  onReceive intent=Intent { act=android.intent.action.PACKAGE_ADDED dat=package:air.com.zzf.brush flg=0x4000010 (has extras) }

I/HwLauncher( 3332): Model isStk =false replacing = false package = air.com.zzf.brush

I/HwLauncher( 3332): MutilSelectedIconsonPreHandleUpdatedTask : mIsInMutilSelectMode = false task = 1 packages = [air.com.zzf.brush]

I/HwLauncher( 3332): SimpleLauncherModeaction= android.intent.action.PACKAGE_ADDEDpackageName = air.com.zzf.brush

W/HwLauncher( 3332): SimpleLauncherMode onReceive : It's normal Launcher now, do not handle add packages

I/HwLauncher( 3332): Model mAllAppsList.addPackage air.com.zzf.brush

I/HwSystemManager( 3488): HsmPackageManager:Receive intent:Intent { act=android.intent.action.PACKAGE_ADDED dat=package:air.com.zzf.brush flg=0x4000010 (has extras) }

I/HwSystemManager( 3488): HsmPackageManager:replacing:false

I/HwSystemManager( 3488): HsmPackageManager:pkgName:air.com.zzf.brush

I/HwSystemManager( 3488): HsmPackageManager:doAppInstalled, installed: air.com.zzf.brush

I/HwLauncher( 3332): Launcher.IconCache, cacheLocked begin Utilities.createIconBitmap entry.title = brush

I/HwLauncher( 3332): Launcher.IconCache, getDrawableForDensity begin, iconId = 2130837505

I/InputReader( 2929): Reconfiguring input devices.  changes=0x00000010

I/PushLog2551( 6718): [main-1]support ctrlsocket.(android/PushServiceTools.java:63)

I/HwSystemManager(16826): HsmPackageManager:Receive intent:Intent { act=android.intent.action.PACKAGE_ADDED dat=package:air.com.zzf.brush flg=0x4000010 (has extras) }

I/HwSystemManager(16826): HsmPackageManager:replacing:false

I/HwSystemManager(16826): HsmPackageManager:pkgName:air.com.zzf.brush

I/HwSystemManager(16826): HsmPackageManager:doAppInstalled, installed: air.com.zzf.brush

I/ApplicationsProvider(10699): sendGCMsg()

I/HwLauncher( 3332): Launcher.IconCache, getDrawableForDensity end,iconId = 2130837505

I/HwLauncher( 3332): Launcher.Utilities createIconBitmap sourceWidth = 180sourceHeight = 180

I/HwLauncher( 3332): Launcher.IconCache, cacheLocked end Utilities.createIconBitmap entry.title = brush

I/HwLauncher( 3332): Workspace addAppToDesktop itemInfo=ShortcutInfo(title=brush) success=true isInstalled=true checkPage=1 mCoordinates=3,3 view=null

W/ResourceType( 4911): getEntry failing because entryIndex 1976 is beyond type entryCount 1010

W/ResourceType( 4911): Failure getting entry for 0x7f0207b8 (t=1 e=1976) in package 0 (error -2147483647)

W/ResourceType( 4911): getEntry failing because entryIndex 1975 is beyond type entryCount 1010

W/ResourceType( 4911): Failure getting entry for 0x7f0207b7 (t=1 e=1975) in package 0 (error -2147483647)

I/AccountTypeManager( 4911): Adding account type = com.android.contacts.model.account.ExternalAccountType@43140618 in the cache

I/AccountTypeManager( 4911): Adding account type = com.android.contacts.model.account.ExchangeAccountType@43170ac0 in the cache

I/SimFactoryManager( 4911): Get SIM state from SIM factory manager: 7,For slotId:1

I/AccountTypeManager( 4911): Adding account type = com.android.contacts.model.account.ExternalAccountType@42de1820 in the cache

I/SimFactoryManager( 4911): Get SIM state from SIM factory manager: 5,For slotId:0

I/AccountTypeManager( 4911): Adding account type = com.android.contacts.hap.sim.advanced.AdvancedSimAccountType@42f31a98 in the cache

I/AccountTypeManager( 4911): Adding account type = com.android.contacts.model.account.ExternalAccountType@43175d98 in the cache

I/AccountTypeManager( 4911): Loaded meta-data for 5 account types, 4 accounts in 119ms(wall) 35ms(cpu)

I/ECS     (17775): logger{849} b.run() thread begin

I/ECS     (17775): main{1} e.a() all = DEBUG

I/ECS     (17775): main{1} a.a() 

I/ECS     (17775): ============================================================================

I/ECS     (17775): ====                     version 3.4.71-00[20131118]                    ====

I/ECS     (17775): ====       MIP(Mobile Interface Protocol) with MTK(Mini Tool Kit)       ====

I/ECS     (17775): ====        Copyright (c) 2011-2013 Huawei Technologies Co., Ltd.       ====

I/ECS     (17775): ============================================================================

I/provider->DbProvider(17775): provider->DbProvider:onCreate()

E/cutils  ( 2406): Failed to mkdirat(/storage/sdcard1/Android): Read-only file system

W/ContextImpl(17775): Failed to ensure directory: /storage/sdcard1/Android/data/com.huawei.gamebox/files

W/AESUtil (17775): key len is more than 16, cut out

E/mutiCardFactory(17775): pool-2-thread-1{859} a.b(null:-1) <<< ERROR >>> FeatureOption.MTK_GEMINI_SUPPORTjava.lang.ClassNotFoundException: com.mediatek.common.featureoption.FeatureOption

W/AESUtil (17775): key len is more than 16, cut out

I/ECS     (17801): main{1} e.a() all = DEBUG

I/ECS     (17801): main{1} a.a() 

I/ECS     (17801): ============================================================================

I/ECS     (17801): ====                     version 3.4.71-00[20131118]                    ====

I/ECS     (17801): ====       MIP(Mobile Interface Protocol) with MTK(Mini Tool Kit)       ====

I/ECS     (17801): ====        Copyright (c) 2011-2013 Huawei Technologies Co., Ltd.       ====

I/ECS     (17801): ============================================================================

I/ECS     (17801): logger{852} b.run() thread begin

I/provider->DbProvider(17801): provider->DbProvider:onCreate()

W/AESUtil (17775): key len is more than 16, cut out

E/cutils  ( 2406): Failed to mkdirat(/storage/sdcard1/Android): Read-only file system

W/ContextImpl(17801): Failed to ensure directory: /storage/sdcard1/Android/data/com.huawei.appmarket/files

I/DbHelper(17775): DbHelper:insert()

W/AESUtil (17801): key len is more than 16, cut out

I/PeopleContactsSync(16779): CP2 sync disabled

E/mutiCardFactory(17801): pool-4-thread-1{868} a.b(null:-1) <<< ERROR >>> FeatureOption.MTK_GEMINI_SUPPORTjava.lang.ClassNotFoundException: com.mediatek.common.featureoption.FeatureOption

I/PushLogAC2543( 3283): [main-1]action is android.intent.action.PACKAGE_ADDED(pushagent/null:-1)

I/PushLogAC2543( 3283): [main-1]run push selfshow(pushagent/null:-1)

I/HwSystemManager( 3488): NotificationManagerReceiver:onReceive action = android.intent.action.PACKAGE_ADDED

I/PushLogAC2543( 3283): [Thread-58-58]framework push exist, use framework push first(pushagent/null:-1)

W/AESUtil (17801): key len is more than 16, cut out

W/AESUtil (17801): key len is more than 16, cut out

W/AESUtil (17801): key len is more than 16, cut out

E/CommandListener( 2408): readDefRoute Rsp ok

I/HwLauncher( 3332): UnreadContentObserver onChange()

I/HwLauncher( 3332): UnreadContentObserver onChange()

I/HwSystemManager( 3488): HsmIntentService:destroyed. this:com.huawei.systemmanager.util.content.HsmIntentService_bg@434138c0

I/HwSystemManager( 3488): MainService:on startCommand,flags:0,startId:12

I/HwSystemManager( 3488): LocalService:Received start id 9: Intent { cmp=com.huawei.systemmanager/com.huawei.permission.HoldService }

I/HwSystemManager( 3488): BgPowerManagerService:onStartCommand

I/HwSystemManager(17858): HsmStat_info:feature enable:true

I/HwSystemManager(17858): ProcPolicy:this proc is:com.huawei.systemmanager

I/HwSystemManager(17858): BootStartManager:In ConsistancyCheckerTask

I/HwSystemManager(17858): check push opration, match idx:-1

I/YhdsEngine(17858): [EngineIntentService] Received: com.huawei.dianxinos.optimizer.engine.action.APP_START

I/HwSystemManager(17858): OptimizeReceiver:OptimizeReceiver received action:android.intent.action.PACKAGE_ADDED

I/YhdsEngine(17858): [AlarmEventMgr] event scheduled: com.dianxinos.optimizer.action.ALARM_EVENT_THUMBNAIL_CLEAN

I/YhdsEngine(17858): [AlarmEventMgr] event scheduled: com.dianxinos.optimizer.action.ALARM_EVENT_ANTISPAM_PROFILES_UPDATE

I/YhdsEngine(17858): [AlarmEventMgr] event scheduled: com.dianxinos.optimizer.action.ALARM_EVENT_ANTISPAM_KEYWORDS_UPDATE

I/DbHelper(17801): DbHelper:insert()

I/YhdsEngine(17858): [AlarmEventMgr] event scheduled: com.dianxinos.optimizer.action.ALARM_EVENT_ANTISPAM_PHONELABEL_UPDATE

I/HwSystemManager(17858): HsmPackageManager:init locale:zh_CN

I/HwSystemManager(17858): DBHelper: DBHelper Create Database!  : SQLiteDatabase: /data/data/com.huawei.systemmanager/databases/permission.db

I/HwSystemManager(17858): HsmPackageManager:get all installed packages, flag:8192, size:164

E/HwSystemManager(17858): PermissionDBAdapter:appcationsList size:164

E/HwSystemManager( 3488): AppCleanUpService:msg is 0

I/HwSystemManager(17858): BootStartManager:batchAddOperation !

I/HwSystemManager( 3488): MainService:on startCommand,flags:0,startId:13

I/HwSystemManager(17858): BootStartManager:batchDeleteOperation !

I/HwSystemManager(17858): SavingSettingUtil:setAlarm and high_level_standard is 10 msg_send_interval is 240 count_frequency is 60 dangerous_level_standard is 25 dangerous_current_level is 30 min_interval_time is 3 average_current_fg is 350 count_frequency_fg is 5 app_show_level is 1

I/HwSystemManager(17858): BootStartManager:batchDeleteOperation !

I/HwSystemManager(17858): BootStartManager:batchDeleteOperation !

I/HwSystemManager(17858): DX-Optimizer:[PackageChangeReceiver] Received: android.intent.action.PACKAGE_ADDED, data: package:air.com.zzf.brush, replacing: false

I/YhdsEngine(17858): [EngineIntentService] Received: com.dianxinos.optimizer.engine.action.PKG_CHANGE

I/HwSystemManager(17858): DX-Optimizer:[CommonIntentService] Received: com.dianxinos.optimizer.action.PKG_CHANGE

W/HwSystemManager(17858): AddViewAppManager:Current installed app not apply system_alert_window or applicationInfo null!

I/HwLauncher( 3332): NewHispaceUpdateObserver  newHispaceCount: 0 

W/HwLauncher( 3332): UnreadContentObserver newUnreadCount:0,oldUnreadCount:0

E/StoreApplication(17925): Unknow ProcName:com.huawei.gamebox:pushservice

E/StoreApplication(17925): Unknow ProcName:com.huawei.gamebox:pushservice

I/PushLogSC2543(17925): [main-1]action is android.intent.action.PACKAGE_ADDED(gamebox/null:-1)

I/PushLogSC2543(17925): [main-1]run push selfshow(gamebox/null:-1)

E/mutiCardFactory(17925): [Thread-868-868]FeatureOption.MTK_GEMINI_SUPPORTjava.lang.ClassNotFoundException: com.mediatek.common.featureoption.FeatureOption(gamebox/null:-1)

I/mutiCardFactory(17925): [Thread-868-868]isMtkGeminiSupport false(gamebox/null:-1)

I/mutiCardFactory(17925): [Thread-868-868]isHwGeminiSupport1 true(gamebox/null:-1)

W/System.err( 2929): java.lang.SecurityException: WifiService: Neither user 10038 nor current process has android.permission.CHANGE_WIFI_STATE.

W/System.err( 2929): 	at android.app.ContextImpl.enforce(ContextImpl.java:1775)

W/System.err( 2929): 	at android.app.ContextImpl.enforceCallingOrSelfPermission(ContextImpl.java:1804)

W/System.err( 2929): 	at com.android.server.wifi.WifiService.enforceChangePermission(WifiService.java:639)

W/System.err( 2929): 	at com.android.server.wifi.WifiService.getWifiServiceMessenger(WifiService.java:1288)

W/System.err( 2929): 	at android.net.wifi.IWifiManager$Stub.onTransact(IWifiManager.java:423)

W/System.err( 2929): 	at huawei.com.android.server.wifi.HwWifiService.onTransact(HwWifiService.java:58)

W/System.err( 2929): 	at android.os.Binder.execTransact(Binder.java:404)

W/System.err( 2929): 	at dalvik.system.NativeStart.run(Native Method)

I/PushLogSC2543(17925): [Thread-868-868]framework push exist, use framework push first(gamebox/null:-1)

I/PushLogSC2539(17945): [main-1]action is android.intent.action.PACKAGE_ADDED(ds/null:-1)

I/PushLogSC2539(17945): [main-1]run push selfshow(ds/null:-1)

E/mutiCardFactory(17945): [Thread-873-873]FeatureOption.MTK_GEMINI_SUPPORTjava.lang.ClassNotFoundException: com.mediatek.common.featureoption.FeatureOption(ds/null:-1)

I/mutiCardFactory(17945): [Thread-873-873]isMtkGeminiSupport false(ds/null:-1)

I/mutiCardFactory(17945): [Thread-873-873]isHwGeminiSupport1 true(ds/null:-1)

I/PushLogSC2545(17067): [main-1]action is android.intent.action.PACKAGE_ADDED(remoteassistant/null:-1)

I/PushLogSC2545(17067): [main-1]run push selfshow(remoteassistant/null:-1)

I/PushLogSC2539(17945): [Thread-873-873]framework push exist, use framework push first(ds/null:-1)

I/PushLogSC2545(17067): [Thread-829-829]framework push exist, use framework push first(remoteassistant/null:-1)

I/PushLogSC2543(17085): [main-1]action is android.intent.action.PACKAGE_ADDED(appmarket/null:-1)

I/PushLogSC2543(17085): [main-1]run push selfshow(appmarket/null:-1)

I/PushLogSC2543(17085): [Thread-832-832]framework push exist, use framework push first(appmarket/null:-1)

I/HwSystemManager(17858): HsmPackageManager:get all installed packages, flag:8192, size:164

E/HwSystemManager(17858): PermissionDBAdapter:appcationsList size:164

I/HwSystemManager(17858): netAppDBHelper: DBHelper Create Database!  : SQLiteDatabase: /data/data/com.huawei.systemmanager/databases/net_permission.db

E/android_hardware_fm.cpp(17938): register_android_hardware_fm_fmradio

E/FM_HAL  (17938): [FM_HAL], fm_dynamic_lib is libbcmfm_if

E/FM_HAL  (17938): [FM_HAL], libname is libbcmfm_if

E/fm_if.c (17938): find the id:libbcmfm_if and begins to open the devices

E/android_hardware_fm.cpp(17938): register_android_hardware_fm_fmradio, ret is 0

E/        (17938): ProtocolErrorLog wangkang test!!

I/K3V3CpuGovernorPolicy( 3279): set scene Hmp policy : 300 , 150

I/HwLauncher( 3332): Launcher onPause()

W/HwLauncher( 3332): Launcher.MotionManager failed to stop TYPE_SHAKE_CHANGE_WALLPAPER

W/HwLauncher( 3332): Launcher.MotionManager failed to stop TYPE_SHAKE_START_PRIVACY

W/HwLauncher( 3332): BubbleTextView mAnimateRunnable.run()

W/HwLauncher( 3332): BubbleTextView BubbleTextView.run

I/HwSystemManager(17858): HsmIntentService:destroyed. this:com.huawei.systemmanager.util.content.HsmIntentService_ui@42dbbb88

I/HwLauncher( 3332): Launcher onStop()

E/HwLauncher( 3332): Launcher dialog dismiss failed : java.lang.IllegalArgumentException: no dialog with id 1 was ever shown via Activity#showDialog

I/HwLauncher( 3332): Launcher dynamicIconsUnregister

I/HwLauncher( 3332): DynamicUpdater unregisterReceiver

I/HwLauncher( 3332): DynamicIcon onPause  isvisible = true   mAttachedToWindow:true    mWindowVisible:truecom.android.deskclock

I/HwLauncher( 3332): DynamicUpdater unregisterReceiver

I/HwLauncher( 3332): DynamicIcon onPause  isvisible = true   mAttachedToWindow:true    mWindowVisible:truecom.android.calendar

I/HwLauncher( 3332): DynamicUpdater unregisterReceiver

I/HwLauncher( 3332): DynamicIcon onPause  isvisible = true   mAttachedToWindow:true    mWindowVisible:truecom.huawei.android.totemweather

I/HwLauncher( 3332): DynamicIcon onVisibilityChanged 4 - com.android.deskclock

I/HwLauncher( 3332): DynamicIcon onVisibilityChanged 4 - com.android.calendar

I/HwLauncher( 3332): DynamicIcon onVisibilityChanged 4 - com.huawei.android.totemweather

I/PhoneStatusBar( 3044): hw_status_bar_operators = true, setSystemUIVisibily(SHOW_OPERATOR = false)

I/HwLauncher( 3332): DynamicIcon onWindowVisibilityChanged 4 - com.android.deskclock

I/HwLauncher( 3332): DynamicIcon onWindowVisibilityChanged 4 - com.android.calendar

I/HwLauncher( 3332): DynamicIcon onWindowVisibilityChanged 4 - com.huawei.android.totemweather

I/StartupTime1(17984): :1421983618056

I/HwLauncher( 3332): DynamicIcon onWindowVisibilityChanged 8 - com.android.deskclock

I/HwLauncher( 3332): DynamicIcon onWindowVisibilityChanged 8 - com.android.calendar

I/HwLauncher( 3332): DynamicIcon onWindowVisibilityChanged 8 - com.huawei.android.totemweather

I/CpuGovernorPolicy( 3279): cpu draw 

I/__BUILD_NO (17984): #15.0.0.302

W/System.err( 2929): java.lang.SecurityException: Neither user 10157 nor current process has android.permission.READ_PHONE_STATE.

W/System.err( 2929): 	at android.app.ContextImpl.enforce(ContextImpl.java:1775)

W/System.err( 2929): 	at android.app.ContextImpl.enforceCallingOrSelfPermission(ContextImpl.java:1804)

W/System.err( 2929): 	at com.android.server.TelephonyRegistry.checkListenerPermission(TelephonyRegistry.java:773)

W/System.err( 2929): 	at com.android.server.TelephonyRegistry.listen(TelephonyRegistry.java:208)

W/System.err( 2929): 	at huawei.com.android.server.StubTelephonyRegistry.listen(StubTelephonyRegistry.java:45)

W/System.err( 2929): 	at com.android.internal.telephony.ITelephonyRegistry$Stub.onTransact(ITelephonyRegistry.java:56)

W/System.err( 2929): 	at android.os.Binder.execTransact(Binder.java:404)

W/System.err( 2929): 	at dalvik.system.NativeStart.run(Native Method)

I/ActivityManager( 2929): Displayed air.com.zzf.brush/.AppEntry: +560ms

I/HwSystemManager(17858): PermissionDBAdapter:preInstalledAppsPermissionEmendation no need emendation!

I/HwSystemManager(17858): PermissionDBAdapter:checkDBErrorBecauseofHOTA packageNameDBList size 43

I/HwSystemManager(17858): PermissionDBAdapter:checkDBErrorBecauseofHOTA nameList is0

I/K3V3CpuGovernorPolicy( 3279): close previously scene Hmp policy : 300 , 150

I/HwSystemManager(17858): PermissionDBAdapter:preInstalledAppsPermissionEmendation no need emendation!

I/HwSystemManager(17858): PermissionDBAdapter:checkDBErrorBecauseofHOTA packageNameDBList size 43

I/HwSystemManager(17858): PermissionDBAdapter:checkDBErrorBecauseofHOTA nameList is0

I/HwSystemManager(17858): HsmStat_info:service connect

E/Thermal-daemon( 2421): [pa_0] temp_new :29  temp_old :28

E/Thermal-daemon( 2421): [ap] temp_new :31  temp_old :30

I/CloudGallaryService( 4816): [CGCommonStatusReceiver[v1.1.8]]: CGCommonStatusReceiver,action-->android.intent.action.BATTERY_CHANGED

I/CloudGallaryService( 4816): [ReceiverManager[v1.1.8]]: ReceiverManager,action-->android.intent.action.BATTERY_CHANGED

I/CloudGallaryService( 4816): [IProcessor[v1.1.8]]: state is not change ，not call service!

W/HwLauncher( 3332): BubbleTextView mAnimateRunnable.run()

W/HwLauncher( 3332): BubbleTextView BubbleTextView.run

I/NLP     ( 3196): result:[location successful], reason:[network location]

I/CalendarProvider2(18049): Sending notification intent: Intent { act=android.intent.action.PROVIDER_CHANGED dat=content://com.android.calendar }

W/ContentResolver(18049): Failed to get type for: content://com.android.calendar (Unknown URL content://com.android.calendar)

I/CalendarSimpleUiPRovider( 5279): onReceive[intent]Intent { act=android.intent.action.PROVIDER_CHANGED dat=content://com.android.calendar flg=0x10 cmp=com.android.calendar/.simpleui.CalendarSimpleUiPRovider }

I/CalendarSimpleUiPRovider( 5279): onConfigurationChanged

I/CalendarSimpleUiPRovider( 5279): initParams20150123T112701Asia/Shanghai(5,22,28800,0,1421983621)

I/CalendarSimpleUiPRovider( 5279): loadEvent end update UI0

I/ApplicationsProvider(10699): System.gc()

E/Thermal-daemon( 2421): [ap] temp_new :32  temp_old :31

I/wpa_supplicant( 3570): wlan0: HEART-BEAT-ACK: 237

E/Thermal-daemon( 2421): [ap] temp_new :31  temp_old :32

I/HwLauncher( 3332): BubbleTextView clearNewAppIndicateInDB

I/K3V3CpuGovernorPolicy( 3279): set scene Hmp policy : 300 , 150

W/dalvikvm( 3044): Refusing to reopen boot DEX '/system/framework/hwframework.jar'

W/dalvikvm( 3044): Refusing to reopen boot DEX '/system/framework/hwEmui.jar'

E/HwLauncher( 3332): Launcher dialog dismiss failed : java.lang.IllegalArgumentException: no dialog with id 1 was ever shown via Activity#showDialog

E/HwLauncher( 3332): Launcher dialog dismiss failed : java.lang.IllegalArgumentException: no dialog with id 1 was ever shown via Activity#showDialog

I/ActivityManager( 2929): Displayed com.android.systemui/.recent.RecentsActivity: +136ms (total +7m51s219ms)

I/CpuGovernorPolicy( 3279): gpu draw 

W/hwcomposer( 2411): layer SCF fator is larger than 8 or smaller than 64

I/CloudGallaryService( 4816): [CGCommonStatusReceiver[v1.1.8]]: CGCommonStatusReceiver,action-->android.intent.action.BATTERY_CHANGED

I/CloudGallaryService( 4816): [ReceiverManager[v1.1.8]]: ReceiverManager,action-->android.intent.action.BATTERY_CHANGED

I/CloudGallaryService( 4816): [IProcessor[v1.1.8]]: state is not change ，not call service!

I/K3V3CpuGovernorPolicy( 3279): close previously scene Hmp policy : 300 , 150

I/HwSystemManager(17858): OptimizeReceiver:OptimizeReceiver received action:huawei.intent.action.hsm_remove_pkg

E/HwLauncher( 3332): Launcher dialog dismiss failed : java.lang.IllegalArgumentException: no dialog with id 1 was ever shown via Activity#showDialog

I/HwSystemManager( 3488): OptimizeIntentService:handlerRemovePkg, packge name is com.android.contacts

I/HwSystemManager( 3488): ProcessFilterPolicy:unprotectList app:[com.android.soundrecorder, com.android.calculator2, com.huawei.hidisk, com.android.gallery3d, com.android.mediacenter, com.android.packageinstaller, com.android.wallpaper.holospiral, com.android.wallpaper, com.android.browser, com.android.stk, com.android.magicsmoke, com.huawei.appmarket, com.android.htmlviewer, com.android.musicvis, com.android.wallpaper.livepicker, com.hexin.plat.android, com.eg.android.AlipayGphone, com.tencent.qqphonebook, com.quickbird.speedtest, sh.lilith.dgame.huawei, com.autonavi.minimap, com.sohu.newsclient, com.huawei.android.ds, com.duomi.android, com.huawei.KoBackup, com.chaozh.iReaderFree15, com.tencent.mobileqq, com.huawei.gamebox, com.baidu.searchbox_huawei, com.sohu.sohuvideo, com.vmall.client, com.huawei.android.thememanager, com.huawei.fans, com.sina.weibo, com.android.providers.downloads, com.jingdong.app.mall, com.google.android.tts, com.huawei.mytime, com.mt.mtxx.mtxx, com.sinovatech.unicom.ui, com.UCMobile, com.sohu.inputmethod.sogou, com.huawei.remoteassistant, com.meitu.gridpuzzle, com.huawei.appmarket.wallet, com.huawei.iat, com.jiuguo.app, com.taobao.taobao, com.xueqiu.android, com.qiyi.video, cn.tianya.light, com.tencent.mm, com.huawei.wallet, com.netease.ldxy.huawei, com.taobao.trip, com.huawei.phoneservice, com.qihoo.freewifi, com.hexin.plat.kaihu, com.tencent.android.qqdownloader, com.ijinshan.ShouJiKongService, com.ijinshan.ShouJiKong.AndroidDaemon, com.huawei.hisuite, com.aprilbrother.ab_ibeacon, air.com.zzf.brush]

I/HwSystemManager( 3488): OptimizeIntentService:handlerRemovePkg, no pkg after filter

E/HwLauncher( 3332): Launcher dialog dismiss failed : java.lang.IllegalArgumentException: no dialog with id 1 was ever shown via Activity#showDialog

I/HwLauncher( 3332): DynamicIcon onWindowVisibilityChanged 4 - com.android.deskclock

I/HwLauncher( 3332): DynamicIcon onWindowVisibilityChanged 4 - com.android.calendar

I/HwLauncher( 3332): DynamicIcon onWindowVisibilityChanged 4 - com.huawei.android.totemweather

I/HwLauncher( 3332): Launcher onStart()

I/HwLauncher( 3332): Launcher dynamicIconsRegister

I/HwLauncher( 3332): DynamicUpdater registerReceiver

I/HwLauncher( 3332): DynamicIconData , getDrawableForDynamic begin, pkg = com.android.deskclock, picName = deskclock_bg

I/HwLauncher( 3332): DynamicIconData , getDrawableForDynamic end, pkg = com.android.deskclock, picName = deskclock_bg

I/HwLauncher( 3332): DynamicIconData , getDrawableForDynamic begin, pkg = com.android.deskclock, picName = deskclock_bg

I/HwLauncher( 3332): DynamicIconData , getDrawableForDynamic end, pkg = com.android.deskclock, picName = deskclock_bg

I/HwLauncher( 3332): Launcher.Utilities createIconBitmap sourceWidth = 120sourceHeight = 120

I/HwLauncher( 3332): ClockDynamicUpdater calender update folder at CalenderDynamicUpdater

I/HwLauncher( 3332): DynamicUpdater call updateFolder

I/HwLauncher( 3332): DynamicUpdater call updateFolder

I/HwLauncher( 3332): DynamicIcon onResume  isvisible = false   mAttachedToWindow:true    mWindowVisible:falsecom.android.deskclock

I/HwLauncher( 3332): DynamicUpdater registerReceiver

I/HwLauncher( 3332): DynamicUpdater call updateFolder

I/HwLauncher( 3332): DynamicIcon onResume  isvisible = false   mAttachedToWindow:true    mWindowVisible:falsecom.android.calendar

I/HwLauncher( 3332): DynamicUpdater registerReceiver

I/HwLauncher( 3332): DynamicUpdater call updateFolder

I/HwLauncher( 3332): WeatherDynamicUpdaterpositiveUpdate at WeatherDynamicUpdater

I/HwLauncher( 3332): DynamicIcon onResume  isvisible = false   mAttachedToWindow:true    mWindowVisible:falsecom.huawei.android.totemweather

I/HwLauncher( 3332): Launcher onResume()

I/HwLauncher( 3332): Launcher doResumeWork()

W/MotionDetectionManager( 3332): startMotionAppsReco motionApps: 402 disabled

W/HwLauncher( 3332): Launcher.MotionManager failed to start TYPE_SHAKE_CHANGE_WALLPAPER

I/HwLauncher( 3332): Launcher.MotionManager startShakeMotion mIsShakeInHome=true

W/MotionDetectionManager( 3332): startMotionAppsReco motionApps: 404 disabled

W/HwLauncher( 3332): Launcher.MotionManager failed to start TYPE_SHAKE_START_PRIVACY

I/HwLauncher( 3332): Launcher changeNaviBarStatus

W/HwLauncher( 3332): Launcher  updateMarginLayoutParamsForView:the target view is null.

I/HwLauncher( 3332): Launcher  onResume mIsToUninstallApp = false

I/HwLauncher( 3332): DynamicIcon onVisibilityChanged 0 - com.android.deskclock

I/HwLauncher( 3332): DynamicIcon onVisibilityChanged 0 - com.android.calendar

I/HwLauncher( 3332): DynamicIcon onVisibilityChanged 0 - com.huawei.android.totemweather

I/HwLauncher( 3332): DynamicIcon onWindowVisibilityChanged 0 - com.android.deskclock

I/HwLauncher( 3332): DynamicIcon onWindowVisibilityChanged 0 - com.android.calendar

I/HwLauncher( 3332): DynamicIcon onWindowVisibilityChanged 0 - com.huawei.android.totemweather

I/PhoneStatusBar( 3044): hw_status_bar_operators = true, setSystemUIVisibily(SHOW_OPERATOR = false)

I/HwLauncher( 3332): WeatherDynamicUpdaterreceive action = com.huawei.android.action.launcher_weather_icon_change

I/HwLauncher( 3332): WeatherDynamicUpdaterreceiver data is int[] = [0, 0, 52, 0, 96, 0, 140, 0]


I/HwLauncher( 3332):  stringArray[] [sunny, num1, num7, tempc]

I/PhoneStatusBar( 3044): hw_status_bar_operators = true, setSystemUIVisibily(SHOW_OPERATOR = false)

I/wpa_supplicant( 3570): wlan0: HEART-BEAT-ACK: 238

E/Thermal-daemon( 2421): [ap] temp_new :30  temp_old :31

I/HwSystemManager(17858): SavingSettingUtil:setAlarm and high_level_standard is 10 msg_send_interval is 240 count_frequency is 60 dangerous_level_standard is 25 dangerous_current_level is 30 min_interval_time is 3 average_current_fg is 350 count_frequency_fg is 5 app_show_level is 1

I/HwSystemManager(17858): BootBroadcastReceiver:======  notificationShowJudger begin =======

I/HwSystemManager(17858): BootBroadcastReceiver:new appConsumption size is 8

I/HwSystemManager(17858): BootBroadcastReceiver:old appConsumption is {lastNotifyTime=0}

I/HwSystemManager(17858): BootBroadcastReceiver:interval_time_unit is 60000

I/HwSystemManager(17858): BootBroadcastReceiver:intervalHour is 240

I/HwSystemManager(17858): BootBroadcastReceiver:mAhValue is 10

I/HwSystemManager(17858): BootBroadcastReceiver:mNowTime is 1421983646468

I/HwSystemManager(17858): BootBroadcastReceiver:mLastNotifyTime is 0

I/HwSystemManager(17858): BootBroadcastReceiver:uap.uid is 10004

I/HwSystemManager(17858): BootBroadcastReceiver:uap.power is 995.4

I/HwSystemManager(17858): BootBroadcastReceiver:isOldContain is false

I/HwSystemManager(17858): SavingSettingUtil:the pkgname = com.android.providers.downloads is exist!

I/HwSystemManager(17858): SavingSettingUtil:the pkgname = com.android.providers.downloads.ui is exist!

I/HwSystemManager(17858): SavingSettingUtil:the pkgname = com.android.providers.media is exist!

I/HwSystemManager(17858): BootBroadcastReceiver:uap.uid is 10008

I/HwSystemManager(17858): BootBroadcastReceiver:uap.power is 46.2

I/HwSystemManager(17858): BootBroadcastReceiver:isOldContain is false

I/HwSystemManager(17858): SavingSettingUtil:the pkgname = com.huawei.appmarket is exist!

I/HwSystemManager(17858): BootBroadcastReceiver:uap.uid is 10038

I/HwSystemManager(17858): BootBroadcastReceiver:uap.power is 15.75

I/HwSystemManager(17858): BootBroadcastReceiver:isOldContain is false

I/HwSystemManager(17858): SavingSettingUtil:the pkgname = com.huawei.gamebox is exist!

I/HwSystemManager(17858): BootBroadcastReceiver:uap.uid is 10092

I/HwSystemManager(17858): BootBroadcastReceiver:uap.power is 2323.1

I/HwSystemManager(17858): BootBroadcastReceiver:isOldContain is false

I/HwSystemManager(17858): SavingSettingUtil:the pkgname = com.baidu.searchbox_huawei is exist!

I/HwSystemManager(17858): BootBroadcastReceiver:uap.uid is 10098

I/HwSystemManager(17858): BootBroadcastReceiver:uap.power is 483.055

I/HwSystemManager(17858): BootBroadcastReceiver:isOldContain is false

I/HwSystemManager(17858): SavingSettingUtil:the pkgname = com.autonavi.minimap is exist!

I/HwSystemManager(17858): BootBroadcastReceiver:uap.uid is 10114

I/HwSystemManager(17858): BootBroadcastReceiver:uap.power is 1.05

I/HwSystemManager(17858): BootBroadcastReceiver:isOldContain is false

I/HwSystemManager(17858): SavingSettingUtil:the pkgname = com.huawei.fans is exist!

I/HwSystemManager(17858): BootBroadcastReceiver:uap.uid is 10123

I/HwSystemManager(17858): BootBroadcastReceiver:uap.power is 22.155

I/HwSystemManager(17858): BootBroadcastReceiver:isOldContain is false

I/HwSystemManager(17858): SavingSettingUtil:the pkgname = com.huawei.remoteassistant is exist!

I/HwSystemManager(17858): BootBroadcastReceiver:uap.uid is 10157

I/HwSystemManager(17858): BootBroadcastReceiver:uap.power is 0.0

I/HwSystemManager(17858): BootBroadcastReceiver:isOldContain is false

I/HwSystemManager(17858): SavingSettingUtil:the pkgname = air.com.zzf.brush is exist!

I/HwSystemManager(17858): HsmIntentService:destroyed. this:com.huawei.systemmanager.util.content.HsmIntentService_ui@430cbfd0

E/CommandListener( 2408): readDefRoute call readDefRoute

E/SecondaryTablController( 2408): isWifiDefaultRouteExisted /system/bin/ip route

E/CommandListener( 2408): readDefRoute Rsp ok

I/logserver( 2423): Recvfrom netlink message failed, errno = 22

I/CloudGallaryService( 4816): [CGCommonStatusReceiver[v1.1.8]]: CGCommonStatusReceiver,action-->android.intent.action.BATTERY_CHANGED

I/CloudGallaryService( 4816): [ReceiverManager[v1.1.8]]: ReceiverManager,action-->android.intent.action.BATTERY_CHANGED

I/CloudGallaryService( 4816): [IProcessor[v1.1.8]]: state is not change ，not call service!

E/HwSystemManager( 3488): getSimCardType:/getSimCardInfo: imsi is null

E/HwSystemManager( 3488): getSimCardType:/getSimCardInfo: imsi is null

E/HwSystemManager( 3488): getSimCardType:/getSimCardInfo: imsi is null

I/wpa_supplicant( 3570): wlan0: HEART-BEAT-ACK: 239

E/Thermal-daemon( 2421): [ap] temp_new :29  temp_old :30

I/wpa_supplicant( 3570): wlan0: HEART-BEAT-ACK: 240

W/ResponseProcessCookies(12529): Invalid cookie header: "Set-Cookie: BAIDUID=A46B41CC2E6486FD70B8F46233ABC3F7:FG=1; max-age=31536000; expires=Sat, 23-Jan-16 03:27:56 GMT; domain=.baidu.com; path=/; version=1". Unable to parse expires attribute: Sat

W/ResponseProcessCookies(12529): Invalid cookie header: "Set-Cookie: BAIDUID=A46B41CC2E6486FD7AEF5BD52E0F2A4C:FG=1; expires=Sat, 23-Jan-16 03:27:56 GMT; max-age=31536000; path=/; domain=.baidu.com; version=1". Unable to parse expires attribute: Sat

W/ResponseProcessCookies(12529): Invalid cookie header: "Set-Cookie: BAIDUID=0AAD9E297A6A302F356DBB055833F5B9:FG=1; expires=Sat, 23-Jan-16 03:27:56 GMT; max-age=31536000; path=/; domain=.baidu.com; version=1". Unable to parse expires attribute: Sat

W/ResponseProcessCookies(12529): Invalid cookie header: "Set-Cookie: BAIDUID=A46B41CC2E6486FD7858B1179EA0625D:FG=1; max-age=31536000; expires=Sat, 23-Jan-16 03:27:56 GMT; domain=.baidu.com; path=/; version=1". Unable to parse expires attribute: Sat

W/ResponseProcessCookies(12529): Invalid cookie header: "Set-Cookie: BAIDUID=A46B41CC2E6486FD6BE7C5A5C2AF9FB6:FG=1; expires=Sat, 23-Jan-16 03:27:56 GMT; max-age=31536000; path=/; domain=.baidu.com; version=1". Unable to parse expires attribute: Sat

W/ResponseProcessCookies(12529): Invalid cookie header: "Set-Cookie: BAIDUID=240F025273BD8250BC75B775D0440650:FG=1; expires=Sat, 23-Jan-16 03:27:56 GMT; max-age=31536000; path=/; domain=.baidu.com; version=1". Unable to parse expires attribute: Sat

E/CommandListener( 2408): readDefRoute call readDefRoute

E/SecondaryTablController( 2408): isWifiDefaultRouteExisted /system/bin/ip route

I/logserver( 2423): Recvfrom netlink message failed, errno = 22

E/CommandListener( 2408): readDefRoute Rsp ok

I/logserver( 2423): Recvfrom netlink message failed, errno = 22

I/HwLauncher( 3332): ClockDynamicUpdater date changed!!!!!!

I/HwLauncher( 3332): DynamicIconData , getDrawableForDynamic begin, pkg = com.android.deskclock, picName = deskclock_bg

I/HwLauncher( 3332): DynamicIconData , getDrawableForDynamic end, pkg = com.android.deskclock, picName = deskclock_bg

I/HwLauncher( 3332): DynamicIconData , getDrawableForDynamic begin, pkg = com.android.deskclock, picName = deskclock_bg

I/HwLauncher( 3332): DynamicIconData , getDrawableForDynamic end, pkg = com.android.deskclock, picName = deskclock_bg

I/HwLauncher( 3332): Launcher.Utilities createIconBitmap sourceWidth = 120sourceHeight = 120

I/HwLauncher( 3332): ClockDynamicUpdater calender update folder at CalenderDynamicUpdater

I/HwLauncher( 3332): DynamicUpdater call updateFolder

I/HwLauncher( 3332): ClockDynamicUpdater Calender update and call updateFolder

I/HwLauncher( 3332): CalenderDynamicUpdater date changed!!!!!!

I/HwLauncher( 3332): CalenderDynamicUpdater Calender update and call updateFolder

I/CloudGallaryService( 4816): [CGCommonStatusReceiver[v1.1.8]]: CGCommonStatusReceiver,action-->android.intent.action.BATTERY_CHANGED

I/CloudGallaryService( 4816): [ReceiverManager[v1.1.8]]: ReceiverManager,action-->android.intent.action.BATTERY_CHANGED

I/CloudGallaryService( 4816): [IProcessor[v1.1.8]]: state is not change ，not call service!

I/wpa_supplicant( 3570): wlan0: HEART-BEAT-ACK: 241

I/CloudGallaryService( 4816): [CGCommonStatusReceiver[v1.1.8]]: CGCommonStatusReceiver,action-->android.intent.action.BATTERY_CHANGED

I/CloudGallaryService( 4816): [ReceiverManager[v1.1.8]]: ReceiverManager,action-->android.intent.action.BATTERY_CHANGED

I/CloudGallaryService( 4816): [IProcessor[v1.1.8]]: state is not change ，not call service!

E/HwLauncher( 3332): Launcher dialog dismiss failed : java.lang.IllegalArgumentException: no dialog with id 1 was ever shown via Activity#showDialog

I/PhoneStatusBar( 3044): hw_status_bar_operators = true, setSystemUIVisibily(SHOW_OPERATOR = false)

I/PhoneStatusBar( 3044): hw_status_bar_operators = true, setSystemUIVisibily(SHOW_OPERATOR = false)

I/wpa_supplicant( 3570): wlan0: HEART-BEAT-ACK: 242

E/Thermal-daemon( 2421): [ap] temp_new :30  temp_old :29

E/CommandListener( 2408): readDefRoute call readDefRoute

E/SecondaryTablController( 2408): isWifiDefaultRouteExisted /system/bin/ip route

E/CommandListener( 2408): readDefRoute Rsp ok

I/K3V3CpuGovernorPolicy( 3279): set scene Hmp policy : 300 , 150

I/HwLauncher( 3332): Launcher onPause()

W/HwLauncher( 3332): Launcher.MotionManager failed to stop TYPE_SHAKE_CHANGE_WALLPAPER

W/HwLauncher( 3332): Launcher.MotionManager failed to stop TYPE_SHAKE_START_PRIVACY

W/dalvikvm( 3044): Refusing to reopen boot DEX '/system/framework/hwframework.jar'

W/dalvikvm( 3044): Refusing to reopen boot DEX '/system/framework/hwEmui.jar'

E/HwLauncher( 3332): Launcher dialog dismiss failed : java.lang.IllegalArgumentException: no dialog with id 1 was ever shown via Activity#showDialog

E/HwLauncher( 3332): Launcher dialog dismiss failed : java.lang.IllegalArgumentException: no dialog with id 1 was ever shown via Activity#showDialog

I/HwLauncher( 3332): DynamicIcon onWindowVisibilityChanged 8 - com.android.deskclock

I/HwLauncher( 3332): DynamicIcon onWindowVisibilityChanged 8 - com.android.calendar

I/HwLauncher( 3332): DynamicIcon onWindowVisibilityChanged 8 - com.huawei.android.totemweather

I/ActivityManager( 2929): Displayed com.android.systemui/.recent.RecentsActivity: +123ms

I/HwLauncher( 3332): Launcher onStop()

E/HwLauncher( 3332): Launcher dialog dismiss failed : java.lang.IllegalArgumentException: no dialog with id 1 was ever shown via Activity#showDialog

I/HwLauncher( 3332): Launcher dynamicIconsUnregister

I/HwLauncher( 3332): DynamicUpdater unregisterReceiver

I/HwLauncher( 3332): DynamicIcon onPause  isvisible = true   mAttachedToWindow:true    mWindowVisible:falsecom.android.deskclock

I/HwLauncher( 3332): DynamicUpdater unregisterReceiver

I/HwLauncher( 3332): DynamicIcon onPause  isvisible = true   mAttachedToWindow:true    mWindowVisible:falsecom.android.calendar

I/HwLauncher( 3332): DynamicUpdater unregisterReceiver

I/HwLauncher( 3332): DynamicIcon onPause  isvisible = true   mAttachedToWindow:true    mWindowVisible:falsecom.huawei.android.totemweather

I/HwLauncher( 3332): DynamicIcon onVisibilityChanged 4 - com.android.deskclock

I/HwLauncher( 3332): DynamicIcon onVisibilityChanged 4 - com.android.calendar

I/HwLauncher( 3332): DynamicIcon onVisibilityChanged 4 - com.huawei.android.totemweather

I/K3V3CpuGovernorPolicy( 3279): close previously scene Hmp policy : 300 , 150

I/CloudGallaryService( 4816): [CGCommonStatusReceiver[v1.1.8]]: CGCommonStatusReceiver,action-->android.intent.action.BATTERY_CHANGED

I/CloudGallaryService( 4816): [ReceiverManager[v1.1.8]]: ReceiverManager,action-->android.intent.action.BATTERY_CHANGED

I/CloudGallaryService( 4816): [IProcessor[v1.1.8]]: state is not change ，not call service!

I/StatusBar.KeyButtonView( 3044): action=0, flags=0, when=3683670, repeatCount=0, mDownTime=3683670, mCode=3

I/StatusBar.KeyButtonView( 3044): action=1, flags=0, when=3683835, repeatCount=0, mDownTime=3683670, mCode=3

E/HwLauncher( 3332): Launcher dialog dismiss failed : java.lang.IllegalArgumentException: no dialog with id 1 was ever shown via Activity#showDialog

I/K3V3CpuGovernorPolicy( 3279): set scene Hmp policy : 300 , 150

I/PhoneStatusBar( 3044): hw_status_bar_operators = true, setSystemUIVisibily(SHOW_OPERATOR = false)

I/HwLauncher( 3332): DynamicIcon onWindowVisibilityChanged 4 - com.android.deskclock

I/HwLauncher( 3332): DynamicIcon onWindowVisibilityChanged 4 - com.android.calendar

I/HwLauncher( 3332): DynamicIcon onWindowVisibilityChanged 4 - com.huawei.android.totemweather

I/HwLauncher( 3332): Launcher  onNewIntent mIsToUninstallApp = false

E/HwLauncher( 3332): Launcher dialog dismiss failed : java.lang.IllegalArgumentException: no dialog with id 1 was ever shown via Activity#showDialog

W/HwLauncher( 3332): Launcher null folder is animating process

I/HwLauncher( 3332): Launcher onStart()

I/HwLauncher( 3332): Launcher dynamicIconsRegister

I/HwLauncher( 3332): DynamicUpdater registerReceiver

I/HwLauncher( 3332): DynamicUpdater call updateFolder

I/HwLauncher( 3332): DynamicIcon onResume  isvisible = false   mAttachedToWindow:true    mWindowVisible:falsecom.android.deskclock

I/HwLauncher( 3332): DynamicUpdater registerReceiver

I/HwLauncher( 3332): DynamicUpdater call updateFolder

I/HwLauncher( 3332): DynamicIcon onResume  isvisible = false   mAttachedToWindow:true    mWindowVisible:falsecom.android.calendar

I/HwLauncher( 3332): DynamicUpdater registerReceiver

I/HwLauncher( 3332): DynamicUpdater call updateFolder

I/HwLauncher( 3332): WeatherDynamicUpdaterpositiveUpdate at WeatherDynamicUpdater

I/HwLauncher( 3332): DynamicIcon onResume  isvisible = false   mAttachedToWindow:true    mWindowVisible:falsecom.huawei.android.totemweather

I/HwLauncher( 3332): Launcher onResume()

I/HwLauncher( 3332): Launcher doResumeWork()

W/MotionDetectionManager( 3332): startMotionAppsReco motionApps: 402 disabled

W/HwLauncher( 3332): Launcher.MotionManager failed to start TYPE_SHAKE_CHANGE_WALLPAPER

I/HwLauncher( 3332): Launcher.MotionManager startShakeMotion mIsShakeInHome=true

W/MotionDetectionManager( 3332): startMotionAppsReco motionApps: 404 disabled

W/HwLauncher( 3332): Launcher.MotionManager failed to start TYPE_SHAKE_START_PRIVACY

I/HwLauncher( 3332): Launcher changeNaviBarStatus

W/HwLauncher( 3332): Launcher  updateMarginLayoutParamsForView:the target view is null.

I/HwLauncher( 3332): Launcher  onResume mIsToUninstallApp = false

I/HwLauncher( 3332): DynamicIcon onVisibilityChanged 0 - com.android.deskclock

I/HwLauncher( 3332): DynamicIcon onVisibilityChanged 0 - com.android.calendar

I/HwLauncher( 3332): DynamicIcon onVisibilityChanged 0 - com.huawei.android.totemweather

I/HwLauncher( 3332): DynamicIcon onWindowVisibilityChanged 0 - com.android.deskclock

I/HwLauncher( 3332): DynamicIcon onWindowVisibilityChanged 0 - com.android.calendar

I/HwLauncher( 3332): DynamicIcon onWindowVisibilityChanged 0 - com.huawei.android.totemweather

I/PhoneStatusBar( 3044): hw_status_bar_operators = true, setSystemUIVisibily(SHOW_OPERATOR = false)

I/HwLauncher( 3332): WeatherDynamicUpdaterreceive action = com.huawei.android.action.launcher_weather_icon_change

I/HwLauncher( 3332): WeatherDynamicUpdaterreceiver data is int[] = [0, 0, 52, 0, 96, 0, 140, 0]


I/HwLauncher( 3332):  stringArray[] [sunny, num1, num7, tempc]

E/HwLauncher( 3332): Launcher dialog dismiss failed : java.lang.IllegalArgumentException: no dialog with id 1 was ever shown via Activity#showDialog

I/PhoneStatusBar( 3044): hw_status_bar_operators = true, setSystemUIVisibily(SHOW_OPERATOR = false)

I/K3V3CpuGovernorPolicy( 3279): close previously scene Hmp policy : 300 , 150

I/K3V3CpuGovernorPolicy( 3279): set scene Hmp policy : 300 , 150

I/HwLauncher( 3332): Launcher onPause()

W/HwLauncher( 3332): Launcher.MotionManager failed to stop TYPE_SHAKE_CHANGE_WALLPAPER

W/HwLauncher( 3332): Launcher.MotionManager failed to stop TYPE_SHAKE_START_PRIVACY

W/dalvikvm( 3044): Refusing to reopen boot DEX '/system/framework/hwframework.jar'

W/dalvikvm( 3044): Refusing to reopen boot DEX '/system/framework/hwEmui.jar'

E/HwLauncher( 3332): Launcher dialog dismiss failed : java.lang.IllegalArgumentException: no dialog with id 1 was ever shown via Activity#showDialog

E/HwLauncher( 3332): Launcher dialog dismiss failed : java.lang.IllegalArgumentException: no dialog with id 1 was ever shown via Activity#showDialog

I/PhoneStatusBar( 3044): hw_status_bar_operators = true, setSystemUIVisibily(SHOW_OPERATOR = false)

I/HwLauncher( 3332): DynamicIcon onWindowVisibilityChanged 8 - com.android.deskclock

I/HwLauncher( 3332): DynamicIcon onWindowVisibilityChanged 8 - com.android.calendar

I/HwLauncher( 3332): DynamicIcon onWindowVisibilityChanged 8 - com.huawei.android.totemweather

I/ActivityManager( 2929): Displayed com.android.systemui/.recent.RecentsActivity: +119ms

I/PhoneStatusBar( 3044): hw_status_bar_operators = true, setSystemUIVisibily(SHOW_OPERATOR = false)

I/HwLauncher( 3332): Launcher onStop()

E/HwLauncher( 3332): Launcher dialog dismiss failed : java.lang.IllegalArgumentException: no dialog with id 1 was ever shown via Activity#showDialog

I/HwLauncher( 3332): Launcher dynamicIconsUnregister

I/HwLauncher( 3332): DynamicUpdater unregisterReceiver

I/HwLauncher( 3332): DynamicIcon onPause  isvisible = true   mAttachedToWindow:true    mWindowVisible:falsecom.android.deskclock

I/HwLauncher( 3332): DynamicUpdater unregisterReceiver

I/HwLauncher( 3332): DynamicIcon onPause  isvisible = true   mAttachedToWindow:true    mWindowVisible:falsecom.android.calendar

I/HwLauncher( 3332): DynamicUpdater unregisterReceiver

I/HwLauncher( 3332): DynamicIcon onPause  isvisible = true   mAttachedToWindow:true    mWindowVisible:falsecom.huawei.android.totemweather

I/HwLauncher( 3332): DynamicIcon onVisibilityChanged 4 - com.android.deskclock

I/HwLauncher( 3332): DynamicIcon onVisibilityChanged 4 - com.android.calendar

I/HwLauncher( 3332): DynamicIcon onVisibilityChanged 4 - com.huawei.android.totemweather

I/K3V3CpuGovernorPolicy( 3279): close previously scene Hmp policy : 300 , 150

I/HwSystemManager(17858): OptimizeReceiver:OptimizeReceiver received action:huawei.intent.action.hsm_remove_pkg

E/HwLauncher( 3332): Launcher dialog dismiss failed : java.lang.IllegalArgumentException: no dialog with id 1 was ever shown via Activity#showDialog

I/HwSystemManager( 3488): OptimizeIntentService:handlerRemovePkg, packge name is air.com.zzf.brush

I/HwSystemManager( 3488): ProcessFilterPolicy:unprotectList app:[com.android.soundrecorder, com.android.calculator2, com.huawei.hidisk, com.android.gallery3d, com.android.mediacenter, com.android.packageinstaller, com.android.wallpaper.holospiral, com.android.wallpaper, com.android.browser, com.android.stk, com.android.magicsmoke, com.huawei.appmarket, com.android.htmlviewer, com.android.musicvis, com.android.wallpaper.livepicker, com.hexin.plat.android, com.eg.android.AlipayGphone, com.tencent.qqphonebook, com.quickbird.speedtest, sh.lilith.dgame.huawei, com.autonavi.minimap, com.sohu.newsclient, com.huawei.android.ds, com.duomi.android, com.huawei.KoBackup, com.chaozh.iReaderFree15, com.tencent.mobileqq, com.huawei.gamebox, com.baidu.searchbox_huawei, com.sohu.sohuvideo, com.vmall.client, com.huawei.android.thememanager, com.huawei.fans, com.sina.weibo, com.android.providers.downloads, com.jingdong.app.mall, com.google.android.tts, com.huawei.mytime, com.mt.mtxx.mtxx, com.sinovatech.unicom.ui, com.UCMobile, com.sohu.inputmethod.sogou, com.huawei.remoteassistant, com.meitu.gridpuzzle, com.huawei.appmarket.wallet, com.huawei.iat, com.jiuguo.app, com.taobao.taobao, com.xueqiu.android, com.qiyi.video, cn.tianya.light, com.tencent.mm, com.huawei.wallet, com.netease.ldxy.huawei, com.taobao.trip, com.huawei.phoneservice, com.qihoo.freewifi, com.hexin.plat.kaihu, com.tencent.android.qqdownloader, com.ijinshan.ShouJiKongService, com.ijinshan.ShouJiKong.AndroidDaemon, com.huawei.hisuite, com.aprilbrother.ab_ibeacon, air.com.zzf.brush]

I/HwSystemManager( 3488): OptimizeIntentService:Send pkg to smcs[air.com.zzf.brush]

I/HwLauncher( 3332): DynamicIcon onWindowVisibilityChanged 4 - com.android.deskclock

I/HwLauncher( 3332): DynamicIcon onWindowVisibilityChanged 4 - com.android.calendar

I/HwLauncher( 3332): DynamicIcon onWindowVisibilityChanged 4 - com.huawei.android.totemweather

I/HwLauncher( 3332): Launcher onStart()

I/HwLauncher( 3332): Launcher dynamicIconsRegister

I/HwLauncher( 3332): DynamicUpdater registerReceiver

W/InputDispatcher( 2929): channel '439e1050 air.com.zzf.brush/air.com.zzf.brush.AppEntry (server)' ~ Consumer closed input channel or an error occurred.  events=0x9

