
I/MediaFocusControl( 2929):  AudioFocus  abandonAudioFocus() from android.media.AudioManager@44734150

E/CommandListener( 2408): readDefRoute call readDefRoute

E/SecondaryTablController( 2408): isWifiDefaultRouteExisted /system/bin/ip route

E/CommandListener( 2408): readDefRoute Rsp ok

I/audio_hw_primary( 2416): [do_output_standby],do_output_standby-----out->standby_lpp : 1

I/wpa_supplicant( 3570): wlan0: HEART-BEAT-ACK: 218

I/CloudGallaryService( 4816): [CGCommonStatusReceiver[v1.1.8]]: CGCommonStatusReceiver,action-->android.intent.action.BATTERY_CHANGED

I/CloudGallaryService( 4816): [ReceiverManager[v1.1.8]]: ReceiverManager,action-->android.intent.action.BATTERY_CHANGED

I/CloudGallaryService( 4816): [IProcessor[v1.1.8]]: state is not change ，not call service!

I/wpa_supplicant( 3570): wlan0: HEART-BEAT-ACK: 219

E/Thermal-daemon( 2421): [ap] temp_new :29  temp_old :30

E/CommandListener( 2408): readDefRoute call readDefRoute

E/SecondaryTablController( 2408): isWifiDefaultRouteExisted /system/bin/ip route

E/CommandListener( 2408): readDefRoute Rsp ok

I/wpa_supplicant( 3570): wlan0: HEART-BEAT-ACK: 220

I/CloudGallaryService( 4816): [CGCommonStatusReceiver[v1.1.8]]: CGCommonStatusReceiver,action-->android.intent.action.BATTERY_CHANGED

I/CloudGallaryService( 4816): [ReceiverManager[v1.1.8]]: ReceiverManager,action-->android.intent.action.BATTERY_CHANGED

I/CloudGallaryService( 4816): [IProcessor[v1.1.8]]: state is not change ，not call service!

I/wpa_supplicant( 3570): wlan0: HEART-BEAT-ACK: 221

I/CloudGallaryService( 4816): [CGCommonStatusReceiver[v1.1.8]]: CGCommonStatusReceiver,action-->android.intent.action.BATTERY_CHANGED

I/CloudGallaryService( 4816): [ReceiverManager[v1.1.8]]: ReceiverManager,action-->android.intent.action.BATTERY_CHANGED

I/CloudGallaryService( 4816): [IProcessor[v1.1.8]]: state is not change ，not call service!

W/AppsCleanUp( 3279): maybe hold screen wake lock long time

E/CommandListener( 2408): readDefRoute call readDefRoute

E/SecondaryTablController( 2408): isWifiDefaultRouteExisted /system/bin/ip route

E/CommandListener( 2408): readDefRoute Rsp ok

I/wpa_supplicant( 3570): wlan0: HEART-BEAT-ACK: 222

I/CloudGallaryService( 4816): [CGCommonStatusReceiver[v1.1.8]]: CGCommonStatusReceiver,action-->android.intent.action.BATTERY_CHANGED

I/CloudGallaryService( 4816): [ReceiverManager[v1.1.8]]: ReceiverManager,action-->android.intent.action.BATTERY_CHANGED

I/CloudGallaryService( 4816): [IProcessor[v1.1.8]]: state is not change ，not call service!

I/wpa_supplicant( 3570): wlan0: HEART-BEAT-ACK: 223

E/CommandListener( 2408): readDefRoute call readDefRoute

E/SecondaryTablController( 2408): isWifiDefaultRouteExisted /system/bin/ip route

E/CommandListener( 2408): readDefRoute Rsp ok

I/wpa_supplicant( 3570): wlan0: HEART-BEAT-ACK: 224

I/CloudGallaryService( 4816): [CGCommonStatusReceiver[v1.1.8]]: CGCommonStatusReceiver,action-->android.intent.action.BATTERY_CHANGED

I/CloudGallaryService( 4816): [ReceiverManager[v1.1.8]]: ReceiverManager,action-->android.intent.action.BATTERY_CHANGED

I/CloudGallaryService( 4816): [IProcessor[v1.1.8]]: state is not change ，not call service!

I/wpa_supplicant( 3570): wlan0: HEART-BEAT-ACK: 225

E/CommandListener( 2408): readDefRoute call readDefRoute

E/SecondaryTablController( 2408): isWifiDefaultRouteExisted /system/bin/ip route

E/CommandListener( 2408): readDefRoute Rsp ok

I/wpa_supplicant( 3570): wlan0: HEART-BEAT-ACK: 226

I/CloudGallaryService( 4816): [CGCommonStatusReceiver[v1.1.8]]: CGCommonStatusReceiver,action-->android.intent.action.BATTERY_CHANGED

I/CloudGallaryService( 4816): [ReceiverManager[v1.1.8]]: ReceiverManager,action-->android.intent.action.BATTERY_CHANGED

E/HwSystemManager( 3488): BgPowerManagerService: conusmPower = -11 result = -128 flag1 =false flag2 = false

I/CloudGallaryService( 4816): [IProcessor[v1.1.8]]: state is not change ，not call service!

E/HwSystemManager( 3488): getSimCardType:/getSimCardInfo: imsi is null

E/HwSystemManager( 3488): getSimCardType:/getSimCardInfo: imsi is null

E/HwSystemManager( 3488): getSimCardType:/getSimCardInfo: imsi is null

I/wpa_supplicant( 3570): wlan0: HEART-BEAT-ACK: 227

I/CAPALiteReceiver( 3279): USER STATE: STATIONARY SUB STATE: UNKNOWN

E/Thermal-daemon( 2421): [ap] temp_new :30  temp_old :29

I/HwLauncher( 3332): DynamicIcon onWindowVisibilityChanged 4 - com.android.deskclock

I/HwLauncher( 3332): DynamicIcon onWindowVisibilityChanged 4 - com.android.calendar

I/HwLauncher( 3332): DynamicIcon onWindowVisibilityChanged 4 - com.huawei.android.totemweather

I/HwLauncher( 3332): Launcher onStart()

I/HwLauncher( 3332): Launcher dynamicIconsRegister

I/HwLauncher( 3332): DynamicUpdater registerReceiver

I/HwLauncher( 3332): DynamicIconData , getDrawableForDynamic begin, pkg = com.android.deskclock, picName = deskclock_bg

I/HwLauncher( 3332): DynamicIconData , getDrawableForDynamic end, pkg = com.android.deskclock, picName = deskclock_bg

I/HwLauncher( 3332): DynamicIconData , getDrawableForDynamic begin, pkg = com.android.deskclock, picName = deskclock_bg

I/HwLauncher( 3332): DynamicIconData , getDrawableForDynamic end, pkg = com.android.deskclock, picName = deskclock_bg

I/HwLauncher( 3332): Launcher.Utilities createIconBitmap sourceWidth = 120sourceHeight = 120

I/HwLauncher( 3332): ClockDynamicUpdater calender update folder at CalenderDynamicUpdater

I/HwLauncher( 3332): DynamicUpdater call updateFolder

I/HwLauncher( 3332): DynamicUpdater call updateFolder

I/HwLauncher( 3332): DynamicIcon onResume  isvisible = false   mAttachedToWindow:true    mWindowVisible:falsecom.android.deskclock

I/HwLauncher( 3332): DynamicUpdater registerReceiver

I/HwLauncher( 3332): DynamicUpdater call updateFolder

I/HwLauncher( 3332): DynamicIcon onResume  isvisible = false   mAttachedToWindow:true    mWindowVisible:falsecom.android.calendar

I/HwLauncher( 3332): DynamicUpdater registerReceiver

I/HwLauncher( 3332): DynamicUpdater call updateFolder

I/HwLauncher( 3332): DynamicIcon onResume  isvisible = false   mAttachedToWindow:true    mWindowVisible:falsecom.huawei.android.totemweather

I/HwLauncher( 3332): Launcher onResume()

I/HwLauncher( 3332): Launcher doResumeWork()

I/HwLauncher( 3332): WeatherDynamicUpdaterpositiveUpdate at WeatherDynamicUpdater

W/MotionDetectionManager( 3332): startMotionAppsReco motionApps: 402 disabled

W/HwLauncher( 3332): Launcher.MotionManager failed to start TYPE_SHAKE_CHANGE_WALLPAPER

I/HwLauncher( 3332): Launcher.MotionManager startShakeMotion mIsShakeInHome=true

I/Process (14811): Sending signal. PID: 14811 SIG: 9

W/MotionDetectionManager( 3332): startMotionAppsReco motionApps: 404 disabled

W/HwLauncher( 3332): Launcher.MotionManager failed to start TYPE_SHAKE_START_PRIVACY

I/HwLauncher( 3332): Launcher changeNaviBarStatus

W/InputDispatcher( 2929): channel '436ad518 air.com.zzf.brush/air.com.zzf.brush.AppEntry (server)' ~ Consumer closed input channel or an error occurred.  events=0x9

E/InputDispatcher( 2929): channel '436ad518 air.com.zzf.brush/air.com.zzf.brush.AppEntry (server)' ~ Channel is unrecoverably broken and will be disposed!

W/HwLauncher( 3332): Launcher  updateMarginLayoutParamsForView:the target view is null.

I/HwLauncher( 3332): Launcher  onResume mIsToUninstallApp = false

W/InputDispatcher( 2929): Attempted to unregister already unregistered input channel '436ad518 air.com.zzf.brush/air.com.zzf.brush.AppEntry (server)'

I/HwLauncher( 3332): DynamicIcon onVisibilityChanged 0 - com.android.deskclock

I/HwLauncher( 3332): DynamicIcon onVisibilityChanged 0 - com.android.calendar

I/HwLauncher( 3332): DynamicIcon onVisibilityChanged 0 - com.huawei.android.totemweather

I/HwLauncher( 3332): DynamicIcon onWindowVisibilityChanged 0 - com.android.deskclock

I/HwLauncher( 3332): DynamicIcon onWindowVisibilityChanged 0 - com.android.calendar

I/HwLauncher( 3332): DynamicIcon onWindowVisibilityChanged 0 - com.huawei.android.totemweather

I/CpuGovernorPolicy( 3279): gpu draw 

I/HwLauncher( 3332): WeatherDynamicUpdaterreceive action = com.huawei.android.action.launcher_weather_icon_change

I/HwLauncher( 3332): WeatherDynamicUpdaterreceiver data is int[] = [0, 0, 52, 0, 96, 0, 140, 0]


I/HwLauncher( 3332):  stringArray[] [sunny, num1, num7, tempc]

W/HwLauncher( 3332): BubbleTextView mAnimateRunnable.run()

W/HwLauncher( 3332): BubbleTextView BubbleTextView.run

E/CommandListener( 2408): readDefRoute call readDefRoute

E/SecondaryTablController( 2408): isWifiDefaultRouteExisted /system/bin/ip route

I/StatusBar.KeyButtonView( 3044): action=0, flags=0, when=3463110, repeatCount=0, mDownTime=3463110, mCode=3

I/wpa_supplicant( 3570): wlan0: HEART-BEAT-ACK: 228

I/StatusBar.KeyButtonView( 3044): action=1, flags=0, when=3463215, repeatCount=0, mDownTime=3463110, mCode=3

E/HwLauncher( 3332): Launcher dialog dismiss failed : java.lang.IllegalArgumentException: no dialog with id 1 was ever shown via Activity#showDialog

I/HwLauncher( 3332): Launcher onPause()

W/HwLauncher( 3332): Launcher.MotionManager failed to stop TYPE_SHAKE_CHANGE_WALLPAPER

W/HwLauncher( 3332): Launcher.MotionManager failed to stop TYPE_SHAKE_START_PRIVACY

I/HwLauncher( 3332): Launcher  onNewIntent mIsToUninstallApp = false

E/HwLauncher( 3332): Launcher dialog dismiss failed : java.lang.IllegalArgumentException: no dialog with id 1 was ever shown via Activity#showDialog

I/HwLauncher( 3332): PagedView snapToPage.getChildOffset(): 720

I/HwLauncher( 3332): PagedView snapToPage.getRelativeChildOffset(): 720, 720

W/HwLauncher( 3332): Launcher null folder is animating process

I/HwLauncher( 3332): Launcher onResume()

I/HwLauncher( 3332): Launcher doResumeWork()

W/MotionDetectionManager( 3332): startMotionAppsReco motionApps: 402 disabled

W/HwLauncher( 3332): Launcher.MotionManager failed to start TYPE_SHAKE_CHANGE_WALLPAPER

I/HwLauncher( 3332): Launcher.MotionManager startShakeMotion mIsShakeInHome=true

W/MotionDetectionManager( 3332): startMotionAppsReco motionApps: 404 disabled

W/HwLauncher( 3332): Launcher.MotionManager failed to start TYPE_SHAKE_START_PRIVACY

I/HwLauncher( 3332): Launcher changeNaviBarStatus

W/HwLauncher( 3332): Launcher  updateMarginLayoutParamsForView:the target view is null.

I/HwLauncher( 3332): Launcher  onResume mIsToUninstallApp = false

W/IInputConnectionWrapper( 3332): showStatusIcon on inactive InputConnection

I/StatusBar.KeyButtonView( 3044): action=0, flags=0, when=3463371, repeatCount=0, mDownTime=3463371, mCode=3

I/StatusBar.KeyButtonView( 3044): action=1, flags=0, when=3463449, repeatCount=0, mDownTime=3463371, mCode=3

E/HwLauncher( 3332): Launcher dialog dismiss failed : java.lang.IllegalArgumentException: no dialog with id 1 was ever shown via Activity#showDialog

I/HwLauncher( 3332): Launcher onPause()

W/HwLauncher( 3332): Launcher.MotionManager failed to stop TYPE_SHAKE_CHANGE_WALLPAPER

W/HwLauncher( 3332): Launcher.MotionManager failed to stop TYPE_SHAKE_START_PRIVACY

I/HwLauncher( 3332): Launcher  onNewIntent mIsToUninstallApp = false

E/HwLauncher( 3332): Launcher dialog dismiss failed : java.lang.IllegalArgumentException: no dialog with id 1 was ever shown via Activity#showDialog

W/HwLauncher( 3332): Launcher null folder is animating process

I/HwLauncher( 3332): Launcher onResume()

I/HwLauncher( 3332): Launcher changeNaviBarStatus

W/HwLauncher( 3332): Launcher  updateMarginLayoutParamsForView:the target view is null.

I/HwLauncher( 3332): Launcher  onResume mIsToUninstallApp = false

E/CommandListener( 2408): readDefRoute Rsp ok

I/PhoneStatusBar( 3044): hw_status_bar_operators = true, setSystemUIVisibily(SHOW_OPERATOR = false)

I/PhoneStatusBar( 3044): hw_status_bar_operators = true, setSystemUIVisibily(SHOW_OPERATOR = false)

I/HwLauncher( 3332): Launcher doResumeWork()

W/MotionDetectionManager( 3332): startMotionAppsReco motionApps: 402 disabled

W/HwLauncher( 3332): Launcher.MotionManager failed to start TYPE_SHAKE_CHANGE_WALLPAPER

I/HwLauncher( 3332): Launcher.MotionManager startShakeMotion mIsShakeInHome=true

W/MotionDetectionManager( 3332): startMotionAppsReco motionApps: 404 disabled

W/HwLauncher( 3332): Launcher.MotionManager failed to start TYPE_SHAKE_START_PRIVACY

I/HwLauncher( 3332): PagedView snapToPage.getChildOffset(): 1440

I/HwLauncher( 3332): PagedView snapToPageWithVelocity.getRelativeChildOffset(): 720, 720

I/HwLauncher( 3332): PagedView snapToPage.getChildOffset(): 2160

I/HwLauncher( 3332): PagedView snapToPageWithVelocity.getRelativeChildOffset(): 720, 720

I/HwLauncher( 3332): PagedView snapToPage.getChildOffset(): 2160

I/HwLauncher( 3332): PagedView snapToPageWithVelocity.getRelativeChildOffset(): 720, 720

I/CloudGallaryService( 4816): [CGCommonStatusReceiver[v1.1.8]]: CGCommonStatusReceiver,action-->android.intent.action.BATTERY_CHANGED

I/CloudGallaryService( 4816): [ReceiverManager[v1.1.8]]: ReceiverManager,action-->android.intent.action.BATTERY_CHANGED

I/CloudGallaryService( 4816): [IProcessor[v1.1.8]]: state is not change ，not call service!

I/HwLauncher( 3332): PagedView snapToPage.getChildOffset(): 1440

I/HwLauncher( 3332): PagedView snapToPageWithVelocity.getRelativeChildOffset(): 720, 720

I/HwLauncher( 3332): PagedView snapToPage.getChildOffset(): 720

I/HwLauncher( 3332): PagedView snapToPageWithVelocity.getRelativeChildOffset(): 720, 720

I/HwLauncher( 3332): PagedView snapToPage.getChildOffset(): 0

I/HwLauncher( 3332): PagedView snapToPageWithVelocity.getRelativeChildOffset(): 720, 720

I/HwLauncher( 3332): PagedView snapToPage.getChildOffset(): 720

I/HwLauncher( 3332): PagedView snapToPageWithVelocity.getRelativeChildOffset(): 720, 720

W/HwLauncher( 3332): BubbleTextView mAnimateRunnable.run()

W/HwLauncher( 3332): BubbleTextView BubbleTextView.run

W/ResourceType( 3332): No known package when getting name for resource number 0x9c010303

I/HwLauncher( 3332): Launcher  onLongClick v = com.huawei.android.launcher.BubbleTextView{435db600 VFED..CL ...P.... 528,632-704,816 #9c010303} isLand = false mWorkspaceLoading = false mIsFolderOpening = false isWorkspaceLocked() = false mIsInstallingApp = false mDragLayer.isMoveViewAnimating() = false mDragLayer.isAnimateViewToDrop() = false mIsToUninstallApp = false

I/HwLauncher( 3332): EdgeTouchDetectorupdateScreenSize - mScreenSize rect 2 :Rect(50, 100 - 670, 1230)

W/ResourceType( 3332): No known package when getting name for resource number 0x9c010303

I/HwLauncher( 3332): Launcher  onLongClick allowLongPress = true mDragController.isDragging() = false itemUnderLongClick = com.huawei.android.launcher.BubbleTextView{435db600 VFED..CL ...P.... 528,632-704,816 #9c010303}

I/HwLauncher( 3332): ShareDropTarget onDragStart 

I/HwLauncher( 3332): CellLayout anim 0 update: 0.0, isStopped false

W/MotionDetectionManager( 3332): startMotionAppsReco motionApps: 601 disabled

W/HwLauncher( 3332): Launcher.MotionManager failed to start TYPE_TILT_LR_MOVE_WIDGETS

W/System.err( 3332): android.provider.Settings$SettingNotFoundException: gesture_active_control

W/System.err( 3332): 	at android.provider.Settings$System.getIntForUser(Settings.java:1256)

W/System.err( 3332): 	at android.provider.Settings$System.getInt(Settings.java:1246)

W/System.err( 3332): 	at com.huawei.android.launcher.Launcher.getSystemInt(Launcher.java:6217)

W/System.err( 3332): 	at com.huawei.android.launcher.Launcher.onLongClick(Launcher.java:5006)

W/System.err( 3332): 	at android.view.View.performLongClick(View.java:4482)

W/System.err( 3332): 	at android.widget.TextView.performLongClick(TextView.java:8481)

W/System.err( 3332): 	at android.view.View$CheckForLongPress.run(View.java:18459)

W/System.err( 3332): 	at android.os.Handler.handleCallback(Handler.java:733)

W/System.err( 3332): 	at android.os.Handler.dispatchMessage(Handler.java:95)

W/System.err( 3332): 	at android.os.Looper.loop(Looper.java:136)

W/System.err( 3332): 	at android.app.ActivityThread.main(ActivityThread.java:5314)

W/System.err( 3332): 	at java.lang.reflect.Method.invokeNative(Native Method)

W/System.err( 3332): 	at java.lang.reflect.Method.invoke(Method.java:515)

W/System.err( 3332): 	at com.android.internal.os.ZygoteInit$MethodAndArgsCaller.run(ZygoteInit.java:862)

W/System.err( 3332): 	at com.android.internal.os.ZygoteInit.main(ZygoteInit.java:678)

W/System.err( 3332): 	at dalvik.system.NativeStart.main(Native Method)

I/HwLauncher( 3332): ClockDynamicUpdater date changed!!!!!!

I/HwLauncher( 3332): DynamicIconData , getDrawableForDynamic begin, pkg = com.android.deskclock, picName = deskclock_bg

I/HwLauncher( 3332): DynamicIconData , getDrawableForDynamic end, pkg = com.android.deskclock, picName = deskclock_bg

I/HwLauncher( 3332): DynamicIconData , getDrawableForDynamic begin, pkg = com.android.deskclock, picName = deskclock_bg

I/HwLauncher( 3332): DynamicIconData , getDrawableForDynamic end, pkg = com.android.deskclock, picName = deskclock_bg

I/HwLauncher( 3332): Launcher.Utilities createIconBitmap sourceWidth = 120sourceHeight = 120

I/HwLauncher( 3332): ClockDynamicUpdater calender update folder at CalenderDynamicUpdater

I/HwLauncher( 3332): DynamicUpdater call updateFolder

I/HwLauncher( 3332): ClockDynamicUpdater Calender update and call updateFolder

I/HwLauncher( 3332): CalenderDynamicUpdater date changed!!!!!!

I/HwLauncher( 3332): CalenderDynamicUpdater Calender update and call updateFolder

I/HwLauncher( 3332): CellLayout anim 1 update: 0.0, isStopped false

I/HwLauncher( 3332): CellLayout anim 3 update: 0.0, isStopped false

I/PhoneStatusBar( 3044): hw_status_bar_operators = true, setSystemUIVisibily(SHOW_OPERATOR = false)

I/HwLauncher( 3332): Workspace onDragEnd dockSize=4 DOCK_SIZE_DRAG_BEFORE=4 isReseat=true HOTSEAT_CELLCOUNTX=4

I/HwLauncher( 3332): Workspace debugHotseatInfo() dockSize=4dockItem=ShortcutInfo(title=拨号)  dockItem.cellX=0

I/HwLauncher( 3332): Workspace debugHotseatInfo() dockSize=4dockItem=ShortcutInfo(title=联系人)  dockItem.cellX=1

I/HwLauncher( 3332): Workspace debugHotseatInfo() dockSize=4dockItem=ShortcutInfo(title=信息)  dockItem.cellX=2

I/HwLauncher( 3332): Workspace debugHotseatInfo() dockSize=4dockItem=ShortcutInfo(title=浏览器)  dockItem.cellX=3

I/HwLauncher( 3332): Workspace debugHotseatInfo() dockSize=4 null Icon=4

W/HwLauncher( 3332): Launcher.MotionManager failed to stop TYPE_TILT_LR_MOVE_WIDGETS

I/HwLauncher( 3332): ShareDropTarget onDragEnd 

I/PhoneStatusBar( 3044): hw_status_bar_operators = true, setSystemUIVisibily(SHOW_OPERATOR = false)

I/HwLauncher( 3332): Launcher  uninstallApp mUninstallShortcutInfo.title = brush

I/HwLauncher( 3332): CellLayout mOccupied[j][i] = false (view != null) = false

I/HwLauncher( 3332): CellLayout mOccupied[j][i] = false (view != null) = false

I/HwLauncher( 3332): CellLayout mOccupied[j][i] = false (view != null) = false

I/HwLauncher( 3332): CellLayout mOccupied[j][i] = false (view != null) = false

W/HwLauncher( 3332): CellLayout reArrangeItemsAfterUninstallApp animators.size is 0.

I/HwLauncher( 3332): Model  onReceive intent=Intent { act=android.intent.action.PACKAGE_REMOVED dat=package:air.com.zzf.brush flg=0x4000010 (has extras) }

I/HwLauncher( 3332): Model isStk =false replacing = false package = air.com.zzf.brush

I/HwLauncher( 3332): MutilSelectedIconsonPreHandleUpdatedTask : mIsInMutilSelectMode = false task = 3 packages = [air.com.zzf.brush]

I/HwLauncher( 3332): SimpleLauncherModeaction= android.intent.action.PACKAGE_REMOVEDpackageName = air.com.zzf.brush

I/HwLauncher( 3332): Model mAllAppsList.removePackage air.com.zzf.brush

I/HwLauncher( 3332): SimpleLauncherModemAllAppsList.removePackage air.com.zzf.brush

I/HwLauncher( 3332): SimpleAllAppsList   add packageName into uninstalledSDApps 

I/HwLauncher( 3332): SimpleLauncherModeuninstalledSDApps size > 0

W/HwLauncher( 3332): SimpleLauncherModeNobody to tell about the new app.  Launcher is probably loading.

I/HwLauncher( 3332): SimpleLauncherModeOP_REMOVE callback is null, delete simpleUI database record

I/PushLog2551( 6718): [main-1]support ctrlsocket.(android/PushServiceTools.java:63)

I/ApplicationsProvider(10699): sendGCMsg()

I/InputReader( 2929): Reconfiguring input devices.  changes=0x00000010

I/HwSystemManager( 3488): HsmPackageManager:Receive intent:Intent { act=android.intent.action.PACKAGE_REMOVED dat=package:air.com.zzf.brush flg=0x4000010 (has extras) }

I/HwSystemManager( 3488): HsmPackageManager:replacing:false

I/HwSystemManager( 3488): HsmPackageManager:pkgName:air.com.zzf.brush

I/HwSystemManager( 3488): HsmPackageManager:doAppRemoved, remove:air.com.zzf.brush

E/Thermal-daemon( 2421): [charger] temp_new :29  temp_old :28

I/HwSystemManager(14731): HsmPackageManager:Receive intent:Intent { act=android.intent.action.PACKAGE_REMOVED dat=package:air.com.zzf.brush flg=0x4000010 (has extras) }

I/HwSystemManager(14731): HsmPackageManager:replacing:false

I/HwSystemManager(14731): HsmPackageManager:pkgName:air.com.zzf.brush

I/HwSystemManager(14731): HsmPackageManager:doAppRemoved, remove:air.com.zzf.brush

W/ResourceType( 4911): getEntry failing because entryIndex 1976 is beyond type entryCount 1010

W/ResourceType( 4911): Failure getting entry for 0x7f0207b8 (t=1 e=1976) in package 0 (error -2147483647)

W/ResourceType( 4911): getEntry failing because entryIndex 1975 is beyond type entryCount 1010

W/ResourceType( 4911): Failure getting entry for 0x7f0207b7 (t=1 e=1975) in package 0 (error -2147483647)

I/AccountTypeManager( 4911): Adding account type = com.android.contacts.model.account.ExternalAccountType@43536a28 in the cache

I/AccountTypeManager( 4911): Adding account type = com.android.contacts.model.account.ExchangeAccountType@43041490 in the cache

I/SimFactoryManager( 4911): Get SIM state from SIM factory manager: 7,For slotId:1

I/ECS     (16732): main{1} e.a() all = DEBUG

I/ECS     (16732): main{1} a.a() 

I/ECS     (16732): ============================================================================

I/ECS     (16732): ====                     version 3.4.71-00[20131118]                    ====

I/ECS     (16732): ====       MIP(Mobile Interface Protocol) with MTK(Mini Tool Kit)       ====

I/ECS     (16732): ====        Copyright (c) 2011-2013 Huawei Technologies Co., Ltd.       ====

I/ECS     (16732): ============================================================================

I/ECS     (16732): logger{789} b.run() thread begin

I/AccountTypeManager( 4911): Adding account type = com.android.contacts.model.account.ExternalAccountType@4343b710 in the cache

I/SimFactoryManager( 4911): Get SIM state from SIM factory manager: 5,For slotId:0

I/AccountTypeManager( 4911): Adding account type = com.android.contacts.hap.sim.advanced.AdvancedSimAccountType@42f31a98 in the cache

I/AccountTypeManager( 4911): Adding account type = com.android.contacts.model.account.ExternalAccountType@43319468 in the cache

I/provider->DbProvider(16732): provider->DbProvider:onCreate()

I/AccountTypeManager( 4911): Loaded meta-data for 5 account types, 4 accounts in 126ms(wall) 42ms(cpu)

I/DbHelper(16732): DbHelper:delete()

E/cutils  ( 2406): Failed to mkdirat(/storage/sdcard1/Android): Read-only file system

W/ContextImpl(16732): Failed to ensure directory: /storage/sdcard1/Android/data/com.huawei.gamebox/files

I/HwLauncher( 3332): Launcher packageDeleted packageName = air.com.zzf.brush returnCode = 1

E/cutils  ( 2406): Failed to mkdirat(/storage/sdcard1/Android): Read-only file system

W/ContextImpl(16732): Failed to ensure directory: /storage/sdcard1/Android/data/com.huawei.gamebox/files

E/SerializedObject(16732): read failed:/storage/emulated/0/Android/data/com.huawei.gamebox/files/Data/.AppCheckInfo

I/ECS     (16756): logger{792} b.run() thread begin

I/ECS     (16756): main{1} e.a() all = DEBUG

I/ECS     (16756): main{1} a.a() 

I/ECS     (16756): ============================================================================

I/ECS     (16756): ====                     version 3.4.71-00[20131118]                    ====

I/ECS     (16756): ====       MIP(Mobile Interface Protocol) with MTK(Mini Tool Kit)       ====

I/ECS     (16756): ====        Copyright (c) 2011-2013 Huawei Technologies Co., Ltd.       ====

I/ECS     (16756): ============================================================================

I/provider->DbProvider(16756): provider->DbProvider:onCreate()

I/DbHelper(16756): DbHelper:delete()

E/cutils  ( 2406): Failed to mkdirat(/storage/sdcard1/Android): Read-only file system

W/ContextImpl(16756): Failed to ensure directory: /storage/sdcard1/Android/data/com.huawei.appmarket/files

E/cutils  ( 2406): Failed to mkdirat(/storage/sdcard1/Android): Read-only file system

W/ContextImpl(16756): Failed to ensure directory: /storage/sdcard1/Android/data/com.huawei.appmarket/files

I/MultiDex(16779): install

I/HwLauncher( 3332): UnreadContentObserver onChange()

I/HwLauncher( 3332): UnreadContentObserver onChange()

I/MultiDex(16779): MultiDexExtractor.load(/system/priv-app/GmsCore.apk, false)

I/MultiDex(16779): loading existing secondary dex files

I/MultiDex(16779): load found 1 secondary dex files

I/MultiDex(16779): install done

I/ProviderInstaller(16779): Insert disabled by gate 'gms:security:enable_conscrypt_in_gms_application'

I/GoogleHttpClient(16779): Falling back to old SSLCertificateSocketFactory

I/PushLogAC2543( 3283): [main-1]action is android.intent.action.PACKAGE_REMOVED(pushagent/null:-1)

I/HwSystemManager( 3488): NotificationManagerReceiver:onReceive action = android.intent.action.PACKAGE_REMOVED

I/PushLogAC2543( 3283): [Thread-58-58]framework push exist, use framework push first(pushagent/null:-1)

I/dalvikvm( 3488): Jit: resizing JitTable from 4096 to 8192

I/HwSystemManager( 3488): HsmIntentService:destroyed. this:com.huawei.systemmanager.util.content.HsmIntentService_bg@4348cbd8

I/HwLauncher( 3332): NewHispaceUpdateObserver  newHispaceCount: 0 

W/HwLauncher( 3332): UnreadContentObserver newUnreadCount:0,oldUnreadCount:0

I/HwSystemManager( 3488): MainService:on startCommand,flags:0,startId:11

I/HwSystemManager( 3488): LocalService:Received start id 8: Intent { cmp=com.huawei.systemmanager/com.huawei.permission.HoldService }

I/HwSystemManager( 3488): BgPowerManagerService:onStartCommand

I/HwSystemManager(16826): HsmStat_info:feature enable:true

I/PeopleContactsSync(16779): CP2 sync disabled

I/HwSystemManager(16826): ProcPolicy:this proc is:com.huawei.systemmanager

I/HwSystemManager(16826): BootStartManager:In ConsistancyCheckerTask

I/HwSystemManager(16826): check push opration, match idx:-1

I/YhdsEngine(16826): [EngineIntentService] Received: com.huawei.dianxinos.optimizer.engine.action.APP_START

I/Icing   (16779): Storage manager: low false usage 65.46KB avail 6.39GB capacity 9.74GB

I/HwSystemManager(16826): OptimizeReceiver:OptimizeReceiver received action:android.intent.action.PACKAGE_REMOVED

I/HwSystemManager(16826): DBHelper: DBHelper Create Database!  : SQLiteDatabase: /data/data/com.huawei.systemmanager/databases/permission.db

I/YhdsEngine(16826): [AlarmEventMgr] event scheduled: com.dianxinos.optimizer.action.ALARM_EVENT_THUMBNAIL_CLEAN

I/YhdsEngine(16826): [AlarmEventMgr] event scheduled: com.dianxinos.optimizer.action.ALARM_EVENT_ANTISPAM_PROFILES_UPDATE

I/YhdsEngine(16826): [AlarmEventMgr] event scheduled: com.dianxinos.optimizer.action.ALARM_EVENT_ANTISPAM_KEYWORDS_UPDATE

I/YhdsEngine(16826): [AlarmEventMgr] event scheduled: com.dianxinos.optimizer.action.ALARM_EVENT_ANTISPAM_PHONELABEL_UPDATE

W/GooglePlayServicesUtil(16779): Google Play Store is missing.

E/Icing   (16779): Logging connection failed

W/GooglePlayServicesUtil(16779): Google Play Store is missing.

W/Icing   (16779): Error while loading LangUtil; unable to load Cld2DetectLanguage: undefined symbol: IcingExtCld2DetectLanguage

I/Icing   (16779): updateResources: need to parse gfv{com.google.android.gms}

I/HwSystemManager(16826): HsmPackageManager:init locale:zh_CN

I/HwSystemManager(16826): HsmPackageManager:get all installed packages, flag:8192, size:163

E/HwSystemManager(16826): PermissionDBAdapter:appcationsList size:163

I/HwSystemManager(16826): PowerGenieDbHelper:delete protect app:air.com.zzf.brush

I/HwSystemManager( 3488): OptimizeProvider:startup allow delete is executed for Uri:content://com.huawei.android.batteryspriteprovider/startupallowapps

W/SQLiteConnectionPool(16779): A SQLiteConnection object for database '/data/data/com.google.android.gms/databases/metrics.db' was leaked!  Please fix your application to end transactions in progress properly and to close the database when it is no longer needed.

I/HwSystemManager(16826): ComBroadcastReceiver:ComBroadcastReceiver action = android.intent.action.PACKAGE_REMOVED

W/SQLiteConnectionPool(16779): A SQLiteConnection object for database '/data/data/com.google.android.gms/databases/help_responses.db' was leaked!  Please fix your application to end transactions in progress properly and to close the database when it is no longer needed.

W/SQLiteConnectionPool(16779): A SQLiteConnection object for database '/data/data/com.google.android.gms/databases/history_query.db' was leaked!  Please fix your application to end transactions in progress properly and to close the database when it is no longer needed.

E/HwSystemManager( 3488): AppCleanUpService:msg is 1

I/Icing   (16779): Internal init done: storage state 0

I/HwSystemManager(16826): netAppDBHelper: DBHelper Create Database!  : SQLiteDatabase: /data/data/com.huawei.systemmanager/databases/net_permission.db

I/Icing   (16779): Post-init done

I/Icing   (16779): doRemovePackageData air.com.zzf.brush

I/HwSystemManager(16826): SavingSettingUtil:setAlarm and high_level_standard is 10 msg_send_interval is 240 count_frequency is 60 dangerous_level_standard is 25 dangerous_current_level is 30 min_interval_time is 3 average_current_fg is 350 count_frequency_fg is 5 app_show_level is 1

I/YhdsEngine(16826): [EngineIntentService] Received: com.dianxinos.optimizer.engine.action.PKG_CHANGE

I/HwSystemManager(16826): DX-Optimizer:[PackageChangeReceiver] Received: android.intent.action.PACKAGE_REMOVED, data: package:air.com.zzf.brush, replacing: false

I/HwSystemManager(16826): DX-Optimizer:[CommonIntentService] Received: com.dianxinos.optimizer.action.PKG_CHANGE

I/TrashManager(16826): EngineManager not initialed, please EngineManager#init()

I/MultiDex(16872): install

I/MultiDex(16872): MultiDexExtractor.load(/system/priv-app/GmsCore.apk, false)

I/MultiDex(16872): loading existing secondary dex files

I/MultiDex(16872): load found 1 secondary dex files

I/MultiDex(16872): install done

I/ProviderInstaller(16872): Insert disabled by gate 'gms:security:enable_conscrypt_in_gms_application'

I/HwSystemManager(16826): BootStartManager:batchAddOperation !

I/HwSystemManager(16826): BootStartManager:batchDeleteOperation !

I/HwSystemManager(16826): BootStartManager:batchDeleteOperation !

I/HwSystemManager(16826): BootStartManager:batchDeleteOperation !

E/JavaBinder( 2929): !!! FAILED BINDER TRANSACTION !!!

I/MultiDex(16924): VM with version 1.6.0 does not have multidex support

I/MultiDex(16924): install

I/MultiDex(16924): MultiDexExtractor.load(/data/app/com.sina.weibo-2.apk, false)

I/MultiDex(16924): loading existing secondary dex files

I/MultiDex(16924): load found 1 secondary dex files

I/MultiDex(16924): install done

I/System.out(16924): 1570

I/HwSystemManager(16826): HsmPackageManager:get all installed packages, flag:8192, size:163

E/HwSystemManager(16826): PermissionDBAdapter:appcationsList size:163

I/HwSystemManager(16826): HsmIntentService:destroyed. this:com.huawei.systemmanager.util.content.HsmIntentService_ui@42dbe328

I/HwSystemManager( 3488): HoldService:preHoldShow start!

I/HwSystemManager( 3488): HoldService:The prePermissionType is: 1

I/HwSystemManager( 3488): HoldService:preHoldShow start!

I/HwSystemManager( 3488): HoldService:The prePermissionType is: 1

I/System.out(16924): 1570

I/System.out(16924): 1570

I/System.out(16924): 1570

I/System.out(16924): 1570

I/System.out(16924): 1570

I/System.out(16924): 1570

W/ContextImpl(16924): Implicit intents with startService are not safe: Intent { act=sina.push.action.service.null (has extras) } android.content.ContextWrapper.startService:494 com.sina.push.PushManager.sendCommand:264 com.sina.push.PushManager.setPushLoggable:157 

I/RegistrationReceiver(12529): start for ACTION_PACKAGE_REMOVED，replacing：false ,packageName: air.com.zzf.brush

I/RegistrationReceiver(12529): replacing or not registered push client : air.com.zzf.brush

I/Utility (12529): --- isDisableService : false

I/PushService(12529): onDestroy

E/StoreApplication(16964): Unknow ProcName:com.huawei.gamebox:pushservice

E/StoreApplication(16964): Unknow ProcName:com.huawei.gamebox:pushservice

I/PushLogSC2543(16964): [main-1]action is android.intent.action.PACKAGE_REMOVED(gamebox/null:-1)

E/mutiCardFactory(16964): [Thread-817-817]FeatureOption.MTK_GEMINI_SUPPORTjava.lang.ClassNotFoundException: com.mediatek.common.featureoption.FeatureOption(gamebox/null:-1)

I/mutiCardFactory(16964): [Thread-817-817]isMtkGeminiSupport false(gamebox/null:-1)

I/mutiCardFactory(16964): [Thread-817-817]isHwGeminiSupport1 true(gamebox/null:-1)

W/System.err( 2929): java.lang.SecurityException: WifiService: Neither user 10038 nor current process has android.permission.CHANGE_WIFI_STATE.

W/System.err( 2929): 	at android.app.ContextImpl.enforce(ContextImpl.java:1775)

W/System.err( 2929): 	at android.app.ContextImpl.enforceCallingOrSelfPermission(ContextImpl.java:1804)

W/System.err( 2929): 	at com.android.server.wifi.WifiService.enforceChangePermission(WifiService.java:639)

W/System.err( 2929): 	at com.android.server.wifi.WifiService.getWifiServiceMessenger(WifiService.java:1288)

W/System.err( 2929): 	at android.net.wifi.IWifiManager$Stub.onTransact(IWifiManager.java:423)

W/System.err( 2929): 	at huawei.com.android.server.wifi.HwWifiService.onTransact(HwWifiService.java:58)

W/System.err( 2929): 	at android.os.Binder.execTransact(Binder.java:404)

W/System.err( 2929): 	at dalvik.system.NativeStart.run(Native Method)

I/PushLogSC2543(16964): [Thread-817-817]framework push exist, use framework push first(gamebox/null:-1)

I/PushLogSC2539(16981): [main-1]action is android.intent.action.PACKAGE_REMOVED(ds/null:-1)

E/mutiCardFactory(16981): [Thread-822-822]FeatureOption.MTK_GEMINI_SUPPORTjava.lang.ClassNotFoundException: com.mediatek.common.featureoption.FeatureOption(ds/null:-1)

I/mutiCardFactory(16981): [Thread-822-822]isMtkGeminiSupport false(ds/null:-1)

I/mutiCardFactory(16981): [Thread-822-822]isHwGeminiSupport1 true(ds/null:-1)

I/dalvikvm(17000): Enabling JNI app bug workarounds for target SDK version 8...

I/PushLogSC2539(16981): [Thread-822-822]framework push exist, use framework push first(ds/null:-1)

I/MapStatic(17000): init class

I/MapStatic(17000): class loaded

I/wpa_supplicant( 3570): wlan0: HEART-BEAT-ACK: 229

I/System.out(17000): time used @LocationInstrument init Cost:13.614792 ms

I/HwSystemManager( 3488): HoldService:preHoldShow start!

I/HwSystemManager( 3488): HoldService:The prePermissionType is: 1

I/HwSystemManager(16826): PermissionDBAdapter:preInstalledAppsPermissionEmendation no need emendation!

I/HwSystemManager(16826): PermissionDBAdapter:checkDBErrorBecauseofHOTA packageNameDBList size 42

I/HwSystemManager(16826): PermissionDBAdapter:checkDBErrorBecauseofHOTA nameList is0

I/HwSystemManager(16826): PermissionDBAdapter:preInstalledAppsPermissionEmendation no need emendation!

I/HwSystemManager(16826): PermissionDBAdapter:checkDBErrorBecauseofHOTA packageNameDBList size 42

I/HwSystemManager(16826): PermissionDBAdapter:checkDBErrorBecauseofHOTA nameList is0

I/HwSystemManager( 3488): HoldService:preHoldShow start!

I/HwSystemManager( 3488): HoldService:The prePermissionType is: 1

I/HwSystemManager( 3488): HoldService:preHoldShow start!

I/HwSystemManager( 3488): HoldService:The prePermissionType is: 1

I/HwSystemManager(16826): HsmStat_info:service connect

I/HwSystemManager( 3488): HoldService:preHoldShow start!

I/HwSystemManager( 3488): HoldService:The prePermissionType is: 1

I/FileUtil(17039): [main-1]Can not find the file config.properities(hwid/FileUtil.java:481)

E/FansLog (17039): ConfigHelper.init: ConfigHelperFail to load config because of an io exception: java.io.FileNotFoundException: config.properties

I/CommonApplication(17067): CommonApplication.onCreate

I/PushLogSC2545(17067): [main-1]action is android.intent.action.PACKAGE_REMOVED(remoteassistant/null:-1)

I/dalvikvm-heap(17000): Grow heap (frag case) to 16.133MB for 522256-byte allocation

E/mutiCardFactory(17067): [Thread-829-829]FeatureOption.MTK_GEMINI_SUPPORTjava.lang.ClassNotFoundException: com.mediatek.common.featureoption.FeatureOption(remoteassistant/null:-1)

I/mutiCardFactory(17067): [Thread-829-829]isMtkGeminiSupport false(remoteassistant/null:-1)

I/mutiCardFactory(17067): [Thread-829-829]isHwGeminiSupport1 true(remoteassistant/null:-1)

I/PushLogSC2545(17067): [Thread-829-829]framework push exist, use framework push first(remoteassistant/null:-1)

E/StoreApplication(17085): Unknow ProcName:com.huawei.appmarket:pushservice

E/StoreApplication(17085): Unknow ProcName:com.huawei.appmarket:pushservice

I/PushLogSC2543(17085): [main-1]action is android.intent.action.PACKAGE_REMOVED(appmarket/null:-1)

I/HwSystemManager( 3488): HoldService:preHoldShow start!

I/HwSystemManager( 3488): HoldService:The prePermissionType is: 1

E/mutiCardFactory(17085): [Thread-832-832]FeatureOption.MTK_GEMINI_SUPPORTjava.lang.ClassNotFoundException: com.mediatek.common.featureoption.FeatureOption(appmarket/null:-1)

I/mutiCardFactory(17085): [Thread-832-832]isMtkGeminiSupport false(appmarket/null:-1)

I/mutiCardFactory(17085): [Thread-832-832]isHwGeminiSupport1 true(appmarket/null:-1)

W/System.err( 2929): java.lang.SecurityException: WifiService: Neither user 10008 nor current process has android.permission.CHANGE_WIFI_STATE.

W/System.err( 2929): 	at android.app.ContextImpl.enforce(ContextImpl.java:1775)

W/System.err( 2929): 	at android.app.ContextImpl.enforceCallingOrSelfPermission(ContextImpl.java:1804)

W/System.err( 2929): 	at com.android.server.wifi.WifiService.enforceChangePermission(WifiService.java:639)

W/System.err( 2929): 	at com.android.server.wifi.WifiService.getWifiServiceMessenger(WifiService.java:1288)

W/System.err( 2929): 	at android.net.wifi.IWifiManager$Stub.onTransact(IWifiManager.java:423)

W/System.err( 2929): 	at huawei.com.android.server.wifi.HwWifiService.onTransact(HwWifiService.java:58)

W/System.err( 2929): 	at android.os.Binder.execTransact(Binder.java:404)

W/System.err( 2929): 	at dalvik.system.NativeStart.run(Native Method)

I/PushLogSC2543(17085): [Thread-832-832]framework push exist, use framework push first(appmarket/null:-1)

W/System.err(17000): java.lang.ClassNotFoundException: com.taobao.statistic.TBS$Ext

W/System.err(17000): 	at java.lang.Class.classForName(Native Method)

W/System.err(17000): 	at java.lang.Class.forName(Class.java:251)

W/System.err(17000): 	at java.lang.Class.forName(Class.java:216)

W/System.err(17000): 	at com.taobao.securityjni.usertrack.TBSecurityUsertrackProxy.UserTrackUpload(Unknown Source)

W/System.err(17000): 	at com.taobao.securityjni.impl.CImplStaticData.getAppKeyByte(Native Method)

W/System.err(17000): 	at com.taobao.securityjni.impl.CImplStaticData.getAppKey(Unknown Source)

W/System.err(17000): 	at com.taobao.securityjni.StaticDataStore.getAppKey(Unknown Source)

W/System.err(17000): 	at com.taobao.securityjni.StaticDataStore.getAppKey(Unknown Source)

W/System.err(17000): 	at java.lang.reflect.Method.invokeNative(Native Method)

W/System.err(17000): 	at java.lang.reflect.Method.invoke(Method.java:515)

W/System.err(17000): 	at com.taobao.dp.a.c.a(Unknown Source)

W/System.err(17000): 	at com.taobao.dp.client.a.init(Unknown Source)

W/System.err(17000): 	at com.taobao.dp.DeviceSecuritySDK.init(Unknown Source)

W/System.err(17000): 	at com.taobao.dp.client.a.init(Unknown Source)

W/System.err(17000): 	at com.taobao.dp.DeviceSecuritySDK.init(Unknown Source)

W/System.err(17000): 	at com.autonavi.minimap.Activator$1.run(Activator.java:196)

W/System.err(17000): 	at java.lang.Thread.run(Thread.java:841)

W/System.err(17000): Caused by: java.lang.NoClassDefFoundError: com/taobao/statistic/TBS$Ext

W/System.err(17000): 	... 17 more

W/System.err(17000): Caused by: java.lang.ClassNotFoundException: Didn't find class "com.taobao.statistic.TBS$Ext" on path: DexPathList[[zip file "/data/app/com.autonavi.minimap-2.apk"],nativeLibraryDirectories=[/data/app-lib/com.autonavi.minimap-2, /vendor/lib, /system/lib, /data/datalib]]

W/System.err(17000): 	at dalvik.system.BaseDexClassLoader.findClass(BaseDexClassLoader.java:56)

W/System.err(17000): 	at java.lang.ClassLoader.loadClass(ClassLoader.java:497)

W/System.err(17000): 	at java.lang.ClassLoader.loadClass(ClassLoader.java:457)

W/System.err(17000): 	... 17 more

I/HwSystemManager( 3488): HoldService:preHoldShow start!

I/HwSystemManager( 3488): HoldService:The prePermissionType is: 1

I/HwSystemManager( 3488): HoldService:preHoldShow start!

I/HwSystemManager( 3488): HoldService:The prePermissionType is: 1

W/System.err( 2929): java.lang.SecurityException: Need BLUETOOTH permission: Neither user 10098 nor current process has android.permission.BLUETOOTH.

W/System.err( 2929): 	at android.app.ContextImpl.enforce(ContextImpl.java:1775)

W/System.err( 2929): 	at android.app.ContextImpl.enforceCallingOrSelfPermission(ContextImpl.java:1804)

W/System.err( 2929): 	at com.android.server.BluetoothManagerService.getAddress(BluetoothManagerService.java:627)

W/System.err( 2929): 	at android.bluetooth.IBluetoothManager$Stub.onTransact(IBluetoothManager.java:156)

W/System.err( 2929): 	at android.os.Binder.execTransact(Binder.java:404)

W/System.err( 2929): 	at dalvik.system.NativeStart.run(Native Method)

I/HwSystemManager( 3488): HoldService:preHoldShow start!

I/HwSystemManager( 3488): HoldService:The prePermissionType is: 1

I/HwSystemManager( 3488): HoldService:preHoldShow start!

I/HwSystemManager( 3488): HoldService:The prePermissionType is: 1

I/HwSystemManager( 3488): HoldService:preHoldShow start!

I/HwSystemManager( 3488): HoldService:The prePermissionType is: 1

I/HwSystemManager( 3488): HoldService:preHoldShow start!

I/HwSystemManager( 3488): HoldService:The prePermissionType is: 1

W/System.err( 2929): java.lang.SecurityException: Need BLUETOOTH permission: Neither user 10098 nor current process has android.permission.BLUETOOTH.

W/System.err( 2929): 	at android.app.ContextImpl.enforce(ContextImpl.java:1775)

W/System.err( 2929): 	at android.app.ContextImpl.enforceCallingOrSelfPermission(ContextImpl.java:1804)

W/System.err( 2929): 	at com.android.server.BluetoothManagerService.getAddress(BluetoothManagerService.java:627)

W/System.err( 2929): 	at android.bluetooth.IBluetoothManager$Stub.onTransact(IBluetoothManager.java:156)

W/System.err( 2929): 	at android.os.Binder.execTransact(Binder.java:404)

W/System.err( 2929): 	at dalvik.system.NativeStart.run(Native Method)

I/HwSystemManager( 3488): HoldService:preHoldShow start!

I/HwSystemManager( 3488): HoldService:The prePermissionType is: 1

I/HwSystemManager( 3488): HoldService:preHoldShow start!

I/HwSystemManager( 3488): HoldService:The prePermissionType is: 1

I/ApplicationsProvider(10699): System.gc()

E/Thermal-daemon( 2421): [ap] temp_new :31  temp_old :30

I/CloudGallaryService( 4816): [CGCommonStatusReceiver[v1.1.8]]: CGCommonStatusReceiver,action-->android.intent.action.BATTERY_CHANGED

I/CloudGallaryService( 4816): [ReceiverManager[v1.1.8]]: ReceiverManager,action-->android.intent.action.BATTERY_CHANGED

I/CloudGallaryService( 4816): [IProcessor[v1.1.8]]: state is not change ，not call service!

E/Thermal-daemon( 2421): [pa_0] temp_new :29  temp_old :28

E/Thermal-daemon( 2421): [flash_led] temp_new :28  temp_old :27

E/Thermal-daemon( 2421): [ap] temp_new :30  temp_old :31

I/wpa_supplicant( 3570): wlan0: HEART-BEAT-ACK: 230

E/CommandListener( 2408): readDefRoute call readDefRoute

E/SecondaryTablController( 2408): isWifiDefaultRouteExisted /system/bin/ip route

E/CommandListener( 2408): readDefRoute Rsp ok

I/CloudGallaryService( 4816): [CGCommonStatusReceiver[v1.1.8]]: CGCommonStatusReceiver,action-->android.intent.action.BATTERY_CHANGED

I/CloudGallaryService( 4816): [ReceiverManager[v1.1.8]]: ReceiverManager,action-->android.intent.action.BATTERY_CHANGED

I/CloudGallaryService( 4816): [IProcessor[v1.1.8]]: state is not change ，not call service!

E/Thermal-daemon( 2421): [pa_0] temp_new :28  temp_old :29

E/Thermal-daemon( 2421): [ap] temp_new :29  temp_old :30

E/Thermal-daemon( 2421): [flash_led] temp_new :27  temp_old :28

I/wpa_supplicant( 3570): wlan0: HEART-BEAT-ACK: 231

I/wpa_supplicant( 3570): wlan0: HEART-BEAT-ACK: 232

E/CommandListener( 2408): readDefRoute call readDefRoute

E/SecondaryTablController( 2408): isWifiDefaultRouteExisted /system/bin/ip route

E/CommandListener( 2408): readDefRoute Rsp ok

I/CloudGallaryService( 4816): [CGCommonStatusReceiver[v1.1.8]]: CGCommonStatusReceiver,action-->android.intent.action.BATTERY_CHANGED

I/CloudGallaryService( 4816): [ReceiverManager[v1.1.8]]: ReceiverManager,action-->android.intent.action.BATTERY_CHANGED

I/CloudGallaryService( 4816): [IProcessor[v1.1.8]]: state is not change ，not call service!

I/logserver( 2423): Recvfrom netlink message failed, errno = 22

I/HwLauncher( 3332): ClockDynamicUpdater date changed!!!!!!

I/HwLauncher( 3332): DynamicIconData , getDrawableForDynamic begin, pkg = com.android.deskclock, picName = deskclock_bg

I/HwLauncher( 3332): DynamicIconData , getDrawableForDynamic end, pkg = com.android.deskclock, picName = deskclock_bg

I/HwLauncher( 3332): DynamicIconData , getDrawableForDynamic begin, pkg = com.android.deskclock, picName = deskclock_bg

I/HwLauncher( 3332): DynamicIconData , getDrawableForDynamic end, pkg = com.android.deskclock, picName = deskclock_bg

I/HwLauncher( 3332): Launcher.Utilities createIconBitmap sourceWidth = 120sourceHeight = 120

I/HwLauncher( 3332): ClockDynamicUpdater calender update folder at CalenderDynamicUpdater

I/HwLauncher( 3332): DynamicUpdater call updateFolder

I/HwLauncher( 3332): ClockDynamicUpdater Calender update and call updateFolder

I/HwLauncher( 3332): CalenderDynamicUpdater date changed!!!!!!

I/HwLauncher( 3332): CalenderDynamicUpdater Calender update and call updateFolder

I/CalendarProvider2(17396): Sending notification intent: Intent { act=android.intent.action.PROVIDER_CHANGED dat=content://com.android.calendar }

W/ContentResolver(17396): Failed to get type for: content://com.android.calendar (Unknown URL content://com.android.calendar)

I/CalendarSimpleUiPRovider( 5279): onReceive[intent]Intent { act=android.intent.action.PROVIDER_CHANGED dat=content://com.android.calendar flg=0x10 cmp=com.android.calendar/.simpleui.CalendarSimpleUiPRovider }

I/CalendarSimpleUiPRovider( 5279): onConfigurationChanged

I/CalendarSimpleUiPRovider( 5279): initParams20150123T112601Asia/Shanghai(5,22,28800,0,1421983561)

I/CalendarSimpleUiPRovider( 5279): loadEvent end update UI0

W/ResponseProcessCookies(12529): Invalid cookie header: "Set-Cookie: BAIDUID=C9F5F90DA7D323F47677BAE8FA163B8D:FG=1; max-age=31536000; expires=Sat, 23-Jan-16 03:26:04 GMT; domain=.baidu.com; path=/; version=1". Unable to parse expires attribute: Sat

W/ResponseProcessCookies(12529): Invalid cookie header: "Set-Cookie: BAIDUID=C9F5F90DA7D323F43CCC8FD7C0F1D6B2:FG=1; expires=Sat, 23-Jan-16 03:26:04 GMT; max-age=31536000; path=/; domain=.baidu.com; version=1". Unable to parse expires attribute: Sat

W/ResponseProcessCookies(12529): Invalid cookie header: "Set-Cookie: BAIDUID=5FF7BD6EEFCE1079B72538E6E88B9624:FG=1; expires=Sat, 23-Jan-16 03:26:04 GMT; max-age=31536000; path=/; domain=.baidu.com; version=1". Unable to parse expires attribute: Sat

E/HwLauncher( 3332): Launcher dialog dismiss failed : java.lang.IllegalArgumentException: no dialog with id 1 was ever shown via Activity#showDialog

I/PhoneStatusBar( 3044): hw_status_bar_operators = true, setSystemUIVisibily(SHOW_OPERATOR = false)

I/PhoneStatusBar( 3044): hw_status_bar_operators = true, setSystemUIVisibily(SHOW_OPERATOR = false)

W/ResponseProcessCookies(12529): Invalid cookie header: "Set-Cookie: BAIDUID=C9F5F90DA7D323F4B234211ED31EA617:FG=1; max-age=31536000; expires=Sat, 23-Jan-16 03:26:04 GMT; domain=.baidu.com; path=/; version=1". Unable to parse expires attribute: Sat

W/ResponseProcessCookies(12529): Invalid cookie header: "Set-Cookie: BAIDUID=C9F5F90DA7D323F4E4BAB2083DEFA535:FG=1; expires=Sat, 23-Jan-16 03:26:04 GMT; max-age=31536000; path=/; domain=.baidu.com; version=1". Unable to parse expires attribute: Sat

W/ResponseProcessCookies(12529): Invalid cookie header: "Set-Cookie: BAIDUID=3C7BE261ACF6C6B5464413C2AD3AB394:FG=1; expires=Sat, 23-Jan-16 03:26:04 GMT; max-age=31536000; path=/; domain=.baidu.com; version=1". Unable to parse expires attribute: Sat

I/dalvikvm( 3044): Jit: resizing JitTable from 4096 to 8192

I/wpa_supplicant( 3570): wlan0: HEART-BEAT-ACK: 233

I/CloudGallaryService( 4816): [CGCommonStatusReceiver[v1.1.8]]: CGCommonStatusReceiver,action-->android.intent.action.BATTERY_CHANGED

I/CloudGallaryService( 4816): [ReceiverManager[v1.1.8]]: ReceiverManager,action-->android.intent.action.BATTERY_CHANGED

I/CloudGallaryService( 4816): [IProcessor[v1.1.8]]: state is not change ，not call service!

I/wpa_supplicant( 3570): wlan0: HEART-BEAT-ACK: 234

E/CommandListener( 2408): readDefRoute call readDefRoute

E/SecondaryTablController( 2408): isWifiDefaultRouteExisted /system/bin/ip route

E/CommandListener( 2408): readDefRoute Rsp ok

I/CloudGallaryService( 4816): [CGCommonStatusReceiver[v1.1.8]]: CGCommonStatusReceiver,action-->android.intent.action.BATTERY_CHANGED

